  Determining projects to restore...
  All projects are up-to-date for restore.
C:\Program Files\dotnet\sdk\11.0.100-preview.1.26104.118\Sdks\Microsoft.NET.Sdk\targets\Microsoft.NET.RuntimeIdentifierInference.targets(383,5): message NETSDK1057: You are using a preview version of .NET. See: https://aka.ms/dotnet-support-policy [D:\github\qf-apps\src\Infrastructure\QuestFlag.Infrastructure.Services\QuestFlag.Infrastructure.Services.csproj]
C:\Program Files\dotnet\sdk\11.0.100-preview.1.26104.118\Sdks\Microsoft.NET.Sdk\targets\Microsoft.NET.RuntimeIdentifierInference.targets(383,5): message NETSDK1057: You are using a preview version of .NET. See: https://aka.ms/dotnet-support-policy [D:\github\qf-apps\src\Infrastructure\QuestFlag.Infrastructure.Core\QuestFlag.Infrastructure.Core.csproj]
C:\Program Files\dotnet\sdk\11.0.100-preview.1.26104.118\Sdks\Microsoft.NET.Sdk\targets\Microsoft.NET.RuntimeIdentifierInference.targets(383,5): message NETSDK1057: You are using a preview version of .NET. See: https://aka.ms/dotnet-support-policy [D:\github\qf-apps\src\Deployment\QuestFlag.ServiceDefaults\QuestFlag.ServiceDefaults.csproj]
C:\Program Files\dotnet\sdk\11.0.100-preview.1.26104.118\Sdks\Microsoft.NET.Sdk\targets\Microsoft.NET.RuntimeIdentifierInference.targets(383,5): message NETSDK1057: You are using a preview version of .NET. See: https://aka.ms/dotnet-support-policy [D:\github\qf-apps\src\Infrastructure\QuestFlag.Infrastructure.Application\QuestFlag.Infrastructure.Application.csproj]
C:\Program Files\dotnet\sdk\11.0.100-preview.1.26104.118\Sdks\Microsoft.NET.Sdk\targets\Microsoft.NET.RuntimeIdentifierInference.targets(383,5): message NETSDK1057: You are using a preview version of .NET. See: https://aka.ms/dotnet-support-policy [D:\github\qf-apps\src\Infrastructure\QuestFlag.Infrastructure.ApiCore\QuestFlag.Infrastructure.ApiCore.csproj]
  QuestFlag.Infrastructure.Domain -> D:\github\qf-apps\src\Infrastructure\QuestFlag.Infrastructure.Domain\bin\Debug\net10.0\QuestFlag.Infrastructure.Domain.dll
  QuestFlag.ServiceDefaults -> D:\github\qf-apps\src\Deployment\QuestFlag.ServiceDefaults\bin\Debug\net10.0\QuestFlag.ServiceDefaults.dll
  QuestFlag.Infrastructure.Application -> D:\github\qf-apps\src\Infrastructure\QuestFlag.Infrastructure.Application\bin\Debug\net10.0\QuestFlag.Infrastructure.Application.dll
  QuestFlag.Infrastructure.ApiCore -> D:\github\qf-apps\src\Infrastructure\QuestFlag.Infrastructure.ApiCore\bin\Debug\net10.0\QuestFlag.Infrastructure.ApiCore.dll
  QuestFlag.Infrastructure.Core -> D:\github\qf-apps\src\Infrastructure\QuestFlag.Infrastructure.Core\bin\Debug\net10.0\QuestFlag.Infrastructure.Core.dll
C:\Program Files\dotnet\sdk\11.0.100-preview.1.26104.118\Microsoft.Common.CurrentVersion.targets(5094,5): warning MSB3026: Could not copy "D:\github\qf-apps\src\Infrastructure\QuestFlag.Infrastructure.ApiCore\bin\Debug\net10.0\QuestFlag.Infrastructure.ApiCore.dll" to "bin\Debug\net10.0\QuestFlag.Infrastructure.ApiCore.dll". Beginning retry 1 in 1000ms. The process cannot access the file 'D:\github\qf-apps\src\Infrastructure\QuestFlag.Infrastructure.Services\bin\Debug\net10.0\QuestFlag.Infrastructure.ApiCore.dll' because it is being used by another process. The file is locked by: "QuestFlag.Infrastructure.Services (27848)" [D:\github\qf-apps\src\Infrastructure\QuestFlag.Infrastructure.Services\QuestFlag.Infrastructure.Services.csproj]
C:\Program Files\dotnet\sdk\11.0.100-preview.1.26104.118\Microsoft.Common.CurrentVersion.targets(5094,5): warning MSB3026: Could not copy "D:\github\qf-apps\src\Infrastructure\QuestFlag.Infrastructure.Domain\bin\Debug\net10.0\QuestFlag.Infrastructure.Domain.dll" to "bin\Debug\net10.0\QuestFlag.Infrastructure.Domain.dll". Beginning retry 1 in 1000ms. The process cannot access the file 'D:\github\qf-apps\src\Infrastructure\QuestFlag.Infrastructure.Services\bin\Debug\net10.0\QuestFlag.Infrastructure.Domain.dll' because it is being used by another process. The file is locked by: "QuestFlag.Infrastructure.Services (27848)" [D:\github\qf-apps\src\Infrastructure\QuestFlag.Infrastructure.Services\QuestFlag.Infrastructure.Services.csproj]
C:\Program Files\dotnet\sdk\11.0.100-preview.1.26104.118\Microsoft.Common.CurrentVersion.targets(5094,5): warning MSB3026: Could not copy "D:\github\qf-apps\src\Infrastructure\QuestFlag.Infrastructure.Application\bin\Debug\net10.0\QuestFlag.Infrastructure.Application.dll" to "bin\Debug\net10.0\QuestFlag.Infrastructure.Application.dll". Beginning retry 1 in 1000ms. The process cannot access the file 'D:\github\qf-apps\src\Infrastructure\QuestFlag.Infrastructure.Services\bin\Debug\net10.0\QuestFlag.Infrastructure.Application.dll' because it is being used by another process. The file is locked by: "QuestFlag.Infrastructure.Services (27848)" [D:\github\qf-apps\src\Infrastructure\QuestFlag.Infrastructure.Services\QuestFlag.Infrastructure.Services.csproj]
C:\Program Files\dotnet\sdk\11.0.100-preview.1.26104.118\Microsoft.Common.CurrentVersion.targets(5094,5): warning MSB3026: Could not copy "D:\github\qf-apps\src\Deployment\QuestFlag.ServiceDefaults\bin\Debug\net10.0\QuestFlag.ServiceDefaults.dll" to "bin\Debug\net10.0\QuestFlag.ServiceDefaults.dll". Beginning retry 1 in 1000ms. The process cannot access the file 'D:\github\qf-apps\src\Infrastructure\QuestFlag.Infrastructure.Services\bin\Debug\net10.0\QuestFlag.ServiceDefaults.dll' because it is being used by another process. The file is locked by: "QuestFlag.Infrastructure.Services (27848)" [D:\github\qf-apps\src\Infrastructure\QuestFlag.Infrastructure.Services\QuestFlag.Infrastructure.Services.csproj]
C:\Program Files\dotnet\sdk\11.0.100-preview.1.26104.118\Microsoft.Common.CurrentVersion.targets(5094,5): warning MSB3026: Could not copy "D:\github\qf-apps\src\Infrastructure\QuestFlag.Infrastructure.Core\bin\Debug\net10.0\QuestFlag.Infrastructure.Core.dll" to "bin\Debug\net10.0\QuestFlag.Infrastructure.Core.dll". Beginning retry 1 in 1000ms. The process cannot access the file 'D:\github\qf-apps\src\Infrastructure\QuestFlag.Infrastructure.Services\bin\Debug\net10.0\QuestFlag.Infrastructure.Core.dll' because it is being used by another process. The file is locked by: "Microsoft Visual Studio (8508), QuestFlag.Infrastructure.Services (27848)" [D:\github\qf-apps\src\Infrastructure\QuestFlag.Infrastructure.Services\QuestFlag.Infrastructure.Services.csproj]
C:\Program Files\dotnet\sdk\11.0.100-preview.1.26104.118\Microsoft.Common.CurrentVersion.targets(5094,5): warning MSB3026: Could not copy "D:\github\qf-apps\src\Infrastructure\QuestFlag.Infrastructure.Domain\bin\Debug\net10.0\QuestFlag.Infrastructure.Domain.dll" to "bin\Debug\net10.0\QuestFlag.Infrastructure.Domain.dll". Beginning retry 2 in 1000ms. The process cannot access the file 'D:\github\qf-apps\src\Infrastructure\QuestFlag.Infrastructure.Services\bin\Debug\net10.0\QuestFlag.Infrastructure.Domain.dll' because it is being used by another process. The file is locked by: "QuestFlag.Infrastructure.Services (27848)" [D:\github\qf-apps\src\Infrastructure\QuestFlag.Infrastructure.Services\QuestFlag.Infrastructure.Services.csproj]
C:\Program Files\dotnet\sdk\11.0.100-preview.1.26104.118\Microsoft.Common.CurrentVersion.targets(5094,5): warning MSB3026: Could not copy "D:\github\qf-apps\src\Infrastructure\QuestFlag.Infrastructure.ApiCore\bin\Debug\net10.0\QuestFlag.Infrastructure.ApiCore.dll" to "bin\Debug\net10.0\QuestFlag.Infrastructure.ApiCore.dll". Beginning retry 2 in 1000ms. The process cannot access the file 'D:\github\qf-apps\src\Infrastructure\QuestFlag.Infrastructure.Services\bin\Debug\net10.0\QuestFlag.Infrastructure.ApiCore.dll' because it is being used by another process. The file is locked by: "QuestFlag.Infrastructure.Services (27848)" [D:\github\qf-apps\src\Infrastructure\QuestFlag.Infrastructure.Services\QuestFlag.Infrastructure.Services.csproj]
C:\Program Files\dotnet\sdk\11.0.100-preview.1.26104.118\Microsoft.Common.CurrentVersion.targets(5094,5): warning MSB3026: Could not copy "D:\github\qf-apps\src\Deployment\QuestFlag.ServiceDefaults\bin\Debug\net10.0\QuestFlag.ServiceDefaults.dll" to "bin\Debug\net10.0\QuestFlag.ServiceDefaults.dll". Beginning retry 2 in 1000ms. The process cannot access the file 'D:\github\qf-apps\src\Infrastructure\QuestFlag.Infrastructure.Services\bin\Debug\net10.0\QuestFlag.ServiceDefaults.dll' because it is being used by another process. The file is locked by: "QuestFlag.Infrastructure.Services (27848)" [D:\github\qf-apps\src\Infrastructure\QuestFlag.Infrastructure.Services\QuestFlag.Infrastructure.Services.csproj]
C:\Program Files\dotnet\sdk\11.0.100-preview.1.26104.118\Microsoft.Common.CurrentVersion.targets(5094,5): warning MSB3026: Could not copy "D:\github\qf-apps\src\Infrastructure\QuestFlag.Infrastructure.Application\bin\Debug\net10.0\QuestFlag.Infrastructure.Application.dll" to "bin\Debug\net10.0\QuestFlag.Infrastructure.Application.dll". Beginning retry 2 in 1000ms. The process cannot access the file 'D:\github\qf-apps\src\Infrastructure\QuestFlag.Infrastructure.Services\bin\Debug\net10.0\QuestFlag.Infrastructure.Application.dll' because it is being used by another process. The file is locked by: "QuestFlag.Infrastructure.Services (27848)" [D:\github\qf-apps\src\Infrastructure\QuestFlag.Infrastructure.Services\QuestFlag.Infrastructure.Services.csproj]
C:\Program Files\dotnet\sdk\11.0.100-preview.1.26104.118\Microsoft.Common.CurrentVersion.targets(5094,5): warning MSB3026: Could not copy "D:\github\qf-apps\src\Infrastructure\QuestFlag.Infrastructure.Core\bin\Debug\net10.0\QuestFlag.Infrastructure.Core.dll" to "bin\Debug\net10.0\QuestFlag.Infrastructure.Core.dll". Beginning retry 2 in 1000ms. The process cannot access the file 'D:\github\qf-apps\src\Infrastructure\QuestFlag.Infrastructure.Services\bin\Debug\net10.0\QuestFlag.Infrastructure.Core.dll' because it is being used by another process. The file is locked by: "Microsoft Visual Studio (8508), QuestFlag.Infrastructure.Services (27848)" [D:\github\qf-apps\src\Infrastructure\QuestFlag.Infrastructure.Services\QuestFlag.Infrastructure.Services.csproj]
C:\Program Files\dotnet\sdk\11.0.100-preview.1.26104.118\Microsoft.Common.CurrentVersion.targets(5094,5): warning MSB3026: Could not copy "D:\github\qf-apps\src\Infrastructure\QuestFlag.Infrastructure.ApiCore\bin\Debug\net10.0\QuestFlag.Infrastructure.ApiCore.dll" to "bin\Debug\net10.0\QuestFlag.Infrastructure.ApiCore.dll". Beginning retry 3 in 1000ms. The process cannot access the file 'D:\github\qf-apps\src\Infrastructure\QuestFlag.Infrastructure.Services\bin\Debug\net10.0\QuestFlag.Infrastructure.ApiCore.dll' because it is being used by another process. The file is locked by: "QuestFlag.Infrastructure.Services (27848)" [D:\github\qf-apps\src\Infrastructure\QuestFlag.Infrastructure.Services\QuestFlag.Infrastructure.Services.csproj]
C:\Program Files\dotnet\sdk\11.0.100-preview.1.26104.118\Microsoft.Common.CurrentVersion.targets(5094,5): warning MSB3026: Could not copy "D:\github\qf-apps\src\Deployment\QuestFlag.ServiceDefaults\bin\Debug\net10.0\QuestFlag.ServiceDefaults.dll" to "bin\Debug\net10.0\QuestFlag.ServiceDefaults.dll". Beginning retry 3 in 1000ms. The process cannot access the file 'D:\github\qf-apps\src\Infrastructure\QuestFlag.Infrastructure.Services\bin\Debug\net10.0\QuestFlag.ServiceDefaults.dll' because it is being used by another process. The file is locked by: "QuestFlag.Infrastructure.Services (27848)" [D:\github\qf-apps\src\Infrastructure\QuestFlag.Infrastructure.Services\QuestFlag.Infrastructure.Services.csproj]
C:\Program Files\dotnet\sdk\11.0.100-preview.1.26104.118\Microsoft.Common.CurrentVersion.targets(5094,5): warning MSB3026: Could not copy "D:\github\qf-apps\src\Infrastructure\QuestFlag.Infrastructure.Domain\bin\Debug\net10.0\QuestFlag.Infrastructure.Domain.dll" to "bin\Debug\net10.0\QuestFlag.Infrastructure.Domain.dll". Beginning retry 3 in 1000ms. The process cannot access the file 'D:\github\qf-apps\src\Infrastructure\QuestFlag.Infrastructure.Services\bin\Debug\net10.0\QuestFlag.Infrastructure.Domain.dll' because it is being used by another process. The file is locked by: "QuestFlag.Infrastructure.Services (27848)" [D:\github\qf-apps\src\Infrastructure\QuestFlag.Infrastructure.Services\QuestFlag.Infrastructure.Services.csproj]
C:\Program Files\dotnet\sdk\11.0.100-preview.1.26104.118\Microsoft.Common.CurrentVersion.targets(5094,5): warning MSB3026: Could not copy "D:\github\qf-apps\src\Infrastructure\QuestFlag.Infrastructure.Application\bin\Debug\net10.0\QuestFlag.Infrastructure.Application.dll" to "bin\Debug\net10.0\QuestFlag.Infrastructure.Application.dll". Beginning retry 3 in 1000ms. The process cannot access the file 'D:\github\qf-apps\src\Infrastructure\QuestFlag.Infrastructure.Services\bin\Debug\net10.0\QuestFlag.Infrastructure.Application.dll' because it is being used by another process. The file is locked by: "QuestFlag.Infrastructure.Services (27848)" [D:\github\qf-apps\src\Infrastructure\QuestFlag.Infrastructure.Services\QuestFlag.Infrastructure.Services.csproj]
C:\Program Files\dotnet\sdk\11.0.100-preview.1.26104.118\Microsoft.Common.CurrentVersion.targets(5094,5): warning MSB3026: Could not copy "D:\github\qf-apps\src\Infrastructure\QuestFlag.Infrastructure.Core\bin\Debug\net10.0\QuestFlag.Infrastructure.Core.dll" to "bin\Debug\net10.0\QuestFlag.Infrastructure.Core.dll". Beginning retry 3 in 1000ms. The process cannot access the file 'D:\github\qf-apps\src\Infrastructure\QuestFlag.Infrastructure.Services\bin\Debug\net10.0\QuestFlag.Infrastructure.Core.dll' because it is being used by another process. The file is locked by: "Microsoft Visual Studio (8508), QuestFlag.Infrastructure.Services (27848)" [D:\github\qf-apps\src\Infrastructure\QuestFlag.Infrastructure.Services\QuestFlag.Infrastructure.Services.csproj]
C:\Program Files\dotnet\sdk\11.0.100-preview.1.26104.118\Microsoft.Common.CurrentVersion.targets(5094,5): warning MSB3026: Could not copy "D:\github\qf-apps\src\Infrastructure\QuestFlag.Infrastructure.ApiCore\bin\Debug\net10.0\QuestFlag.Infrastructure.ApiCore.dll" to "bin\Debug\net10.0\QuestFlag.Infrastructure.ApiCore.dll". Beginning retry 4 in 1000ms. The process cannot access the file 'D:\github\qf-apps\src\Infrastructure\QuestFlag.Infrastructure.Services\bin\Debug\net10.0\QuestFlag.Infrastructure.ApiCore.dll' because it is being used by another process. The file is locked by: "QuestFlag.Infrastructure.Services (27848)" [D:\github\qf-apps\src\Infrastructure\QuestFlag.Infrastructure.Services\QuestFlag.Infrastructure.Services.csproj]
C:\Program Files\dotnet\sdk\11.0.100-preview.1.26104.118\Microsoft.Common.CurrentVersion.targets(5094,5): warning MSB3026: Could not copy "D:\github\qf-apps\src\Infrastructure\QuestFlag.Infrastructure.Domain\bin\Debug\net10.0\QuestFlag.Infrastructure.Domain.dll" to "bin\Debug\net10.0\QuestFlag.Infrastructure.Domain.dll". Beginning retry 4 in 1000ms. The process cannot access the file 'D:\github\qf-apps\src\Infrastructure\QuestFlag.Infrastructure.Services\bin\Debug\net10.0\QuestFlag.Infrastructure.Domain.dll' because it is being used by another process. The file is locked by: "QuestFlag.Infrastructure.Services (27848)" [D:\github\qf-apps\src\Infrastructure\QuestFlag.Infrastructure.Services\QuestFlag.Infrastructure.Services.csproj]
C:\Program Files\dotnet\sdk\11.0.100-preview.1.26104.118\Microsoft.Common.CurrentVersion.targets(5094,5): warning MSB3026: Could not copy "D:\github\qf-apps\src\Deployment\QuestFlag.ServiceDefaults\bin\Debug\net10.0\QuestFlag.ServiceDefaults.dll" to "bin\Debug\net10.0\QuestFlag.ServiceDefaults.dll". Beginning retry 4 in 1000ms. The process cannot access the file 'D:\github\qf-apps\src\Infrastructure\QuestFlag.Infrastructure.Services\bin\Debug\net10.0\QuestFlag.ServiceDefaults.dll' because it is being used by another process. The file is locked by: "QuestFlag.Infrastructure.Services (27848)" [D:\github\qf-apps\src\Infrastructure\QuestFlag.Infrastructure.Services\QuestFlag.Infrastructure.Services.csproj]
C:\Program Files\dotnet\sdk\11.0.100-preview.1.26104.118\Microsoft.Common.CurrentVersion.targets(5094,5): warning MSB3026: Could not copy "D:\github\qf-apps\src\Infrastructure\QuestFlag.Infrastructure.Application\bin\Debug\net10.0\QuestFlag.Infrastructure.Application.dll" to "bin\Debug\net10.0\QuestFlag.Infrastructure.Application.dll". Beginning retry 4 in 1000ms. The process cannot access the file 'D:\github\qf-apps\src\Infrastructure\QuestFlag.Infrastructure.Services\bin\Debug\net10.0\QuestFlag.Infrastructure.Application.dll' because it is being used by another process. The file is locked by: "QuestFlag.Infrastructure.Services (27848)" [D:\github\qf-apps\src\Infrastructure\QuestFlag.Infrastructure.Services\QuestFlag.Infrastructure.Services.csproj]
C:\Program Files\dotnet\sdk\11.0.100-preview.1.26104.118\Microsoft.Common.CurrentVersion.targets(5094,5): warning MSB3026: Could not copy "D:\github\qf-apps\src\Infrastructure\QuestFlag.Infrastructure.Core\bin\Debug\net10.0\QuestFlag.Infrastructure.Core.dll" to "bin\Debug\net10.0\QuestFlag.Infrastructure.Core.dll". Beginning retry 4 in 1000ms. The process cannot access the file 'D:\github\qf-apps\src\Infrastructure\QuestFlag.Infrastructure.Services\bin\Debug\net10.0\QuestFlag.Infrastructure.Core.dll' because it is being used by another process. The file is locked by: "Microsoft Visual Studio (8508), QuestFlag.Infrastructure.Services (27848)" [D:\github\qf-apps\src\Infrastructure\QuestFlag.Infrastructure.Services\QuestFlag.Infrastructure.Services.csproj]
C:\Program Files\dotnet\sdk\11.0.100-preview.1.26104.118\Microsoft.Common.CurrentVersion.targets(5094,5): warning MSB3026: Could not copy "D:\github\qf-apps\src\Infrastructure\QuestFlag.Infrastructure.ApiCore\bin\Debug\net10.0\QuestFlag.Infrastructure.ApiCore.dll" to "bin\Debug\net10.0\QuestFlag.Infrastructure.ApiCore.dll". Beginning retry 5 in 1000ms. The process cannot access the file 'D:\github\qf-apps\src\Infrastructure\QuestFlag.Infrastructure.Services\bin\Debug\net10.0\QuestFlag.Infrastructure.ApiCore.dll' because it is being used by another process. The file is locked by: "QuestFlag.Infrastructure.Services (27848)" [D:\github\qf-apps\src\Infrastructure\QuestFlag.Infrastructure.Services\QuestFlag.Infrastructure.Services.csproj]
C:\Program Files\dotnet\sdk\11.0.100-preview.1.26104.118\Microsoft.Common.CurrentVersion.targets(5094,5): warning MSB3026: Could not copy "D:\github\qf-apps\src\Deployment\QuestFlag.ServiceDefaults\bin\Debug\net10.0\QuestFlag.ServiceDefaults.dll" to "bin\Debug\net10.0\QuestFlag.ServiceDefaults.dll". Beginning retry 5 in 1000ms. The process cannot access the file 'D:\github\qf-apps\src\Infrastructure\QuestFlag.Infrastructure.Services\bin\Debug\net10.0\QuestFlag.ServiceDefaults.dll' because it is being used by another process. The file is locked by: "QuestFlag.Infrastructure.Services (27848)" [D:\github\qf-apps\src\Infrastructure\QuestFlag.Infrastructure.Services\QuestFlag.Infrastructure.Services.csproj]
C:\Program Files\dotnet\sdk\11.0.100-preview.1.26104.118\Microsoft.Common.CurrentVersion.targets(5094,5): warning MSB3026: Could not copy "D:\github\qf-apps\src\Infrastructure\QuestFlag.Infrastructure.Domain\bin\Debug\net10.0\QuestFlag.Infrastructure.Domain.dll" to "bin\Debug\net10.0\QuestFlag.Infrastructure.Domain.dll". Beginning retry 5 in 1000ms. The process cannot access the file 'D:\github\qf-apps\src\Infrastructure\QuestFlag.Infrastructure.Services\bin\Debug\net10.0\QuestFlag.Infrastructure.Domain.dll' because it is being used by another process. The file is locked by: "QuestFlag.Infrastructure.Services (27848)" [D:\github\qf-apps\src\Infrastructure\QuestFlag.Infrastructure.Services\QuestFlag.Infrastructure.Services.csproj]
C:\Program Files\dotnet\sdk\11.0.100-preview.1.26104.118\Microsoft.Common.CurrentVersion.targets(5094,5): warning MSB3026: Could not copy "D:\github\qf-apps\src\Infrastructure\QuestFlag.Infrastructure.Application\bin\Debug\net10.0\QuestFlag.Infrastructure.Application.dll" to "bin\Debug\net10.0\QuestFlag.Infrastructure.Application.dll". Beginning retry 5 in 1000ms. The process cannot access the file 'D:\github\qf-apps\src\Infrastructure\QuestFlag.Infrastructure.Services\bin\Debug\net10.0\QuestFlag.Infrastructure.Application.dll' because it is being used by another process. The file is locked by: "QuestFlag.Infrastructure.Services (27848)" [D:\github\qf-apps\src\Infrastructure\QuestFlag.Infrastructure.Services\QuestFlag.Infrastructure.Services.csproj]
C:\Program Files\dotnet\sdk\11.0.100-preview.1.26104.118\Microsoft.Common.CurrentVersion.targets(5094,5): warning MSB3026: Could not copy "D:\github\qf-apps\src\Infrastructure\QuestFlag.Infrastructure.Core\bin\Debug\net10.0\QuestFlag.Infrastructure.Core.dll" to "bin\Debug\net10.0\QuestFlag.Infrastructure.Core.dll". Beginning retry 5 in 1000ms. The process cannot access the file 'D:\github\qf-apps\src\Infrastructure\QuestFlag.Infrastructure.Services\bin\Debug\net10.0\QuestFlag.Infrastructure.Core.dll' because it is being used by another process. The file is locked by: "Microsoft Visual Studio (8508), QuestFlag.Infrastructure.Services (27848)" [D:\github\qf-apps\src\Infrastructure\QuestFlag.Infrastructure.Services\QuestFlag.Infrastructure.Services.csproj]
C:\Program Files\dotnet\sdk\11.0.100-preview.1.26104.118\Microsoft.Common.CurrentVersion.targets(5094,5): warning MSB3026: Could not copy "D:\github\qf-apps\src\Infrastructure\QuestFlag.Infrastructure.ApiCore\bin\Debug\net10.0\QuestFlag.Infrastructure.ApiCore.dll" to "bin\Debug\net10.0\QuestFlag.Infrastructure.ApiCore.dll". Beginning retry 6 in 1000ms. The process cannot access the file 'D:\github\qf-apps\src\Infrastructure\QuestFlag.Infrastructure.Services\bin\Debug\net10.0\QuestFlag.Infrastructure.ApiCore.dll' because it is being used by another process. The file is locked by: "QuestFlag.Infrastructure.Services (27848)" [D:\github\qf-apps\src\Infrastructure\QuestFlag.Infrastructure.Services\QuestFlag.Infrastructure.Services.csproj]
C:\Program Files\dotnet\sdk\11.0.100-preview.1.26104.118\Microsoft.Common.CurrentVersion.targets(5094,5): warning MSB3026: Could not copy "D:\github\qf-apps\src\Deployment\QuestFlag.ServiceDefaults\bin\Debug\net10.0\QuestFlag.ServiceDefaults.dll" to "bin\Debug\net10.0\QuestFlag.ServiceDefaults.dll". Beginning retry 6 in 1000ms. The process cannot access the file 'D:\github\qf-apps\src\Infrastructure\QuestFlag.Infrastructure.Services\bin\Debug\net10.0\QuestFlag.ServiceDefaults.dll' because it is being used by another process. The file is locked by: "QuestFlag.Infrastructure.Services (27848)" [D:\github\qf-apps\src\Infrastructure\QuestFlag.Infrastructure.Services\QuestFlag.Infrastructure.Services.csproj]
C:\Program Files\dotnet\sdk\11.0.100-preview.1.26104.118\Microsoft.Common.CurrentVersion.targets(5094,5): warning MSB3026: Could not copy "D:\github\qf-apps\src\Infrastructure\QuestFlag.Infrastructure.Application\bin\Debug\net10.0\QuestFlag.Infrastructure.Application.dll" to "bin\Debug\net10.0\QuestFlag.Infrastructure.Application.dll". Beginning retry 6 in 1000ms. The process cannot access the file 'D:\github\qf-apps\src\Infrastructure\QuestFlag.Infrastructure.Services\bin\Debug\net10.0\QuestFlag.Infrastructure.Application.dll' because it is being used by another process. The file is locked by: "QuestFlag.Infrastructure.Services (27848)" [D:\github\qf-apps\src\Infrastructure\QuestFlag.Infrastructure.Services\QuestFlag.Infrastructure.Services.csproj]
C:\Program Files\dotnet\sdk\11.0.100-preview.1.26104.118\Microsoft.Common.CurrentVersion.targets(5094,5): warning MSB3026: Could not copy "D:\github\qf-apps\src\Infrastructure\QuestFlag.Infrastructure.Domain\bin\Debug\net10.0\QuestFlag.Infrastructure.Domain.dll" to "bin\Debug\net10.0\QuestFlag.Infrastructure.Domain.dll". Beginning retry 6 in 1000ms. The process cannot access the file 'D:\github\qf-apps\src\Infrastructure\QuestFlag.Infrastructure.Services\bin\Debug\net10.0\QuestFlag.Infrastructure.Domain.dll' because it is being used by another process. The file is locked by: "QuestFlag.Infrastructure.Services (27848)" [D:\github\qf-apps\src\Infrastructure\QuestFlag.Infrastructure.Services\QuestFlag.Infrastructure.Services.csproj]
C:\Program Files\dotnet\sdk\11.0.100-preview.1.26104.118\Microsoft.Common.CurrentVersion.targets(5094,5): warning MSB3026: Could not copy "D:\github\qf-apps\src\Infrastructure\QuestFlag.Infrastructure.Core\bin\Debug\net10.0\QuestFlag.Infrastructure.Core.dll" to "bin\Debug\net10.0\QuestFlag.Infrastructure.Core.dll". Beginning retry 6 in 1000ms. The process cannot access the file 'D:\github\qf-apps\src\Infrastructure\QuestFlag.Infrastructure.Services\bin\Debug\net10.0\QuestFlag.Infrastructure.Core.dll' because it is being used by another process. The file is locked by: "Microsoft Visual Studio (8508), QuestFlag.Infrastructure.Services (27848)" [D:\github\qf-apps\src\Infrastructure\QuestFlag.Infrastructure.Services\QuestFlag.Infrastructure.Services.csproj]
C:\Program Files\dotnet\sdk\11.0.100-preview.1.26104.118\Microsoft.Common.CurrentVersion.targets(5094,5): warning MSB3026: Could not copy "D:\github\qf-apps\src\Infrastructure\QuestFlag.Infrastructure.ApiCore\bin\Debug\net10.0\QuestFlag.Infrastructure.ApiCore.dll" to "bin\Debug\net10.0\QuestFlag.Infrastructure.ApiCore.dll". Beginning retry 7 in 1000ms. The process cannot access the file 'D:\github\qf-apps\src\Infrastructure\QuestFlag.Infrastructure.Services\bin\Debug\net10.0\QuestFlag.Infrastructure.ApiCore.dll' because it is being used by another process. The file is locked by: "QuestFlag.Infrastructure.Services (27848)" [D:\github\qf-apps\src\Infrastructure\QuestFlag.Infrastructure.Services\QuestFlag.Infrastructure.Services.csproj]
C:\Program Files\dotnet\sdk\11.0.100-preview.1.26104.118\Microsoft.Common.CurrentVersion.targets(5094,5): warning MSB3026: Could not copy "D:\github\qf-apps\src\Infrastructure\QuestFlag.Infrastructure.Application\bin\Debug\net10.0\QuestFlag.Infrastructure.Application.dll" to "bin\Debug\net10.0\QuestFlag.Infrastructure.Application.dll". Beginning retry 7 in 1000ms. The process cannot access the file 'D:\github\qf-apps\src\Infrastructure\QuestFlag.Infrastructure.Services\bin\Debug\net10.0\QuestFlag.Infrastructure.Application.dll' because it is being used by another process. The file is locked by: "QuestFlag.Infrastructure.Services (27848)" [D:\github\qf-apps\src\Infrastructure\QuestFlag.Infrastructure.Services\QuestFlag.Infrastructure.Services.csproj]
C:\Program Files\dotnet\sdk\11.0.100-preview.1.26104.118\Microsoft.Common.CurrentVersion.targets(5094,5): warning MSB3026: Could not copy "D:\github\qf-apps\src\Infrastructure\QuestFlag.Infrastructure.Domain\bin\Debug\net10.0\QuestFlag.Infrastructure.Domain.dll" to "bin\Debug\net10.0\QuestFlag.Infrastructure.Domain.dll". Beginning retry 7 in 1000ms. The process cannot access the file 'D:\github\qf-apps\src\Infrastructure\QuestFlag.Infrastructure.Services\bin\Debug\net10.0\QuestFlag.Infrastructure.Domain.dll' because it is being used by another process. The file is locked by: "QuestFlag.Infrastructure.Services (27848)" [D:\github\qf-apps\src\Infrastructure\QuestFlag.Infrastructure.Services\QuestFlag.Infrastructure.Services.csproj]
C:\Program Files\dotnet\sdk\11.0.100-preview.1.26104.118\Microsoft.Common.CurrentVersion.targets(5094,5): warning MSB3026: Could not copy "D:\github\qf-apps\src\Deployment\QuestFlag.ServiceDefaults\bin\Debug\net10.0\QuestFlag.ServiceDefaults.dll" to "bin\Debug\net10.0\QuestFlag.ServiceDefaults.dll". Beginning retry 7 in 1000ms. The process cannot access the file 'D:\github\qf-apps\src\Infrastructure\QuestFlag.Infrastructure.Services\bin\Debug\net10.0\QuestFlag.ServiceDefaults.dll' because it is being used by another process. The file is locked by: "QuestFlag.Infrastructure.Services (27848)" [D:\github\qf-apps\src\Infrastructure\QuestFlag.Infrastructure.Services\QuestFlag.Infrastructure.Services.csproj]
C:\Program Files\dotnet\sdk\11.0.100-preview.1.26104.118\Microsoft.Common.CurrentVersion.targets(5094,5): warning MSB3026: Could not copy "D:\github\qf-apps\src\Infrastructure\QuestFlag.Infrastructure.Core\bin\Debug\net10.0\QuestFlag.Infrastructure.Core.dll" to "bin\Debug\net10.0\QuestFlag.Infrastructure.Core.dll". Beginning retry 7 in 1000ms. The process cannot access the file 'D:\github\qf-apps\src\Infrastructure\QuestFlag.Infrastructure.Services\bin\Debug\net10.0\QuestFlag.Infrastructure.Core.dll' because it is being used by another process. The file is locked by: "Microsoft Visual Studio (8508), QuestFlag.Infrastructure.Services (27848)" [D:\github\qf-apps\src\Infrastructure\QuestFlag.Infrastructure.Services\QuestFlag.Infrastructure.Services.csproj]
C:\Program Files\dotnet\sdk\11.0.100-preview.1.26104.118\Microsoft.Common.CurrentVersion.targets(5094,5): warning MSB3026: Could not copy "D:\github\qf-apps\src\Infrastructure\QuestFlag.Infrastructure.ApiCore\bin\Debug\net10.0\QuestFlag.Infrastructure.ApiCore.dll" to "bin\Debug\net10.0\QuestFlag.Infrastructure.ApiCore.dll". Beginning retry 8 in 1000ms. The process cannot access the file 'D:\github\qf-apps\src\Infrastructure\QuestFlag.Infrastructure.Services\bin\Debug\net10.0\QuestFlag.Infrastructure.ApiCore.dll' because it is being used by another process. The file is locked by: "QuestFlag.Infrastructure.Services (27848)" [D:\github\qf-apps\src\Infrastructure\QuestFlag.Infrastructure.Services\QuestFlag.Infrastructure.Services.csproj]
C:\Program Files\dotnet\sdk\11.0.100-preview.1.26104.118\Microsoft.Common.CurrentVersion.targets(5094,5): warning MSB3026: Could not copy "D:\github\qf-apps\src\Infrastructure\QuestFlag.Infrastructure.Application\bin\Debug\net10.0\QuestFlag.Infrastructure.Application.dll" to "bin\Debug\net10.0\QuestFlag.Infrastructure.Application.dll". Beginning retry 8 in 1000ms. The process cannot access the file 'D:\github\qf-apps\src\Infrastructure\QuestFlag.Infrastructure.Services\bin\Debug\net10.0\QuestFlag.Infrastructure.Application.dll' because it is being used by another process. The file is locked by: "QuestFlag.Infrastructure.Services (27848)" [D:\github\qf-apps\src\Infrastructure\QuestFlag.Infrastructure.Services\QuestFlag.Infrastructure.Services.csproj]
C:\Program Files\dotnet\sdk\11.0.100-preview.1.26104.118\Microsoft.Common.CurrentVersion.targets(5094,5): warning MSB3026: Could not copy "D:\github\qf-apps\src\Deployment\QuestFlag.ServiceDefaults\bin\Debug\net10.0\QuestFlag.ServiceDefaults.dll" to "bin\Debug\net10.0\QuestFlag.ServiceDefaults.dll". Beginning retry 8 in 1000ms. The process cannot access the file 'D:\github\qf-apps\src\Infrastructure\QuestFlag.Infrastructure.Services\bin\Debug\net10.0\QuestFlag.ServiceDefaults.dll' because it is being used by another process. The file is locked by: "QuestFlag.Infrastructure.Services (27848)" [D:\github\qf-apps\src\Infrastructure\QuestFlag.Infrastructure.Services\QuestFlag.Infrastructure.Services.csproj]
C:\Program Files\dotnet\sdk\11.0.100-preview.1.26104.118\Microsoft.Common.CurrentVersion.targets(5094,5): warning MSB3026: Could not copy "D:\github\qf-apps\src\Infrastructure\QuestFlag.Infrastructure.Domain\bin\Debug\net10.0\QuestFlag.Infrastructure.Domain.dll" to "bin\Debug\net10.0\QuestFlag.Infrastructure.Domain.dll". Beginning retry 8 in 1000ms. The process cannot access the file 'D:\github\qf-apps\src\Infrastructure\QuestFlag.Infrastructure.Services\bin\Debug\net10.0\QuestFlag.Infrastructure.Domain.dll' because it is being used by another process. The file is locked by: "QuestFlag.Infrastructure.Services (27848)" [D:\github\qf-apps\src\Infrastructure\QuestFlag.Infrastructure.Services\QuestFlag.Infrastructure.Services.csproj]
C:\Program Files\dotnet\sdk\11.0.100-preview.1.26104.118\Microsoft.Common.CurrentVersion.targets(5094,5): warning MSB3026: Could not copy "D:\github\qf-apps\src\Infrastructure\QuestFlag.Infrastructure.Core\bin\Debug\net10.0\QuestFlag.Infrastructure.Core.dll" to "bin\Debug\net10.0\QuestFlag.Infrastructure.Core.dll". Beginning retry 8 in 1000ms. The process cannot access the file 'D:\github\qf-apps\src\Infrastructure\QuestFlag.Infrastructure.Services\bin\Debug\net10.0\QuestFlag.Infrastructure.Core.dll' because it is being used by another process. The file is locked by: "Microsoft Visual Studio (8508), QuestFlag.Infrastructure.Services (27848)" [D:\github\qf-apps\src\Infrastructure\QuestFlag.Infrastructure.Services\QuestFlag.Infrastructure.Services.csproj]
C:\Program Files\dotnet\sdk\11.0.100-preview.1.26104.118\Microsoft.Common.CurrentVersion.targets(5094,5): warning MSB3026: Could not copy "D:\github\qf-apps\src\Infrastructure\QuestFlag.Infrastructure.ApiCore\bin\Debug\net10.0\QuestFlag.Infrastructure.ApiCore.dll" to "bin\Debug\net10.0\QuestFlag.Infrastructure.ApiCore.dll". Beginning retry 9 in 1000ms. The process cannot access the file 'D:\github\qf-apps\src\Infrastructure\QuestFlag.Infrastructure.Services\bin\Debug\net10.0\QuestFlag.Infrastructure.ApiCore.dll' because it is being used by another process. The file is locked by: "QuestFlag.Infrastructure.Services (27848)" [D:\github\qf-apps\src\Infrastructure\QuestFlag.Infrastructure.Services\QuestFlag.Infrastructure.Services.csproj]
C:\Program Files\dotnet\sdk\11.0.100-preview.1.26104.118\Microsoft.Common.CurrentVersion.targets(5094,5): warning MSB3026: Could not copy "D:\github\qf-apps\src\Infrastructure\QuestFlag.Infrastructure.Application\bin\Debug\net10.0\QuestFlag.Infrastructure.Application.dll" to "bin\Debug\net10.0\QuestFlag.Infrastructure.Application.dll". Beginning retry 9 in 1000ms. The process cannot access the file 'D:\github\qf-apps\src\Infrastructure\QuestFlag.Infrastructure.Services\bin\Debug\net10.0\QuestFlag.Infrastructure.Application.dll' because it is being used by another process. The file is locked by: "QuestFlag.Infrastructure.Services (27848)" [D:\github\qf-apps\src\Infrastructure\QuestFlag.Infrastructure.Services\QuestFlag.Infrastructure.Services.csproj]
C:\Program Files\dotnet\sdk\11.0.100-preview.1.26104.118\Microsoft.Common.CurrentVersion.targets(5094,5): warning MSB3026: Could not copy "D:\github\qf-apps\src\Deployment\QuestFlag.ServiceDefaults\bin\Debug\net10.0\QuestFlag.ServiceDefaults.dll" to "bin\Debug\net10.0\QuestFlag.ServiceDefaults.dll". Beginning retry 9 in 1000ms. The process cannot access the file 'D:\github\qf-apps\src\Infrastructure\QuestFlag.Infrastructure.Services\bin\Debug\net10.0\QuestFlag.ServiceDefaults.dll' because it is being used by another process. The file is locked by: "QuestFlag.Infrastructure.Services (27848)" [D:\github\qf-apps\src\Infrastructure\QuestFlag.Infrastructure.Services\QuestFlag.Infrastructure.Services.csproj]
C:\Program Files\dotnet\sdk\11.0.100-preview.1.26104.118\Microsoft.Common.CurrentVersion.targets(5094,5): warning MSB3026: Could not copy "D:\github\qf-apps\src\Infrastructure\QuestFlag.Infrastructure.Domain\bin\Debug\net10.0\QuestFlag.Infrastructure.Domain.dll" to "bin\Debug\net10.0\QuestFlag.Infrastructure.Domain.dll". Beginning retry 9 in 1000ms. The process cannot access the file 'D:\github\qf-apps\src\Infrastructure\QuestFlag.Infrastructure.Services\bin\Debug\net10.0\QuestFlag.Infrastructure.Domain.dll' because it is being used by another process. The file is locked by: "QuestFlag.Infrastructure.Services (27848)" [D:\github\qf-apps\src\Infrastructure\QuestFlag.Infrastructure.Services\QuestFlag.Infrastructure.Services.csproj]
C:\Program Files\dotnet\sdk\11.0.100-preview.1.26104.118\Microsoft.Common.CurrentVersion.targets(5094,5): warning MSB3026: Could not copy "D:\github\qf-apps\src\Infrastructure\QuestFlag.Infrastructure.Core\bin\Debug\net10.0\QuestFlag.Infrastructure.Core.dll" to "bin\Debug\net10.0\QuestFlag.Infrastructure.Core.dll". Beginning retry 9 in 1000ms. The process cannot access the file 'D:\github\qf-apps\src\Infrastructure\QuestFlag.Infrastructure.Services\bin\Debug\net10.0\QuestFlag.Infrastructure.Core.dll' because it is being used by another process. The file is locked by: "Microsoft Visual Studio (8508), QuestFlag.Infrastructure.Services (27848)" [D:\github\qf-apps\src\Infrastructure\QuestFlag.Infrastructure.Services\QuestFlag.Infrastructure.Services.csproj]
C:\Program Files\dotnet\sdk\11.0.100-preview.1.26104.118\Microsoft.Common.CurrentVersion.targets(5094,5): warning MSB3026: Could not copy "D:\github\qf-apps\src\Infrastructure\QuestFlag.Infrastructure.ApiCore\bin\Debug\net10.0\QuestFlag.Infrastructure.ApiCore.dll" to "bin\Debug\net10.0\QuestFlag.Infrastructure.ApiCore.dll". Beginning retry 10 in 1000ms. The process cannot access the file 'D:\github\qf-apps\src\Infrastructure\QuestFlag.Infrastructure.Services\bin\Debug\net10.0\QuestFlag.Infrastructure.ApiCore.dll' because it is being used by another process. The file is locked by: "QuestFlag.Infrastructure.Services (27848)" [D:\github\qf-apps\src\Infrastructure\QuestFlag.Infrastructure.Services\QuestFlag.Infrastructure.Services.csproj]
C:\Program Files\dotnet\sdk\11.0.100-preview.1.26104.118\Microsoft.Common.CurrentVersion.targets(5094,5): warning MSB3026: Could not copy "D:\github\qf-apps\src\Infrastructure\QuestFlag.Infrastructure.Application\bin\Debug\net10.0\QuestFlag.Infrastructure.Application.dll" to "bin\Debug\net10.0\QuestFlag.Infrastructure.Application.dll". Beginning retry 10 in 1000ms. The process cannot access the file 'D:\github\qf-apps\src\Infrastructure\QuestFlag.Infrastructure.Services\bin\Debug\net10.0\QuestFlag.Infrastructure.Application.dll' because it is being used by another process. The file is locked by: "QuestFlag.Infrastructure.Services (27848)" [D:\github\qf-apps\src\Infrastructure\QuestFlag.Infrastructure.Services\QuestFlag.Infrastructure.Services.csproj]
C:\Program Files\dotnet\sdk\11.0.100-preview.1.26104.118\Microsoft.Common.CurrentVersion.targets(5094,5): warning MSB3026: Could not copy "D:\github\qf-apps\src\Deployment\QuestFlag.ServiceDefaults\bin\Debug\net10.0\QuestFlag.ServiceDefaults.dll" to "bin\Debug\net10.0\QuestFlag.ServiceDefaults.dll". Beginning retry 10 in 1000ms. The process cannot access the file 'D:\github\qf-apps\src\Infrastructure\QuestFlag.Infrastructure.Services\bin\Debug\net10.0\QuestFlag.ServiceDefaults.dll' because it is being used by another process. The file is locked by: "QuestFlag.Infrastructure.Services (27848)" [D:\github\qf-apps\src\Infrastructure\QuestFlag.Infrastructure.Services\QuestFlag.Infrastructure.Services.csproj]
C:\Program Files\dotnet\sdk\11.0.100-preview.1.26104.118\Microsoft.Common.CurrentVersion.targets(5094,5): warning MSB3026: Could not copy "D:\github\qf-apps\src\Infrastructure\QuestFlag.Infrastructure.Domain\bin\Debug\net10.0\QuestFlag.Infrastructure.Domain.dll" to "bin\Debug\net10.0\QuestFlag.Infrastructure.Domain.dll". Beginning retry 10 in 1000ms. The process cannot access the file 'D:\github\qf-apps\src\Infrastructure\QuestFlag.Infrastructure.Services\bin\Debug\net10.0\QuestFlag.Infrastructure.Domain.dll' because it is being used by another process. The file is locked by: "QuestFlag.Infrastructure.Services (27848)" [D:\github\qf-apps\src\Infrastructure\QuestFlag.Infrastructure.Services\QuestFlag.Infrastructure.Services.csproj]
C:\Program Files\dotnet\sdk\11.0.100-preview.1.26104.118\Microsoft.Common.CurrentVersion.targets(5094,5): warning MSB3026: Could not copy "D:\github\qf-apps\src\Infrastructure\QuestFlag.Infrastructure.Core\bin\Debug\net10.0\QuestFlag.Infrastructure.Core.dll" to "bin\Debug\net10.0\QuestFlag.Infrastructure.Core.dll". Beginning retry 10 in 1000ms. The process cannot access the file 'D:\github\qf-apps\src\Infrastructure\QuestFlag.Infrastructure.Services\bin\Debug\net10.0\QuestFlag.Infrastructure.Core.dll' because it is being used by another process. The file is locked by: "Microsoft Visual Studio (8508), QuestFlag.Infrastructure.Services (27848)" [D:\github\qf-apps\src\Infrastructure\QuestFlag.Infrastructure.Services\QuestFlag.Infrastructure.Services.csproj]
C:\Program Files\dotnet\sdk\11.0.100-preview.1.26104.118\Microsoft.Common.CurrentVersion.targets(5094,5): error MSB3027: Could not copy "D:\github\qf-apps\src\Infrastructure\QuestFlag.Infrastructure.ApiCore\bin\Debug\net10.0\QuestFlag.Infrastructure.ApiCore.dll" to "bin\Debug\net10.0\QuestFlag.Infrastructure.ApiCore.dll". Exceeded retry count of 10. Failed. The file is locked by: "QuestFlag.Infrastructure.Services (27848)" [D:\github\qf-apps\src\Infrastructure\QuestFlag.Infrastructure.Services\QuestFlag.Infrastructure.Services.csproj]
C:\Program Files\dotnet\sdk\11.0.100-preview.1.26104.118\Microsoft.Common.CurrentVersion.targets(5094,5): error MSB3021: Unable to copy file "D:\github\qf-apps\src\Infrastructure\QuestFlag.Infrastructure.ApiCore\bin\Debug\net10.0\QuestFlag.Infrastructure.ApiCore.dll" to "bin\Debug\net10.0\QuestFlag.Infrastructure.ApiCore.dll". The process cannot access the file 'D:\github\qf-apps\src\Infrastructure\QuestFlag.Infrastructure.Services\bin\Debug\net10.0\QuestFlag.Infrastructure.ApiCore.dll' because it is being used by another process. [D:\github\qf-apps\src\Infrastructure\QuestFlag.Infrastructure.Services\QuestFlag.Infrastructure.Services.csproj]
C:\Program Files\dotnet\sdk\11.0.100-preview.1.26104.118\Microsoft.Common.CurrentVersion.targets(5094,5): error MSB3027: Could not copy "D:\github\qf-apps\src\Infrastructure\QuestFlag.Infrastructure.Application\bin\Debug\net10.0\QuestFlag.Infrastructure.Application.dll" to "bin\Debug\net10.0\QuestFlag.Infrastructure.Application.dll". Exceeded retry count of 10. Failed. The file is locked by: "QuestFlag.Infrastructure.Services (27848)" [D:\github\qf-apps\src\Infrastructure\QuestFlag.Infrastructure.Services\QuestFlag.Infrastructure.Services.csproj]
C:\Program Files\dotnet\sdk\11.0.100-preview.1.26104.118\Microsoft.Common.CurrentVersion.targets(5094,5): error MSB3021: Unable to copy file "D:\github\qf-apps\src\Infrastructure\QuestFlag.Infrastructure.Application\bin\Debug\net10.0\QuestFlag.Infrastructure.Application.dll" to "bin\Debug\net10.0\QuestFlag.Infrastructure.Application.dll". The process cannot access the file 'D:\github\qf-apps\src\Infrastructure\QuestFlag.Infrastructure.Services\bin\Debug\net10.0\QuestFlag.Infrastructure.Application.dll' because it is being used by another process. [D:\github\qf-apps\src\Infrastructure\QuestFlag.Infrastructure.Services\QuestFlag.Infrastructure.Services.csproj]
C:\Program Files\dotnet\sdk\11.0.100-preview.1.26104.118\Microsoft.Common.CurrentVersion.targets(5094,5): error MSB3027: Could not copy "D:\github\qf-apps\src\Infrastructure\QuestFlag.Infrastructure.Domain\bin\Debug\net10.0\QuestFlag.Infrastructure.Domain.dll" to "bin\Debug\net10.0\QuestFlag.Infrastructure.Domain.dll". Exceeded retry count of 10. Failed. The file is locked by: "QuestFlag.Infrastructure.Services (27848)" [D:\github\qf-apps\src\Infrastructure\QuestFlag.Infrastructure.Services\QuestFlag.Infrastructure.Services.csproj]
C:\Program Files\dotnet\sdk\11.0.100-preview.1.26104.118\Microsoft.Common.CurrentVersion.targets(5094,5): error MSB3021: Unable to copy file "D:\github\qf-apps\src\Infrastructure\QuestFlag.Infrastructure.Domain\bin\Debug\net10.0\QuestFlag.Infrastructure.Domain.dll" to "bin\Debug\net10.0\QuestFlag.Infrastructure.Domain.dll". The process cannot access the file 'D:\github\qf-apps\src\Infrastructure\QuestFlag.Infrastructure.Services\bin\Debug\net10.0\QuestFlag.Infrastructure.Domain.dll' because it is being used by another process. [D:\github\qf-apps\src\Infrastructure\QuestFlag.Infrastructure.Services\QuestFlag.Infrastructure.Services.csproj]
C:\Program Files\dotnet\sdk\11.0.100-preview.1.26104.118\Microsoft.Common.CurrentVersion.targets(5094,5): error MSB3027: Could not copy "D:\github\qf-apps\src\Deployment\QuestFlag.ServiceDefaults\bin\Debug\net10.0\QuestFlag.ServiceDefaults.dll" to "bin\Debug\net10.0\QuestFlag.ServiceDefaults.dll". Exceeded retry count of 10. Failed. The file is locked by: "QuestFlag.Infrastructure.Services (27848)" [D:\github\qf-apps\src\Infrastructure\QuestFlag.Infrastructure.Services\QuestFlag.Infrastructure.Services.csproj]
C:\Program Files\dotnet\sdk\11.0.100-preview.1.26104.118\Microsoft.Common.CurrentVersion.targets(5094,5): error MSB3021: Unable to copy file "D:\github\qf-apps\src\Deployment\QuestFlag.ServiceDefaults\bin\Debug\net10.0\QuestFlag.ServiceDefaults.dll" to "bin\Debug\net10.0\QuestFlag.ServiceDefaults.dll". The process cannot access the file 'D:\github\qf-apps\src\Infrastructure\QuestFlag.Infrastructure.Services\bin\Debug\net10.0\QuestFlag.ServiceDefaults.dll' because it is being used by another process. [D:\github\qf-apps\src\Infrastructure\QuestFlag.Infrastructure.Services\QuestFlag.Infrastructure.Services.csproj]
C:\Program Files\dotnet\sdk\11.0.100-preview.1.26104.118\Microsoft.Common.CurrentVersion.targets(5094,5): error MSB3027: Could not copy "D:\github\qf-apps\src\Infrastructure\QuestFlag.Infrastructure.Core\bin\Debug\net10.0\QuestFlag.Infrastructure.Core.dll" to "bin\Debug\net10.0\QuestFlag.Infrastructure.Core.dll". Exceeded retry count of 10. Failed. The file is locked by: "Microsoft Visual Studio (8508), QuestFlag.Infrastructure.Services (27848)" [D:\github\qf-apps\src\Infrastructure\QuestFlag.Infrastructure.Services\QuestFlag.Infrastructure.Services.csproj]
C:\Program Files\dotnet\sdk\11.0.100-preview.1.26104.118\Microsoft.Common.CurrentVersion.targets(5094,5): error MSB3021: Unable to copy file "D:\github\qf-apps\src\Infrastructure\QuestFlag.Infrastructure.Core\bin\Debug\net10.0\QuestFlag.Infrastructure.Core.dll" to "bin\Debug\net10.0\QuestFlag.Infrastructure.Core.dll". The process cannot access the file 'D:\github\qf-apps\src\Infrastructure\QuestFlag.Infrastructure.Services\bin\Debug\net10.0\QuestFlag.Infrastructure.Core.dll' because it is being used by another process. [D:\github\qf-apps\src\Infrastructure\QuestFlag.Infrastructure.Services\QuestFlag.Infrastructure.Services.csproj]

Build FAILED.

C:\Program Files\dotnet\sdk\11.0.100-preview.1.26104.118\Microsoft.Common.CurrentVersion.targets(5094,5): warning MSB3026: Could not copy "D:\github\qf-apps\src\Infrastructure\QuestFlag.Infrastructure.ApiCore\bin\Debug\net10.0\QuestFlag.Infrastructure.ApiCore.dll" to "bin\Debug\net10.0\QuestFlag.Infrastructure.ApiCore.dll". Beginning retry 1 in 1000ms. The process cannot access the file 'D:\github\qf-apps\src\Infrastructure\QuestFlag.Infrastructure.Services\bin\Debug\net10.0\QuestFlag.Infrastructure.ApiCore.dll' because it is being used by another process. The file is locked by: "QuestFlag.Infrastructure.Services (27848)" [D:\github\qf-apps\src\Infrastructure\QuestFlag.Infrastructure.Services\QuestFlag.Infrastructure.Services.csproj]
C:\Program Files\dotnet\sdk\11.0.100-preview.1.26104.118\Microsoft.Common.CurrentVersion.targets(5094,5): warning MSB3026: Could not copy "D:\github\qf-apps\src\Infrastructure\QuestFlag.Infrastructure.Domain\bin\Debug\net10.0\QuestFlag.Infrastructure.Domain.dll" to "bin\Debug\net10.0\QuestFlag.Infrastructure.Domain.dll". Beginning retry 1 in 1000ms. The process cannot access the file 'D:\github\qf-apps\src\Infrastructure\QuestFlag.Infrastructure.Services\bin\Debug\net10.0\QuestFlag.Infrastructure.Domain.dll' because it is being used by another process. The file is locked by: "QuestFlag.Infrastructure.Services (27848)" [D:\github\qf-apps\src\Infrastructure\QuestFlag.Infrastructure.Services\QuestFlag.Infrastructure.Services.csproj]
C:\Program Files\dotnet\sdk\11.0.100-preview.1.26104.118\Microsoft.Common.CurrentVersion.targets(5094,5): warning MSB3026: Could not copy "D:\github\qf-apps\src\Infrastructure\QuestFlag.Infrastructure.Application\bin\Debug\net10.0\QuestFlag.Infrastructure.Application.dll" to "bin\Debug\net10.0\QuestFlag.Infrastructure.Application.dll". Beginning retry 1 in 1000ms. The process cannot access the file 'D:\github\qf-apps\src\Infrastructure\QuestFlag.Infrastructure.Services\bin\Debug\net10.0\QuestFlag.Infrastructure.Application.dll' because it is being used by another process. The file is locked by: "QuestFlag.Infrastructure.Services (27848)" [D:\github\qf-apps\src\Infrastructure\QuestFlag.Infrastructure.Services\QuestFlag.Infrastructure.Services.csproj]
C:\Program Files\dotnet\sdk\11.0.100-preview.1.26104.118\Microsoft.Common.CurrentVersion.targets(5094,5): warning MSB3026: Could not copy "D:\github\qf-apps\src\Deployment\QuestFlag.ServiceDefaults\bin\Debug\net10.0\QuestFlag.ServiceDefaults.dll" to "bin\Debug\net10.0\QuestFlag.ServiceDefaults.dll". Beginning retry 1 in 1000ms. The process cannot access the file 'D:\github\qf-apps\src\Infrastructure\QuestFlag.Infrastructure.Services\bin\Debug\net10.0\QuestFlag.ServiceDefaults.dll' because it is being used by another process. The file is locked by: "QuestFlag.Infrastructure.Services (27848)" [D:\github\qf-apps\src\Infrastructure\QuestFlag.Infrastructure.Services\QuestFlag.Infrastructure.Services.csproj]
C:\Program Files\dotnet\sdk\11.0.100-preview.1.26104.118\Microsoft.Common.CurrentVersion.targets(5094,5): warning MSB3026: Could not copy "D:\github\qf-apps\src\Infrastructure\QuestFlag.Infrastructure.Core\bin\Debug\net10.0\QuestFlag.Infrastructure.Core.dll" to "bin\Debug\net10.0\QuestFlag.Infrastructure.Core.dll". Beginning retry 1 in 1000ms. The process cannot access the file 'D:\github\qf-apps\src\Infrastructure\QuestFlag.Infrastructure.Services\bin\Debug\net10.0\QuestFlag.Infrastructure.Core.dll' because it is being used by another process. The file is locked by: "Microsoft Visual Studio (8508), QuestFlag.Infrastructure.Services (27848)" [D:\github\qf-apps\src\Infrastructure\QuestFlag.Infrastructure.Services\QuestFlag.Infrastructure.Services.csproj]
C:\Program Files\dotnet\sdk\11.0.100-preview.1.26104.118\Microsoft.Common.CurrentVersion.targets(5094,5): warning MSB3026: Could not copy "D:\github\qf-apps\src\Infrastructure\QuestFlag.Infrastructure.Domain\bin\Debug\net10.0\QuestFlag.Infrastructure.Domain.dll" to "bin\Debug\net10.0\QuestFlag.Infrastructure.Domain.dll". Beginning retry 2 in 1000ms. The process cannot access the file 'D:\github\qf-apps\src\Infrastructure\QuestFlag.Infrastructure.Services\bin\Debug\net10.0\QuestFlag.Infrastructure.Domain.dll' because it is being used by another process. The file is locked by: "QuestFlag.Infrastructure.Services (27848)" [D:\github\qf-apps\src\Infrastructure\QuestFlag.Infrastructure.Services\QuestFlag.Infrastructure.Services.csproj]
C:\Program Files\dotnet\sdk\11.0.100-preview.1.26104.118\Microsoft.Common.CurrentVersion.targets(5094,5): warning MSB3026: Could not copy "D:\github\qf-apps\src\Infrastructure\QuestFlag.Infrastructure.ApiCore\bin\Debug\net10.0\QuestFlag.Infrastructure.ApiCore.dll" to "bin\Debug\net10.0\QuestFlag.Infrastructure.ApiCore.dll". Beginning retry 2 in 1000ms. The process cannot access the file 'D:\github\qf-apps\src\Infrastructure\QuestFlag.Infrastructure.Services\bin\Debug\net10.0\QuestFlag.Infrastructure.ApiCore.dll' because it is being used by another process. The file is locked by: "QuestFlag.Infrastructure.Services (27848)" [D:\github\qf-apps\src\Infrastructure\QuestFlag.Infrastructure.Services\QuestFlag.Infrastructure.Services.csproj]
C:\Program Files\dotnet\sdk\11.0.100-preview.1.26104.118\Microsoft.Common.CurrentVersion.targets(5094,5): warning MSB3026: Could not copy "D:\github\qf-apps\src\Deployment\QuestFlag.ServiceDefaults\bin\Debug\net10.0\QuestFlag.ServiceDefaults.dll" to "bin\Debug\net10.0\QuestFlag.ServiceDefaults.dll". Beginning retry 2 in 1000ms. The process cannot access the file 'D:\github\qf-apps\src\Infrastructure\QuestFlag.Infrastructure.Services\bin\Debug\net10.0\QuestFlag.ServiceDefaults.dll' because it is being used by another process. The file is locked by: "QuestFlag.Infrastructure.Services (27848)" [D:\github\qf-apps\src\Infrastructure\QuestFlag.Infrastructure.Services\QuestFlag.Infrastructure.Services.csproj]
C:\Program Files\dotnet\sdk\11.0.100-preview.1.26104.118\Microsoft.Common.CurrentVersion.targets(5094,5): warning MSB3026: Could not copy "D:\github\qf-apps\src\Infrastructure\QuestFlag.Infrastructure.Application\bin\Debug\net10.0\QuestFlag.Infrastructure.Application.dll" to "bin\Debug\net10.0\QuestFlag.Infrastructure.Application.dll". Beginning retry 2 in 1000ms. The process cannot access the file 'D:\github\qf-apps\src\Infrastructure\QuestFlag.Infrastructure.Services\bin\Debug\net10.0\QuestFlag.Infrastructure.Application.dll' because it is being used by another process. The file is locked by: "QuestFlag.Infrastructure.Services (27848)" [D:\github\qf-apps\src\Infrastructure\QuestFlag.Infrastructure.Services\QuestFlag.Infrastructure.Services.csproj]
C:\Program Files\dotnet\sdk\11.0.100-preview.1.26104.118\Microsoft.Common.CurrentVersion.targets(5094,5): warning MSB3026: Could not copy "D:\github\qf-apps\src\Infrastructure\QuestFlag.Infrastructure.Core\bin\Debug\net10.0\QuestFlag.Infrastructure.Core.dll" to "bin\Debug\net10.0\QuestFlag.Infrastructure.Core.dll". Beginning retry 2 in 1000ms. The process cannot access the file 'D:\github\qf-apps\src\Infrastructure\QuestFlag.Infrastructure.Services\bin\Debug\net10.0\QuestFlag.Infrastructure.Core.dll' because it is being used by another process. The file is locked by: "Microsoft Visual Studio (8508), QuestFlag.Infrastructure.Services (27848)" [D:\github\qf-apps\src\Infrastructure\QuestFlag.Infrastructure.Services\QuestFlag.Infrastructure.Services.csproj]
C:\Program Files\dotnet\sdk\11.0.100-preview.1.26104.118\Microsoft.Common.CurrentVersion.targets(5094,5): warning MSB3026: Could not copy "D:\github\qf-apps\src\Infrastructure\QuestFlag.Infrastructure.ApiCore\bin\Debug\net10.0\QuestFlag.Infrastructure.ApiCore.dll" to "bin\Debug\net10.0\QuestFlag.Infrastructure.ApiCore.dll". Beginning retry 3 in 1000ms. The process cannot access the file 'D:\github\qf-apps\src\Infrastructure\QuestFlag.Infrastructure.Services\bin\Debug\net10.0\QuestFlag.Infrastructure.ApiCore.dll' because it is being used by another process. The file is locked by: "QuestFlag.Infrastructure.Services (27848)" [D:\github\qf-apps\src\Infrastructure\QuestFlag.Infrastructure.Services\QuestFlag.Infrastructure.Services.csproj]
C:\Program Files\dotnet\sdk\11.0.100-preview.1.26104.118\Microsoft.Common.CurrentVersion.targets(5094,5): warning MSB3026: Could not copy "D:\github\qf-apps\src\Deployment\QuestFlag.ServiceDefaults\bin\Debug\net10.0\QuestFlag.ServiceDefaults.dll" to "bin\Debug\net10.0\QuestFlag.ServiceDefaults.dll". Beginning retry 3 in 1000ms. The process cannot access the file 'D:\github\qf-apps\src\Infrastructure\QuestFlag.Infrastructure.Services\bin\Debug\net10.0\QuestFlag.ServiceDefaults.dll' because it is being used by another process. The file is locked by: "QuestFlag.Infrastructure.Services (27848)" [D:\github\qf-apps\src\Infrastructure\QuestFlag.Infrastructure.Services\QuestFlag.Infrastructure.Services.csproj]
C:\Program Files\dotnet\sdk\11.0.100-preview.1.26104.118\Microsoft.Common.CurrentVersion.targets(5094,5): warning MSB3026: Could not copy "D:\github\qf-apps\src\Infrastructure\QuestFlag.Infrastructure.Domain\bin\Debug\net10.0\QuestFlag.Infrastructure.Domain.dll" to "bin\Debug\net10.0\QuestFlag.Infrastructure.Domain.dll". Beginning retry 3 in 1000ms. The process cannot access the file 'D:\github\qf-apps\src\Infrastructure\QuestFlag.Infrastructure.Services\bin\Debug\net10.0\QuestFlag.Infrastructure.Domain.dll' because it is being used by another process. The file is locked by: "QuestFlag.Infrastructure.Services (27848)" [D:\github\qf-apps\src\Infrastructure\QuestFlag.Infrastructure.Services\QuestFlag.Infrastructure.Services.csproj]
C:\Program Files\dotnet\sdk\11.0.100-preview.1.26104.118\Microsoft.Common.CurrentVersion.targets(5094,5): warning MSB3026: Could not copy "D:\github\qf-apps\src\Infrastructure\QuestFlag.Infrastructure.Application\bin\Debug\net10.0\QuestFlag.Infrastructure.Application.dll" to "bin\Debug\net10.0\QuestFlag.Infrastructure.Application.dll". Beginning retry 3 in 1000ms. The process cannot access the file 'D:\github\qf-apps\src\Infrastructure\QuestFlag.Infrastructure.Services\bin\Debug\net10.0\QuestFlag.Infrastructure.Application.dll' because it is being used by another process. The file is locked by: "QuestFlag.Infrastructure.Services (27848)" [D:\github\qf-apps\src\Infrastructure\QuestFlag.Infrastructure.Services\QuestFlag.Infrastructure.Services.csproj]
C:\Program Files\dotnet\sdk\11.0.100-preview.1.26104.118\Microsoft.Common.CurrentVersion.targets(5094,5): warning MSB3026: Could not copy "D:\github\qf-apps\src\Infrastructure\QuestFlag.Infrastructure.Core\bin\Debug\net10.0\QuestFlag.Infrastructure.Core.dll" to "bin\Debug\net10.0\QuestFlag.Infrastructure.Core.dll". Beginning retry 3 in 1000ms. The process cannot access the file 'D:\github\qf-apps\src\Infrastructure\QuestFlag.Infrastructure.Services\bin\Debug\net10.0\QuestFlag.Infrastructure.Core.dll' because it is being used by another process. The file is locked by: "Microsoft Visual Studio (8508), QuestFlag.Infrastructure.Services (27848)" [D:\github\qf-apps\src\Infrastructure\QuestFlag.Infrastructure.Services\QuestFlag.Infrastructure.Services.csproj]
C:\Program Files\dotnet\sdk\11.0.100-preview.1.26104.118\Microsoft.Common.CurrentVersion.targets(5094,5): warning MSB3026: Could not copy "D:\github\qf-apps\src\Infrastructure\QuestFlag.Infrastructure.ApiCore\bin\Debug\net10.0\QuestFlag.Infrastructure.ApiCore.dll" to "bin\Debug\net10.0\QuestFlag.Infrastructure.ApiCore.dll". Beginning retry 4 in 1000ms. The process cannot access the file 'D:\github\qf-apps\src\Infrastructure\QuestFlag.Infrastructure.Services\bin\Debug\net10.0\QuestFlag.Infrastructure.ApiCore.dll' because it is being used by another process. The file is locked by: "QuestFlag.Infrastructure.Services (27848)" [D:\github\qf-apps\src\Infrastructure\QuestFlag.Infrastructure.Services\QuestFlag.Infrastructure.Services.csproj]
C:\Program Files\dotnet\sdk\11.0.100-preview.1.26104.118\Microsoft.Common.CurrentVersion.targets(5094,5): warning MSB3026: Could not copy "D:\github\qf-apps\src\Infrastructure\QuestFlag.Infrastructure.Domain\bin\Debug\net10.0\QuestFlag.Infrastructure.Domain.dll" to "bin\Debug\net10.0\QuestFlag.Infrastructure.Domain.dll". Beginning retry 4 in 1000ms. The process cannot access the file 'D:\github\qf-apps\src\Infrastructure\QuestFlag.Infrastructure.Services\bin\Debug\net10.0\QuestFlag.Infrastructure.Domain.dll' because it is being used by another process. The file is locked by: "QuestFlag.Infrastructure.Services (27848)" [D:\github\qf-apps\src\Infrastructure\QuestFlag.Infrastructure.Services\QuestFlag.Infrastructure.Services.csproj]
C:\Program Files\dotnet\sdk\11.0.100-preview.1.26104.118\Microsoft.Common.CurrentVersion.targets(5094,5): warning MSB3026: Could not copy "D:\github\qf-apps\src\Deployment\QuestFlag.ServiceDefaults\bin\Debug\net10.0\QuestFlag.ServiceDefaults.dll" to "bin\Debug\net10.0\QuestFlag.ServiceDefaults.dll". Beginning retry 4 in 1000ms. The process cannot access the file 'D:\github\qf-apps\src\Infrastructure\QuestFlag.Infrastructure.Services\bin\Debug\net10.0\QuestFlag.ServiceDefaults.dll' because it is being used by another process. The file is locked by: "QuestFlag.Infrastructure.Services (27848)" [D:\github\qf-apps\src\Infrastructure\QuestFlag.Infrastructure.Services\QuestFlag.Infrastructure.Services.csproj]
C:\Program Files\dotnet\sdk\11.0.100-preview.1.26104.118\Microsoft.Common.CurrentVersion.targets(5094,5): warning MSB3026: Could not copy "D:\github\qf-apps\src\Infrastructure\QuestFlag.Infrastructure.Application\bin\Debug\net10.0\QuestFlag.Infrastructure.Application.dll" to "bin\Debug\net10.0\QuestFlag.Infrastructure.Application.dll". Beginning retry 4 in 1000ms. The process cannot access the file 'D:\github\qf-apps\src\Infrastructure\QuestFlag.Infrastructure.Services\bin\Debug\net10.0\QuestFlag.Infrastructure.Application.dll' because it is being used by another process. The file is locked by: "QuestFlag.Infrastructure.Services (27848)" [D:\github\qf-apps\src\Infrastructure\QuestFlag.Infrastructure.Services\QuestFlag.Infrastructure.Services.csproj]
C:\Program Files\dotnet\sdk\11.0.100-preview.1.26104.118\Microsoft.Common.CurrentVersion.targets(5094,5): warning MSB3026: Could not copy "D:\github\qf-apps\src\Infrastructure\QuestFlag.Infrastructure.Core\bin\Debug\net10.0\QuestFlag.Infrastructure.Core.dll" to "bin\Debug\net10.0\QuestFlag.Infrastructure.Core.dll". Beginning retry 4 in 1000ms. The process cannot access the file 'D:\github\qf-apps\src\Infrastructure\QuestFlag.Infrastructure.Services\bin\Debug\net10.0\QuestFlag.Infrastructure.Core.dll' because it is being used by another process. The file is locked by: "Microsoft Visual Studio (8508), QuestFlag.Infrastructure.Services (27848)" [D:\github\qf-apps\src\Infrastructure\QuestFlag.Infrastructure.Services\QuestFlag.Infrastructure.Services.csproj]
C:\Program Files\dotnet\sdk\11.0.100-preview.1.26104.118\Microsoft.Common.CurrentVersion.targets(5094,5): warning MSB3026: Could not copy "D:\github\qf-apps\src\Infrastructure\QuestFlag.Infrastructure.ApiCore\bin\Debug\net10.0\QuestFlag.Infrastructure.ApiCore.dll" to "bin\Debug\net10.0\QuestFlag.Infrastructure.ApiCore.dll". Beginning retry 5 in 1000ms. The process cannot access the file 'D:\github\qf-apps\src\Infrastructure\QuestFlag.Infrastructure.Services\bin\Debug\net10.0\QuestFlag.Infrastructure.ApiCore.dll' because it is being used by another process. The file is locked by: "QuestFlag.Infrastructure.Services (27848)" [D:\github\qf-apps\src\Infrastructure\QuestFlag.Infrastructure.Services\QuestFlag.Infrastructure.Services.csproj]
C:\Program Files\dotnet\sdk\11.0.100-preview.1.26104.118\Microsoft.Common.CurrentVersion.targets(5094,5): warning MSB3026: Could not copy "D:\github\qf-apps\src\Deployment\QuestFlag.ServiceDefaults\bin\Debug\net10.0\QuestFlag.ServiceDefaults.dll" to "bin\Debug\net10.0\QuestFlag.ServiceDefaults.dll". Beginning retry 5 in 1000ms. The process cannot access the file 'D:\github\qf-apps\src\Infrastructure\QuestFlag.Infrastructure.Services\bin\Debug\net10.0\QuestFlag.ServiceDefaults.dll' because it is being used by another process. The file is locked by: "QuestFlag.Infrastructure.Services (27848)" [D:\github\qf-apps\src\Infrastructure\QuestFlag.Infrastructure.Services\QuestFlag.Infrastructure.Services.csproj]
C:\Program Files\dotnet\sdk\11.0.100-preview.1.26104.118\Microsoft.Common.CurrentVersion.targets(5094,5): warning MSB3026: Could not copy "D:\github\qf-apps\src\Infrastructure\QuestFlag.Infrastructure.Domain\bin\Debug\net10.0\QuestFlag.Infrastructure.Domain.dll" to "bin\Debug\net10.0\QuestFlag.Infrastructure.Domain.dll". Beginning retry 5 in 1000ms. The process cannot access the file 'D:\github\qf-apps\src\Infrastructure\QuestFlag.Infrastructure.Services\bin\Debug\net10.0\QuestFlag.Infrastructure.Domain.dll' because it is being used by another process. The file is locked by: "QuestFlag.Infrastructure.Services (27848)" [D:\github\qf-apps\src\Infrastructure\QuestFlag.Infrastructure.Services\QuestFlag.Infrastructure.Services.csproj]
C:\Program Files\dotnet\sdk\11.0.100-preview.1.26104.118\Microsoft.Common.CurrentVersion.targets(5094,5): warning MSB3026: Could not copy "D:\github\qf-apps\src\Infrastructure\QuestFlag.Infrastructure.Application\bin\Debug\net10.0\QuestFlag.Infrastructure.Application.dll" to "bin\Debug\net10.0\QuestFlag.Infrastructure.Application.dll". Beginning retry 5 in 1000ms. The process cannot access the file 'D:\github\qf-apps\src\Infrastructure\QuestFlag.Infrastructure.Services\bin\Debug\net10.0\QuestFlag.Infrastructure.Application.dll' because it is being used by another process. The file is locked by: "QuestFlag.Infrastructure.Services (27848)" [D:\github\qf-apps\src\Infrastructure\QuestFlag.Infrastructure.Services\QuestFlag.Infrastructure.Services.csproj]
C:\Program Files\dotnet\sdk\11.0.100-preview.1.26104.118\Microsoft.Common.CurrentVersion.targets(5094,5): warning MSB3026: Could not copy "D:\github\qf-apps\src\Infrastructure\QuestFlag.Infrastructure.Core\bin\Debug\net10.0\QuestFlag.Infrastructure.Core.dll" to "bin\Debug\net10.0\QuestFlag.Infrastructure.Core.dll". Beginning retry 5 in 1000ms. The process cannot access the file 'D:\github\qf-apps\src\Infrastructure\QuestFlag.Infrastructure.Services\bin\Debug\net10.0\QuestFlag.Infrastructure.Core.dll' because it is being used by another process. The file is locked by: "Microsoft Visual Studio (8508), QuestFlag.Infrastructure.Services (27848)" [D:\github\qf-apps\src\Infrastructure\QuestFlag.Infrastructure.Services\QuestFlag.Infrastructure.Services.csproj]
C:\Program Files\dotnet\sdk\11.0.100-preview.1.26104.118\Microsoft.Common.CurrentVersion.targets(5094,5): warning MSB3026: Could not copy "D:\github\qf-apps\src\Infrastructure\QuestFlag.Infrastructure.ApiCore\bin\Debug\net10.0\QuestFlag.Infrastructure.ApiCore.dll" to "bin\Debug\net10.0\QuestFlag.Infrastructure.ApiCore.dll". Beginning retry 6 in 1000ms. The process cannot access the file 'D:\github\qf-apps\src\Infrastructure\QuestFlag.Infrastructure.Services\bin\Debug\net10.0\QuestFlag.Infrastructure.ApiCore.dll' because it is being used by another process. The file is locked by: "QuestFlag.Infrastructure.Services (27848)" [D:\github\qf-apps\src\Infrastructure\QuestFlag.Infrastructure.Services\QuestFlag.Infrastructure.Services.csproj]
C:\Program Files\dotnet\sdk\11.0.100-preview.1.26104.118\Microsoft.Common.CurrentVersion.targets(5094,5): warning MSB3026: Could not copy "D:\github\qf-apps\src\Deployment\QuestFlag.ServiceDefaults\bin\Debug\net10.0\QuestFlag.ServiceDefaults.dll" to "bin\Debug\net10.0\QuestFlag.ServiceDefaults.dll". Beginning retry 6 in 1000ms. The process cannot access the file 'D:\github\qf-apps\src\Infrastructure\QuestFlag.Infrastructure.Services\bin\Debug\net10.0\QuestFlag.ServiceDefaults.dll' because it is being used by another process. The file is locked by: "QuestFlag.Infrastructure.Services (27848)" [D:\github\qf-apps\src\Infrastructure\QuestFlag.Infrastructure.Services\QuestFlag.Infrastructure.Services.csproj]
C:\Program Files\dotnet\sdk\11.0.100-preview.1.26104.118\Microsoft.Common.CurrentVersion.targets(5094,5): warning MSB3026: Could not copy "D:\github\qf-apps\src\Infrastructure\QuestFlag.Infrastructure.Application\bin\Debug\net10.0\QuestFlag.Infrastructure.Application.dll" to "bin\Debug\net10.0\QuestFlag.Infrastructure.Application.dll". Beginning retry 6 in 1000ms. The process cannot access the file 'D:\github\qf-apps\src\Infrastructure\QuestFlag.Infrastructure.Services\bin\Debug\net10.0\QuestFlag.Infrastructure.Application.dll' because it is being used by another process. The file is locked by: "QuestFlag.Infrastructure.Services (27848)" [D:\github\qf-apps\src\Infrastructure\QuestFlag.Infrastructure.Services\QuestFlag.Infrastructure.Services.csproj]
C:\Program Files\dotnet\sdk\11.0.100-preview.1.26104.118\Microsoft.Common.CurrentVersion.targets(5094,5): warning MSB3026: Could not copy "D:\github\qf-apps\src\Infrastructure\QuestFlag.Infrastructure.Domain\bin\Debug\net10.0\QuestFlag.Infrastructure.Domain.dll" to "bin\Debug\net10.0\QuestFlag.Infrastructure.Domain.dll". Beginning retry 6 in 1000ms. The process cannot access the file 'D:\github\qf-apps\src\Infrastructure\QuestFlag.Infrastructure.Services\bin\Debug\net10.0\QuestFlag.Infrastructure.Domain.dll' because it is being used by another process. The file is locked by: "QuestFlag.Infrastructure.Services (27848)" [D:\github\qf-apps\src\Infrastructure\QuestFlag.Infrastructure.Services\QuestFlag.Infrastructure.Services.csproj]
C:\Program Files\dotnet\sdk\11.0.100-preview.1.26104.118\Microsoft.Common.CurrentVersion.targets(5094,5): warning MSB3026: Could not copy "D:\github\qf-apps\src\Infrastructure\QuestFlag.Infrastructure.Core\bin\Debug\net10.0\QuestFlag.Infrastructure.Core.dll" to "bin\Debug\net10.0\QuestFlag.Infrastructure.Core.dll". Beginning retry 6 in 1000ms. The process cannot access the file 'D:\github\qf-apps\src\Infrastructure\QuestFlag.Infrastructure.Services\bin\Debug\net10.0\QuestFlag.Infrastructure.Core.dll' because it is being used by another process. The file is locked by: "Microsoft Visual Studio (8508), QuestFlag.Infrastructure.Services (27848)" [D:\github\qf-apps\src\Infrastructure\QuestFlag.Infrastructure.Services\QuestFlag.Infrastructure.Services.csproj]
C:\Program Files\dotnet\sdk\11.0.100-preview.1.26104.118\Microsoft.Common.CurrentVersion.targets(5094,5): warning MSB3026: Could not copy "D:\github\qf-apps\src\Infrastructure\QuestFlag.Infrastructure.ApiCore\bin\Debug\net10.0\QuestFlag.Infrastructure.ApiCore.dll" to "bin\Debug\net10.0\QuestFlag.Infrastructure.ApiCore.dll". Beginning retry 7 in 1000ms. The process cannot access the file 'D:\github\qf-apps\src\Infrastructure\QuestFlag.Infrastructure.Services\bin\Debug\net10.0\QuestFlag.Infrastructure.ApiCore.dll' because it is being used by another process. The file is locked by: "QuestFlag.Infrastructure.Services (27848)" [D:\github\qf-apps\src\Infrastructure\QuestFlag.Infrastructure.Services\QuestFlag.Infrastructure.Services.csproj]
C:\Program Files\dotnet\sdk\11.0.100-preview.1.26104.118\Microsoft.Common.CurrentVersion.targets(5094,5): warning MSB3026: Could not copy "D:\github\qf-apps\src\Infrastructure\QuestFlag.Infrastructure.Application\bin\Debug\net10.0\QuestFlag.Infrastructure.Application.dll" to "bin\Debug\net10.0\QuestFlag.Infrastructure.Application.dll". Beginning retry 7 in 1000ms. The process cannot access the file 'D:\github\qf-apps\src\Infrastructure\QuestFlag.Infrastructure.Services\bin\Debug\net10.0\QuestFlag.Infrastructure.Application.dll' because it is being used by another process. The file is locked by: "QuestFlag.Infrastructure.Services (27848)" [D:\github\qf-apps\src\Infrastructure\QuestFlag.Infrastructure.Services\QuestFlag.Infrastructure.Services.csproj]
C:\Program Files\dotnet\sdk\11.0.100-preview.1.26104.118\Microsoft.Common.CurrentVersion.targets(5094,5): warning MSB3026: Could not copy "D:\github\qf-apps\src\Infrastructure\QuestFlag.Infrastructure.Domain\bin\Debug\net10.0\QuestFlag.Infrastructure.Domain.dll" to "bin\Debug\net10.0\QuestFlag.Infrastructure.Domain.dll". Beginning retry 7 in 1000ms. The process cannot access the file 'D:\github\qf-apps\src\Infrastructure\QuestFlag.Infrastructure.Services\bin\Debug\net10.0\QuestFlag.Infrastructure.Domain.dll' because it is being used by another process. The file is locked by: "QuestFlag.Infrastructure.Services (27848)" [D:\github\qf-apps\src\Infrastructure\QuestFlag.Infrastructure.Services\QuestFlag.Infrastructure.Services.csproj]
C:\Program Files\dotnet\sdk\11.0.100-preview.1.26104.118\Microsoft.Common.CurrentVersion.targets(5094,5): warning MSB3026: Could not copy "D:\github\qf-apps\src\Deployment\QuestFlag.ServiceDefaults\bin\Debug\net10.0\QuestFlag.ServiceDefaults.dll" to "bin\Debug\net10.0\QuestFlag.ServiceDefaults.dll". Beginning retry 7 in 1000ms. The process cannot access the file 'D:\github\qf-apps\src\Infrastructure\QuestFlag.Infrastructure.Services\bin\Debug\net10.0\QuestFlag.ServiceDefaults.dll' because it is being used by another process. The file is locked by: "QuestFlag.Infrastructure.Services (27848)" [D:\github\qf-apps\src\Infrastructure\QuestFlag.Infrastructure.Services\QuestFlag.Infrastructure.Services.csproj]
C:\Program Files\dotnet\sdk\11.0.100-preview.1.26104.118\Microsoft.Common.CurrentVersion.targets(5094,5): warning MSB3026: Could not copy "D:\github\qf-apps\src\Infrastructure\QuestFlag.Infrastructure.Core\bin\Debug\net10.0\QuestFlag.Infrastructure.Core.dll" to "bin\Debug\net10.0\QuestFlag.Infrastructure.Core.dll". Beginning retry 7 in 1000ms. The process cannot access the file 'D:\github\qf-apps\src\Infrastructure\QuestFlag.Infrastructure.Services\bin\Debug\net10.0\QuestFlag.Infrastructure.Core.dll' because it is being used by another process. The file is locked by: "Microsoft Visual Studio (8508), QuestFlag.Infrastructure.Services (27848)" [D:\github\qf-apps\src\Infrastructure\QuestFlag.Infrastructure.Services\QuestFlag.Infrastructure.Services.csproj]
C:\Program Files\dotnet\sdk\11.0.100-preview.1.26104.118\Microsoft.Common.CurrentVersion.targets(5094,5): warning MSB3026: Could not copy "D:\github\qf-apps\src\Infrastructure\QuestFlag.Infrastructure.ApiCore\bin\Debug\net10.0\QuestFlag.Infrastructure.ApiCore.dll" to "bin\Debug\net10.0\QuestFlag.Infrastructure.ApiCore.dll". Beginning retry 8 in 1000ms. The process cannot access the file 'D:\github\qf-apps\src\Infrastructure\QuestFlag.Infrastructure.Services\bin\Debug\net10.0\QuestFlag.Infrastructure.ApiCore.dll' because it is being used by another process. The file is locked by: "QuestFlag.Infrastructure.Services (27848)" [D:\github\qf-apps\src\Infrastructure\QuestFlag.Infrastructure.Services\QuestFlag.Infrastructure.Services.csproj]
C:\Program Files\dotnet\sdk\11.0.100-preview.1.26104.118\Microsoft.Common.CurrentVersion.targets(5094,5): warning MSB3026: Could not copy "D:\github\qf-apps\src\Infrastructure\QuestFlag.Infrastructure.Application\bin\Debug\net10.0\QuestFlag.Infrastructure.Application.dll" to "bin\Debug\net10.0\QuestFlag.Infrastructure.Application.dll". Beginning retry 8 in 1000ms. The process cannot access the file 'D:\github\qf-apps\src\Infrastructure\QuestFlag.Infrastructure.Services\bin\Debug\net10.0\QuestFlag.Infrastructure.Application.dll' because it is being used by another process. The file is locked by: "QuestFlag.Infrastructure.Services (27848)" [D:\github\qf-apps\src\Infrastructure\QuestFlag.Infrastructure.Services\QuestFlag.Infrastructure.Services.csproj]
C:\Program Files\dotnet\sdk\11.0.100-preview.1.26104.118\Microsoft.Common.CurrentVersion.targets(5094,5): warning MSB3026: Could not copy "D:\github\qf-apps\src\Deployment\QuestFlag.ServiceDefaults\bin\Debug\net10.0\QuestFlag.ServiceDefaults.dll" to "bin\Debug\net10.0\QuestFlag.ServiceDefaults.dll". Beginning retry 8 in 1000ms. The process cannot access the file 'D:\github\qf-apps\src\Infrastructure\QuestFlag.Infrastructure.Services\bin\Debug\net10.0\QuestFlag.ServiceDefaults.dll' because it is being used by another process. The file is locked by: "QuestFlag.Infrastructure.Services (27848)" [D:\github\qf-apps\src\Infrastructure\QuestFlag.Infrastructure.Services\QuestFlag.Infrastructure.Services.csproj]
C:\Program Files\dotnet\sdk\11.0.100-preview.1.26104.118\Microsoft.Common.CurrentVersion.targets(5094,5): warning MSB3026: Could not copy "D:\github\qf-apps\src\Infrastructure\QuestFlag.Infrastructure.Domain\bin\Debug\net10.0\QuestFlag.Infrastructure.Domain.dll" to "bin\Debug\net10.0\QuestFlag.Infrastructure.Domain.dll". Beginning retry 8 in 1000ms. The process cannot access the file 'D:\github\qf-apps\src\Infrastructure\QuestFlag.Infrastructure.Services\bin\Debug\net10.0\QuestFlag.Infrastructure.Domain.dll' because it is being used by another process. The file is locked by: "QuestFlag.Infrastructure.Services (27848)" [D:\github\qf-apps\src\Infrastructure\QuestFlag.Infrastructure.Services\QuestFlag.Infrastructure.Services.csproj]
C:\Program Files\dotnet\sdk\11.0.100-preview.1.26104.118\Microsoft.Common.CurrentVersion.targets(5094,5): warning MSB3026: Could not copy "D:\github\qf-apps\src\Infrastructure\QuestFlag.Infrastructure.Core\bin\Debug\net10.0\QuestFlag.Infrastructure.Core.dll" to "bin\Debug\net10.0\QuestFlag.Infrastructure.Core.dll". Beginning retry 8 in 1000ms. The process cannot access the file 'D:\github\qf-apps\src\Infrastructure\QuestFlag.Infrastructure.Services\bin\Debug\net10.0\QuestFlag.Infrastructure.Core.dll' because it is being used by another process. The file is locked by: "Microsoft Visual Studio (8508), QuestFlag.Infrastructure.Services (27848)" [D:\github\qf-apps\src\Infrastructure\QuestFlag.Infrastructure.Services\QuestFlag.Infrastructure.Services.csproj]
C:\Program Files\dotnet\sdk\11.0.100-preview.1.26104.118\Microsoft.Common.CurrentVersion.targets(5094,5): warning MSB3026: Could not copy "D:\github\qf-apps\src\Infrastructure\QuestFlag.Infrastructure.ApiCore\bin\Debug\net10.0\QuestFlag.Infrastructure.ApiCore.dll" to "bin\Debug\net10.0\QuestFlag.Infrastructure.ApiCore.dll". Beginning retry 9 in 1000ms. The process cannot access the file 'D:\github\qf-apps\src\Infrastructure\QuestFlag.Infrastructure.Services\bin\Debug\net10.0\QuestFlag.Infrastructure.ApiCore.dll' because it is being used by another process. The file is locked by: "QuestFlag.Infrastructure.Services (27848)" [D:\github\qf-apps\src\Infrastructure\QuestFlag.Infrastructure.Services\QuestFlag.Infrastructure.Services.csproj]
C:\Program Files\dotnet\sdk\11.0.100-preview.1.26104.118\Microsoft.Common.CurrentVersion.targets(5094,5): warning MSB3026: Could not copy "D:\github\qf-apps\src\Infrastructure\QuestFlag.Infrastructure.Application\bin\Debug\net10.0\QuestFlag.Infrastructure.Application.dll" to "bin\Debug\net10.0\QuestFlag.Infrastructure.Application.dll". Beginning retry 9 in 1000ms. The process cannot access the file 'D:\github\qf-apps\src\Infrastructure\QuestFlag.Infrastructure.Services\bin\Debug\net10.0\QuestFlag.Infrastructure.Application.dll' because it is being used by another process. The file is locked by: "QuestFlag.Infrastructure.Services (27848)" [D:\github\qf-apps\src\Infrastructure\QuestFlag.Infrastructure.Services\QuestFlag.Infrastructure.Services.csproj]
C:\Program Files\dotnet\sdk\11.0.100-preview.1.26104.118\Microsoft.Common.CurrentVersion.targets(5094,5): warning MSB3026: Could not copy "D:\github\qf-apps\src\Deployment\QuestFlag.ServiceDefaults\bin\Debug\net10.0\QuestFlag.ServiceDefaults.dll" to "bin\Debug\net10.0\QuestFlag.ServiceDefaults.dll". Beginning retry 9 in 1000ms. The process cannot access the file 'D:\github\qf-apps\src\Infrastructure\QuestFlag.Infrastructure.Services\bin\Debug\net10.0\QuestFlag.ServiceDefaults.dll' because it is being used by another process. The file is locked by: "QuestFlag.Infrastructure.Services (27848)" [D:\github\qf-apps\src\Infrastructure\QuestFlag.Infrastructure.Services\QuestFlag.Infrastructure.Services.csproj]
C:\Program Files\dotnet\sdk\11.0.100-preview.1.26104.118\Microsoft.Common.CurrentVersion.targets(5094,5): warning MSB3026: Could not copy "D:\github\qf-apps\src\Infrastructure\QuestFlag.Infrastructure.Domain\bin\Debug\net10.0\QuestFlag.Infrastructure.Domain.dll" to "bin\Debug\net10.0\QuestFlag.Infrastructure.Domain.dll". Beginning retry 9 in 1000ms. The process cannot access the file 'D:\github\qf-apps\src\Infrastructure\QuestFlag.Infrastructure.Services\bin\Debug\net10.0\QuestFlag.Infrastructure.Domain.dll' because it is being used by another process. The file is locked by: "QuestFlag.Infrastructure.Services (27848)" [D:\github\qf-apps\src\Infrastructure\QuestFlag.Infrastructure.Services\QuestFlag.Infrastructure.Services.csproj]
C:\Program Files\dotnet\sdk\11.0.100-preview.1.26104.118\Microsoft.Common.CurrentVersion.targets(5094,5): warning MSB3026: Could not copy "D:\github\qf-apps\src\Infrastructure\QuestFlag.Infrastructure.Core\bin\Debug\net10.0\QuestFlag.Infrastructure.Core.dll" to "bin\Debug\net10.0\QuestFlag.Infrastructure.Core.dll". Beginning retry 9 in 1000ms. The process cannot access the file 'D:\github\qf-apps\src\Infrastructure\QuestFlag.Infrastructure.Services\bin\Debug\net10.0\QuestFlag.Infrastructure.Core.dll' because it is being used by another process. The file is locked by: "Microsoft Visual Studio (8508), QuestFlag.Infrastructure.Services (27848)" [D:\github\qf-apps\src\Infrastructure\QuestFlag.Infrastructure.Services\QuestFlag.Infrastructure.Services.csproj]
C:\Program Files\dotnet\sdk\11.0.100-preview.1.26104.118\Microsoft.Common.CurrentVersion.targets(5094,5): warning MSB3026: Could not copy "D:\github\qf-apps\src\Infrastructure\QuestFlag.Infrastructure.ApiCore\bin\Debug\net10.0\QuestFlag.Infrastructure.ApiCore.dll" to "bin\Debug\net10.0\QuestFlag.Infrastructure.ApiCore.dll". Beginning retry 10 in 1000ms. The process cannot access the file 'D:\github\qf-apps\src\Infrastructure\QuestFlag.Infrastructure.Services\bin\Debug\net10.0\QuestFlag.Infrastructure.ApiCore.dll' because it is being used by another process. The file is locked by: "QuestFlag.Infrastructure.Services (27848)" [D:\github\qf-apps\src\Infrastructure\QuestFlag.Infrastructure.Services\QuestFlag.Infrastructure.Services.csproj]
C:\Program Files\dotnet\sdk\11.0.100-preview.1.26104.118\Microsoft.Common.CurrentVersion.targets(5094,5): warning MSB3026: Could not copy "D:\github\qf-apps\src\Infrastructure\QuestFlag.Infrastructure.Application\bin\Debug\net10.0\QuestFlag.Infrastructure.Application.dll" to "bin\Debug\net10.0\QuestFlag.Infrastructure.Application.dll". Beginning retry 10 in 1000ms. The process cannot access the file 'D:\github\qf-apps\src\Infrastructure\QuestFlag.Infrastructure.Services\bin\Debug\net10.0\QuestFlag.Infrastructure.Application.dll' because it is being used by another process. The file is locked by: "QuestFlag.Infrastructure.Services (27848)" [D:\github\qf-apps\src\Infrastructure\QuestFlag.Infrastructure.Services\QuestFlag.Infrastructure.Services.csproj]
C:\Program Files\dotnet\sdk\11.0.100-preview.1.26104.118\Microsoft.Common.CurrentVersion.targets(5094,5): warning MSB3026: Could not copy "D:\github\qf-apps\src\Deployment\QuestFlag.ServiceDefaults\bin\Debug\net10.0\QuestFlag.ServiceDefaults.dll" to "bin\Debug\net10.0\QuestFlag.ServiceDefaults.dll". Beginning retry 10 in 1000ms. The process cannot access the file 'D:\github\qf-apps\src\Infrastructure\QuestFlag.Infrastructure.Services\bin\Debug\net10.0\QuestFlag.ServiceDefaults.dll' because it is being used by another process. The file is locked by: "QuestFlag.Infrastructure.Services (27848)" [D:\github\qf-apps\src\Infrastructure\QuestFlag.Infrastructure.Services\QuestFlag.Infrastructure.Services.csproj]
C:\Program Files\dotnet\sdk\11.0.100-preview.1.26104.118\Microsoft.Common.CurrentVersion.targets(5094,5): warning MSB3026: Could not copy "D:\github\qf-apps\src\Infrastructure\QuestFlag.Infrastructure.Domain\bin\Debug\net10.0\QuestFlag.Infrastructure.Domain.dll" to "bin\Debug\net10.0\QuestFlag.Infrastructure.Domain.dll". Beginning retry 10 in 1000ms. The process cannot access the file 'D:\github\qf-apps\src\Infrastructure\QuestFlag.Infrastructure.Services\bin\Debug\net10.0\QuestFlag.Infrastructure.Domain.dll' because it is being used by another process. The file is locked by: "QuestFlag.Infrastructure.Services (27848)" [D:\github\qf-apps\src\Infrastructure\QuestFlag.Infrastructure.Services\QuestFlag.Infrastructure.Services.csproj]
C:\Program Files\dotnet\sdk\11.0.100-preview.1.26104.118\Microsoft.Common.CurrentVersion.targets(5094,5): warning MSB3026: Could not copy "D:\github\qf-apps\src\Infrastructure\QuestFlag.Infrastructure.Core\bin\Debug\net10.0\QuestFlag.Infrastructure.Core.dll" to "bin\Debug\net10.0\QuestFlag.Infrastructure.Core.dll". Beginning retry 10 in 1000ms. The process cannot access the file 'D:\github\qf-apps\src\Infrastructure\QuestFlag.Infrastructure.Services\bin\Debug\net10.0\QuestFlag.Infrastructure.Core.dll' because it is being used by another process. The file is locked by: "Microsoft Visual Studio (8508), QuestFlag.Infrastructure.Services (27848)" [D:\github\qf-apps\src\Infrastructure\QuestFlag.Infrastructure.Services\QuestFlag.Infrastructure.Services.csproj]
C:\Program Files\dotnet\sdk\11.0.100-preview.1.26104.118\Microsoft.Common.CurrentVersion.targets(5094,5): error MSB3027: Could not copy "D:\github\qf-apps\src\Infrastructure\QuestFlag.Infrastructure.ApiCore\bin\Debug\net10.0\QuestFlag.Infrastructure.ApiCore.dll" to "bin\Debug\net10.0\QuestFlag.Infrastructure.ApiCore.dll". Exceeded retry count of 10. Failed. The file is locked by: "QuestFlag.Infrastructure.Services (27848)" [D:\github\qf-apps\src\Infrastructure\QuestFlag.Infrastructure.Services\QuestFlag.Infrastructure.Services.csproj]
C:\Program Files\dotnet\sdk\11.0.100-preview.1.26104.118\Microsoft.Common.CurrentVersion.targets(5094,5): error MSB3021: Unable to copy file "D:\github\qf-apps\src\Infrastructure\QuestFlag.Infrastructure.ApiCore\bin\Debug\net10.0\QuestFlag.Infrastructure.ApiCore.dll" to "bin\Debug\net10.0\QuestFlag.Infrastructure.ApiCore.dll". The process cannot access the file 'D:\github\qf-apps\src\Infrastructure\QuestFlag.Infrastructure.Services\bin\Debug\net10.0\QuestFlag.Infrastructure.ApiCore.dll' because it is being used by another process. [D:\github\qf-apps\src\Infrastructure\QuestFlag.Infrastructure.Services\QuestFlag.Infrastructure.Services.csproj]
C:\Program Files\dotnet\sdk\11.0.100-preview.1.26104.118\Microsoft.Common.CurrentVersion.targets(5094,5): error MSB3027: Could not copy "D:\github\qf-apps\src\Infrastructure\QuestFlag.Infrastructure.Application\bin\Debug\net10.0\QuestFlag.Infrastructure.Application.dll" to "bin\Debug\net10.0\QuestFlag.Infrastructure.Application.dll". Exceeded retry count of 10. Failed. The file is locked by: "QuestFlag.Infrastructure.Services (27848)" [D:\github\qf-apps\src\Infrastructure\QuestFlag.Infrastructure.Services\QuestFlag.Infrastructure.Services.csproj]
C:\Program Files\dotnet\sdk\11.0.100-preview.1.26104.118\Microsoft.Common.CurrentVersion.targets(5094,5): error MSB3021: Unable to copy file "D:\github\qf-apps\src\Infrastructure\QuestFlag.Infrastructure.Application\bin\Debug\net10.0\QuestFlag.Infrastructure.Application.dll" to "bin\Debug\net10.0\QuestFlag.Infrastructure.Application.dll". The process cannot access the file 'D:\github\qf-apps\src\Infrastructure\QuestFlag.Infrastructure.Services\bin\Debug\net10.0\QuestFlag.Infrastructure.Application.dll' because it is being used by another process. [D:\github\qf-apps\src\Infrastructure\QuestFlag.Infrastructure.Services\QuestFlag.Infrastructure.Services.csproj]
C:\Program Files\dotnet\sdk\11.0.100-preview.1.26104.118\Microsoft.Common.CurrentVersion.targets(5094,5): error MSB3027: Could not copy "D:\github\qf-apps\src\Infrastructure\QuestFlag.Infrastructure.Domain\bin\Debug\net10.0\QuestFlag.Infrastructure.Domain.dll" to "bin\Debug\net10.0\QuestFlag.Infrastructure.Domain.dll". Exceeded retry count of 10. Failed. The file is locked by: "QuestFlag.Infrastructure.Services (27848)" [D:\github\qf-apps\src\Infrastructure\QuestFlag.Infrastructure.Services\QuestFlag.Infrastructure.Services.csproj]
C:\Program Files\dotnet\sdk\11.0.100-preview.1.26104.118\Microsoft.Common.CurrentVersion.targets(5094,5): error MSB3021: Unable to copy file "D:\github\qf-apps\src\Infrastructure\QuestFlag.Infrastructure.Domain\bin\Debug\net10.0\QuestFlag.Infrastructure.Domain.dll" to "bin\Debug\net10.0\QuestFlag.Infrastructure.Domain.dll". The process cannot access the file 'D:\github\qf-apps\src\Infrastructure\QuestFlag.Infrastructure.Services\bin\Debug\net10.0\QuestFlag.Infrastructure.Domain.dll' because it is being used by another process. [D:\github\qf-apps\src\Infrastructure\QuestFlag.Infrastructure.Services\QuestFlag.Infrastructure.Services.csproj]
C:\Program Files\dotnet\sdk\11.0.100-preview.1.26104.118\Microsoft.Common.CurrentVersion.targets(5094,5): error MSB3027: Could not copy "D:\github\qf-apps\src\Deployment\QuestFlag.ServiceDefaults\bin\Debug\net10.0\QuestFlag.ServiceDefaults.dll" to "bin\Debug\net10.0\QuestFlag.ServiceDefaults.dll". Exceeded retry count of 10. Failed. The file is locked by: "QuestFlag.Infrastructure.Services (27848)" [D:\github\qf-apps\src\Infrastructure\QuestFlag.Infrastructure.Services\QuestFlag.Infrastructure.Services.csproj]
C:\Program Files\dotnet\sdk\11.0.100-preview.1.26104.118\Microsoft.Common.CurrentVersion.targets(5094,5): error MSB3021: Unable to copy file "D:\github\qf-apps\src\Deployment\QuestFlag.ServiceDefaults\bin\Debug\net10.0\QuestFlag.ServiceDefaults.dll" to "bin\Debug\net10.0\QuestFlag.ServiceDefaults.dll". The process cannot access the file 'D:\github\qf-apps\src\Infrastructure\QuestFlag.Infrastructure.Services\bin\Debug\net10.0\QuestFlag.ServiceDefaults.dll' because it is being used by another process. [D:\github\qf-apps\src\Infrastructure\QuestFlag.Infrastructure.Services\QuestFlag.Infrastructure.Services.csproj]
C:\Program Files\dotnet\sdk\11.0.100-preview.1.26104.118\Microsoft.Common.CurrentVersion.targets(5094,5): error MSB3027: Could not copy "D:\github\qf-apps\src\Infrastructure\QuestFlag.Infrastructure.Core\bin\Debug\net10.0\QuestFlag.Infrastructure.Core.dll" to "bin\Debug\net10.0\QuestFlag.Infrastructure.Core.dll". Exceeded retry count of 10. Failed. The file is locked by: "Microsoft Visual Studio (8508), QuestFlag.Infrastructure.Services (27848)" [D:\github\qf-apps\src\Infrastructure\QuestFlag.Infrastructure.Services\QuestFlag.Infrastructure.Services.csproj]
C:\Program Files\dotnet\sdk\11.0.100-preview.1.26104.118\Microsoft.Common.CurrentVersion.targets(5094,5): error MSB3021: Unable to copy file "D:\github\qf-apps\src\Infrastructure\QuestFlag.Infrastructure.Core\bin\Debug\net10.0\QuestFlag.Infrastructure.Core.dll" to "bin\Debug\net10.0\QuestFlag.Infrastructure.Core.dll". The process cannot access the file 'D:\github\qf-apps\src\Infrastructure\QuestFlag.Infrastructure.Services\bin\Debug\net10.0\QuestFlag.Infrastructure.Core.dll' because it is being used by another process. [D:\github\qf-apps\src\Infrastructure\QuestFlag.Infrastructure.Services\QuestFlag.Infrastructure.Services.csproj]
    50 Warning(s)
    10 Error(s)

Time Elapsed 00:00:17.17
  Determining projects to restore...
  Restored D:\github\qf-apps\src\Passport\QuestFlag.Passport.Domain\QuestFlag.Passport.Domain.csproj (in 809 ms).
  Restored D:\github\qf-apps\src\Passport\QuestFlag.Passport.Application\QuestFlag.Passport.Application.csproj (in 806 ms).
  Restored D:\github\qf-apps\src\Passport\QuestFlag.Passport.Core\QuestFlag.Passport.Core.csproj (in 809 ms).
  Restored D:\github\qf-apps\src\Passport\QuestFlag.Passport.Services\QuestFlag.Passport.Services.csproj (in 962 ms).
  5 of 9 projects are up-to-date for restore.
C:\Program Files\dotnet\sdk\11.0.100-preview.1.26104.118\Sdks\Microsoft.NET.Sdk\targets\Microsoft.NET.RuntimeIdentifierInference.targets(383,5): message NETSDK1057: You are using a preview version of .NET. See: https://aka.ms/dotnet-support-policy [D:\github\qf-apps\src\Passport\QuestFlag.Passport.Services\QuestFlag.Passport.Services.csproj]
C:\Program Files\dotnet\sdk\11.0.100-preview.1.26104.118\Sdks\Microsoft.NET.Sdk\targets\Microsoft.NET.RuntimeIdentifierInference.targets(383,5): message NETSDK1057: You are using a preview version of .NET. See: https://aka.ms/dotnet-support-policy [D:\github\qf-apps\src\Infrastructure\QuestFlag.Infrastructure.Application\QuestFlag.Infrastructure.Application.csproj]
C:\Program Files\dotnet\sdk\11.0.100-preview.1.26104.118\Sdks\Microsoft.NET.Sdk\targets\Microsoft.NET.RuntimeIdentifierInference.targets(383,5): message NETSDK1057: You are using a preview version of .NET. See: https://aka.ms/dotnet-support-policy [D:\github\qf-apps\src\Passport\QuestFlag.Passport.Core\QuestFlag.Passport.Core.csproj]
C:\Program Files\dotnet\sdk\11.0.100-preview.1.26104.118\Sdks\Microsoft.NET.Sdk\targets\Microsoft.NET.RuntimeIdentifierInference.targets(383,5): message NETSDK1057: You are using a preview version of .NET. See: https://aka.ms/dotnet-support-policy [D:\github\qf-apps\src\Passport\QuestFlag.Passport.Domain\QuestFlag.Passport.Domain.csproj]
C:\Program Files\dotnet\sdk\11.0.100-preview.1.26104.118\Sdks\Microsoft.NET.Sdk\targets\Microsoft.NET.RuntimeIdentifierInference.targets(383,5): message NETSDK1057: You are using a preview version of .NET. See: https://aka.ms/dotnet-support-policy [D:\github\qf-apps\src\Infrastructure\QuestFlag.Infrastructure.Domain\QuestFlag.Infrastructure.Domain.csproj]
C:\Program Files\dotnet\sdk\11.0.100-preview.1.26104.118\Sdks\Microsoft.NET.Sdk\targets\Microsoft.NET.RuntimeIdentifierInference.targets(383,5): message NETSDK1057: You are using a preview version of .NET. See: https://aka.ms/dotnet-support-policy [D:\github\qf-apps\src\Deployment\QuestFlag.ServiceDefaults\QuestFlag.ServiceDefaults.csproj]
C:\Program Files\dotnet\sdk\11.0.100-preview.1.26104.118\Sdks\Microsoft.NET.Sdk\targets\Microsoft.NET.RuntimeIdentifierInference.targets(383,5): message NETSDK1057: You are using a preview version of .NET. See: https://aka.ms/dotnet-support-policy [D:\github\qf-apps\src\Infrastructure\QuestFlag.Infrastructure.ApiCore\QuestFlag.Infrastructure.ApiCore.csproj]
C:\Program Files\dotnet\sdk\11.0.100-preview.1.26104.118\Sdks\Microsoft.NET.Sdk\targets\Microsoft.NET.RuntimeIdentifierInference.targets(383,5): message NETSDK1057: You are using a preview version of .NET. See: https://aka.ms/dotnet-support-policy [D:\github\qf-apps\src\Infrastructure\QuestFlag.Infrastructure.Core\QuestFlag.Infrastructure.Core.csproj]
  QuestFlag.Infrastructure.Domain -> D:\github\qf-apps\src\Infrastructure\QuestFlag.Infrastructure.Domain\bin\Debug\net10.0\QuestFlag.Infrastructure.Domain.dll
  QuestFlag.Passport.Domain -> D:\github\qf-apps\src\Passport\QuestFlag.Passport.Domain\bin\Debug\net10.0\QuestFlag.Passport.Domain.dll
  QuestFlag.Infrastructure.Application -> D:\github\qf-apps\src\Infrastructure\QuestFlag.Infrastructure.Application\bin\Debug\net10.0\QuestFlag.Infrastructure.Application.dll
  QuestFlag.ServiceDefaults -> D:\github\qf-apps\src\Deployment\QuestFlag.ServiceDefaults\bin\Debug\net10.0\QuestFlag.ServiceDefaults.dll
  QuestFlag.Infrastructure.Core -> D:\github\qf-apps\src\Infrastructure\QuestFlag.Infrastructure.Core\bin\Debug\net10.0\QuestFlag.Infrastructure.Core.dll
  QuestFlag.Passport.Application -> D:\github\qf-apps\src\Passport\QuestFlag.Passport.Application\bin\Debug\net10.0\QuestFlag.Passport.Application.dll
  QuestFlag.Infrastructure.ApiCore -> D:\github\qf-apps\src\Infrastructure\QuestFlag.Infrastructure.ApiCore\bin\Debug\net10.0\QuestFlag.Infrastructure.ApiCore.dll
  QuestFlag.Passport.Core -> D:\github\qf-apps\src\Passport\QuestFlag.Passport.Core\bin\Debug\net10.0\QuestFlag.Passport.Core.dll
C:\Program Files\dotnet\sdk\11.0.100-preview.1.26104.118\Microsoft.Common.CurrentVersion.targets(5094,5): warning MSB3026: Could not copy "D:\github\qf-apps\src\Passport\QuestFlag.Passport.Domain\bin\Debug\net10.0\QuestFlag.Passport.Domain.dll" to "bin\Debug\net10.0\QuestFlag.Passport.Domain.dll". Beginning retry 1 in 1000ms. The process cannot access the file 'D:\github\qf-apps\src\Passport\QuestFlag.Passport.Services\bin\Debug\net10.0\QuestFlag.Passport.Domain.dll' because it is being used by another process. The file is locked by: "QuestFlag.Passport.Services (12196)" [D:\github\qf-apps\src\Passport\QuestFlag.Passport.Services\QuestFlag.Passport.Services.csproj]
C:\Program Files\dotnet\sdk\11.0.100-preview.1.26104.118\Microsoft.Common.CurrentVersion.targets(5094,5): warning MSB3026: Could not copy "D:\github\qf-apps\src\Infrastructure\QuestFlag.Infrastructure.Core\bin\Debug\net10.0\QuestFlag.Infrastructure.Core.dll" to "bin\Debug\net10.0\QuestFlag.Infrastructure.Core.dll". Beginning retry 1 in 1000ms. The process cannot access the file 'D:\github\qf-apps\src\Passport\QuestFlag.Passport.Services\bin\Debug\net10.0\QuestFlag.Infrastructure.Core.dll' because it is being used by another process. The file is locked by: "Microsoft Visual Studio (8508), QuestFlag.Passport.Services (12196)" [D:\github\qf-apps\src\Passport\QuestFlag.Passport.Services\QuestFlag.Passport.Services.csproj]
C:\Program Files\dotnet\sdk\11.0.100-preview.1.26104.118\Microsoft.Common.CurrentVersion.targets(5094,5): warning MSB3026: Could not copy "D:\github\qf-apps\src\Deployment\QuestFlag.ServiceDefaults\bin\Debug\net10.0\QuestFlag.ServiceDefaults.dll" to "bin\Debug\net10.0\QuestFlag.ServiceDefaults.dll". Beginning retry 1 in 1000ms. The process cannot access the file 'D:\github\qf-apps\src\Passport\QuestFlag.Passport.Services\bin\Debug\net10.0\QuestFlag.ServiceDefaults.dll' because it is being used by another process. The file is locked by: "QuestFlag.Passport.Services (12196)" [D:\github\qf-apps\src\Passport\QuestFlag.Passport.Services\QuestFlag.Passport.Services.csproj]
C:\Program Files\dotnet\sdk\11.0.100-preview.1.26104.118\Microsoft.Common.CurrentVersion.targets(5094,5): warning MSB3026: Could not copy "D:\github\qf-apps\src\Infrastructure\QuestFlag.Infrastructure.ApiCore\bin\Debug\net10.0\QuestFlag.Infrastructure.ApiCore.dll" to "bin\Debug\net10.0\QuestFlag.Infrastructure.ApiCore.dll". Beginning retry 1 in 1000ms. The process cannot access the file 'D:\github\qf-apps\src\Passport\QuestFlag.Passport.Services\bin\Debug\net10.0\QuestFlag.Infrastructure.ApiCore.dll' because it is being used by another process. The file is locked by: "QuestFlag.Passport.Services (12196)" [D:\github\qf-apps\src\Passport\QuestFlag.Passport.Services\QuestFlag.Passport.Services.csproj]
C:\Program Files\dotnet\sdk\11.0.100-preview.1.26104.118\Microsoft.Common.CurrentVersion.targets(5094,5): warning MSB3026: Could not copy "D:\github\qf-apps\src\Passport\QuestFlag.Passport.Core\bin\Debug\net10.0\QuestFlag.Passport.Core.dll" to "bin\Debug\net10.0\QuestFlag.Passport.Core.dll". Beginning retry 1 in 1000ms. The process cannot access the file 'D:\github\qf-apps\src\Passport\QuestFlag.Passport.Services\bin\Debug\net10.0\QuestFlag.Passport.Core.dll' because it is being used by another process. The file is locked by: "Microsoft Visual Studio (8508), QuestFlag.Passport.Services (12196)" [D:\github\qf-apps\src\Passport\QuestFlag.Passport.Services\QuestFlag.Passport.Services.csproj]
C:\Program Files\dotnet\sdk\11.0.100-preview.1.26104.118\Microsoft.Common.CurrentVersion.targets(5094,5): warning MSB3026: Could not copy "D:\github\qf-apps\src\Passport\QuestFlag.Passport.Application\bin\Debug\net10.0\QuestFlag.Passport.Application.dll" to "bin\Debug\net10.0\QuestFlag.Passport.Application.dll". Beginning retry 1 in 1000ms. The process cannot access the file 'D:\github\qf-apps\src\Passport\QuestFlag.Passport.Services\bin\Debug\net10.0\QuestFlag.Passport.Application.dll' because it is being used by another process. The file is locked by: "Microsoft Visual Studio (8508), QuestFlag.Passport.Services (12196)" [D:\github\qf-apps\src\Passport\QuestFlag.Passport.Services\QuestFlag.Passport.Services.csproj]
C:\Program Files\dotnet\sdk\11.0.100-preview.1.26104.118\Microsoft.Common.CurrentVersion.targets(5094,5): warning MSB3026: Could not copy "D:\github\qf-apps\src\Passport\QuestFlag.Passport.Domain\bin\Debug\net10.0\QuestFlag.Passport.Domain.dll" to "bin\Debug\net10.0\QuestFlag.Passport.Domain.dll". Beginning retry 2 in 1000ms. The process cannot access the file 'D:\github\qf-apps\src\Passport\QuestFlag.Passport.Services\bin\Debug\net10.0\QuestFlag.Passport.Domain.dll' because it is being used by another process. The file is locked by: "QuestFlag.Passport.Services (12196)" [D:\github\qf-apps\src\Passport\QuestFlag.Passport.Services\QuestFlag.Passport.Services.csproj]
C:\Program Files\dotnet\sdk\11.0.100-preview.1.26104.118\Microsoft.Common.CurrentVersion.targets(5094,5): warning MSB3026: Could not copy "D:\github\qf-apps\src\Infrastructure\QuestFlag.Infrastructure.Core\bin\Debug\net10.0\QuestFlag.Infrastructure.Core.dll" to "bin\Debug\net10.0\QuestFlag.Infrastructure.Core.dll". Beginning retry 2 in 1000ms. The process cannot access the file 'D:\github\qf-apps\src\Passport\QuestFlag.Passport.Services\bin\Debug\net10.0\QuestFlag.Infrastructure.Core.dll' because it is being used by another process. The file is locked by: "Microsoft Visual Studio (8508), QuestFlag.Passport.Services (12196)" [D:\github\qf-apps\src\Passport\QuestFlag.Passport.Services\QuestFlag.Passport.Services.csproj]
C:\Program Files\dotnet\sdk\11.0.100-preview.1.26104.118\Microsoft.Common.CurrentVersion.targets(5094,5): warning MSB3026: Could not copy "D:\github\qf-apps\src\Deployment\QuestFlag.ServiceDefaults\bin\Debug\net10.0\QuestFlag.ServiceDefaults.dll" to "bin\Debug\net10.0\QuestFlag.ServiceDefaults.dll". Beginning retry 2 in 1000ms. The process cannot access the file 'D:\github\qf-apps\src\Passport\QuestFlag.Passport.Services\bin\Debug\net10.0\QuestFlag.ServiceDefaults.dll' because it is being used by another process. The file is locked by: "QuestFlag.Passport.Services (12196)" [D:\github\qf-apps\src\Passport\QuestFlag.Passport.Services\QuestFlag.Passport.Services.csproj]
C:\Program Files\dotnet\sdk\11.0.100-preview.1.26104.118\Microsoft.Common.CurrentVersion.targets(5094,5): warning MSB3026: Could not copy "D:\github\qf-apps\src\Infrastructure\QuestFlag.Infrastructure.ApiCore\bin\Debug\net10.0\QuestFlag.Infrastructure.ApiCore.dll" to "bin\Debug\net10.0\QuestFlag.Infrastructure.ApiCore.dll". Beginning retry 2 in 1000ms. The process cannot access the file 'D:\github\qf-apps\src\Passport\QuestFlag.Passport.Services\bin\Debug\net10.0\QuestFlag.Infrastructure.ApiCore.dll' because it is being used by another process. The file is locked by: "QuestFlag.Passport.Services (12196)" [D:\github\qf-apps\src\Passport\QuestFlag.Passport.Services\QuestFlag.Passport.Services.csproj]
C:\Program Files\dotnet\sdk\11.0.100-preview.1.26104.118\Microsoft.Common.CurrentVersion.targets(5094,5): warning MSB3026: Could not copy "D:\github\qf-apps\src\Passport\QuestFlag.Passport.Core\bin\Debug\net10.0\QuestFlag.Passport.Core.dll" to "bin\Debug\net10.0\QuestFlag.Passport.Core.dll". Beginning retry 2 in 1000ms. The process cannot access the file 'D:\github\qf-apps\src\Passport\QuestFlag.Passport.Services\bin\Debug\net10.0\QuestFlag.Passport.Core.dll' because it is being used by another process. The file is locked by: "Microsoft Visual Studio (8508), QuestFlag.Passport.Services (12196)" [D:\github\qf-apps\src\Passport\QuestFlag.Passport.Services\QuestFlag.Passport.Services.csproj]
C:\Program Files\dotnet\sdk\11.0.100-preview.1.26104.118\Microsoft.Common.CurrentVersion.targets(5094,5): warning MSB3026: Could not copy "D:\github\qf-apps\src\Passport\QuestFlag.Passport.Application\bin\Debug\net10.0\QuestFlag.Passport.Application.dll" to "bin\Debug\net10.0\QuestFlag.Passport.Application.dll". Beginning retry 2 in 1000ms. The process cannot access the file 'D:\github\qf-apps\src\Passport\QuestFlag.Passport.Services\bin\Debug\net10.0\QuestFlag.Passport.Application.dll' because it is being used by another process. The file is locked by: "Microsoft Visual Studio (8508), QuestFlag.Passport.Services (12196)" [D:\github\qf-apps\src\Passport\QuestFlag.Passport.Services\QuestFlag.Passport.Services.csproj]
C:\Program Files\dotnet\sdk\11.0.100-preview.1.26104.118\Microsoft.Common.CurrentVersion.targets(5094,5): warning MSB3026: Could not copy "D:\github\qf-apps\src\Passport\QuestFlag.Passport.Domain\bin\Debug\net10.0\QuestFlag.Passport.Domain.dll" to "bin\Debug\net10.0\QuestFlag.Passport.Domain.dll". Beginning retry 3 in 1000ms. The process cannot access the file 'D:\github\qf-apps\src\Passport\QuestFlag.Passport.Services\bin\Debug\net10.0\QuestFlag.Passport.Domain.dll' because it is being used by another process. The file is locked by: "QuestFlag.Passport.Services (12196)" [D:\github\qf-apps\src\Passport\QuestFlag.Passport.Services\QuestFlag.Passport.Services.csproj]
C:\Program Files\dotnet\sdk\11.0.100-preview.1.26104.118\Microsoft.Common.CurrentVersion.targets(5094,5): warning MSB3026: Could not copy "D:\github\qf-apps\src\Infrastructure\QuestFlag.Infrastructure.Core\bin\Debug\net10.0\QuestFlag.Infrastructure.Core.dll" to "bin\Debug\net10.0\QuestFlag.Infrastructure.Core.dll". Beginning retry 3 in 1000ms. The process cannot access the file 'D:\github\qf-apps\src\Passport\QuestFlag.Passport.Services\bin\Debug\net10.0\QuestFlag.Infrastructure.Core.dll' because it is being used by another process. The file is locked by: "Microsoft Visual Studio (8508), QuestFlag.Passport.Services (12196)" [D:\github\qf-apps\src\Passport\QuestFlag.Passport.Services\QuestFlag.Passport.Services.csproj]
C:\Program Files\dotnet\sdk\11.0.100-preview.1.26104.118\Microsoft.Common.CurrentVersion.targets(5094,5): warning MSB3026: Could not copy "D:\github\qf-apps\src\Deployment\QuestFlag.ServiceDefaults\bin\Debug\net10.0\QuestFlag.ServiceDefaults.dll" to "bin\Debug\net10.0\QuestFlag.ServiceDefaults.dll". Beginning retry 3 in 1000ms. The process cannot access the file 'D:\github\qf-apps\src\Passport\QuestFlag.Passport.Services\bin\Debug\net10.0\QuestFlag.ServiceDefaults.dll' because it is being used by another process. The file is locked by: "QuestFlag.Passport.Services (12196)" [D:\github\qf-apps\src\Passport\QuestFlag.Passport.Services\QuestFlag.Passport.Services.csproj]
C:\Program Files\dotnet\sdk\11.0.100-preview.1.26104.118\Microsoft.Common.CurrentVersion.targets(5094,5): warning MSB3026: Could not copy "D:\github\qf-apps\src\Infrastructure\QuestFlag.Infrastructure.ApiCore\bin\Debug\net10.0\QuestFlag.Infrastructure.ApiCore.dll" to "bin\Debug\net10.0\QuestFlag.Infrastructure.ApiCore.dll". Beginning retry 3 in 1000ms. The process cannot access the file 'D:\github\qf-apps\src\Passport\QuestFlag.Passport.Services\bin\Debug\net10.0\QuestFlag.Infrastructure.ApiCore.dll' because it is being used by another process. The file is locked by: "QuestFlag.Passport.Services (12196)" [D:\github\qf-apps\src\Passport\QuestFlag.Passport.Services\QuestFlag.Passport.Services.csproj]
C:\Program Files\dotnet\sdk\11.0.100-preview.1.26104.118\Microsoft.Common.CurrentVersion.targets(5094,5): warning MSB3026: Could not copy "D:\github\qf-apps\src\Passport\QuestFlag.Passport.Core\bin\Debug\net10.0\QuestFlag.Passport.Core.dll" to "bin\Debug\net10.0\QuestFlag.Passport.Core.dll". Beginning retry 3 in 1000ms. The process cannot access the file 'D:\github\qf-apps\src\Passport\QuestFlag.Passport.Services\bin\Debug\net10.0\QuestFlag.Passport.Core.dll' because it is being used by another process. The file is locked by: "Microsoft Visual Studio (8508), QuestFlag.Passport.Services (12196)" [D:\github\qf-apps\src\Passport\QuestFlag.Passport.Services\QuestFlag.Passport.Services.csproj]
C:\Program Files\dotnet\sdk\11.0.100-preview.1.26104.118\Microsoft.Common.CurrentVersion.targets(5094,5): warning MSB3026: Could not copy "D:\github\qf-apps\src\Passport\QuestFlag.Passport.Application\bin\Debug\net10.0\QuestFlag.Passport.Application.dll" to "bin\Debug\net10.0\QuestFlag.Passport.Application.dll". Beginning retry 3 in 1000ms. The process cannot access the file 'D:\github\qf-apps\src\Passport\QuestFlag.Passport.Services\bin\Debug\net10.0\QuestFlag.Passport.Application.dll' because it is being used by another process. The file is locked by: "Microsoft Visual Studio (8508), QuestFlag.Passport.Services (12196)" [D:\github\qf-apps\src\Passport\QuestFlag.Passport.Services\QuestFlag.Passport.Services.csproj]
C:\Program Files\dotnet\sdk\11.0.100-preview.1.26104.118\Microsoft.Common.CurrentVersion.targets(5094,5): warning MSB3026: Could not copy "D:\github\qf-apps\src\Passport\QuestFlag.Passport.Domain\bin\Debug\net10.0\QuestFlag.Passport.Domain.dll" to "bin\Debug\net10.0\QuestFlag.Passport.Domain.dll". Beginning retry 4 in 1000ms. The process cannot access the file 'D:\github\qf-apps\src\Passport\QuestFlag.Passport.Services\bin\Debug\net10.0\QuestFlag.Passport.Domain.dll' because it is being used by another process. The file is locked by: "QuestFlag.Passport.Services (12196)" [D:\github\qf-apps\src\Passport\QuestFlag.Passport.Services\QuestFlag.Passport.Services.csproj]
C:\Program Files\dotnet\sdk\11.0.100-preview.1.26104.118\Microsoft.Common.CurrentVersion.targets(5094,5): warning MSB3026: Could not copy "D:\github\qf-apps\src\Infrastructure\QuestFlag.Infrastructure.Core\bin\Debug\net10.0\QuestFlag.Infrastructure.Core.dll" to "bin\Debug\net10.0\QuestFlag.Infrastructure.Core.dll". Beginning retry 4 in 1000ms. The process cannot access the file 'D:\github\qf-apps\src\Passport\QuestFlag.Passport.Services\bin\Debug\net10.0\QuestFlag.Infrastructure.Core.dll' because it is being used by another process. The file is locked by: "Microsoft Visual Studio (8508), QuestFlag.Passport.Services (12196)" [D:\github\qf-apps\src\Passport\QuestFlag.Passport.Services\QuestFlag.Passport.Services.csproj]
C:\Program Files\dotnet\sdk\11.0.100-preview.1.26104.118\Microsoft.Common.CurrentVersion.targets(5094,5): warning MSB3026: Could not copy "D:\github\qf-apps\src\Deployment\QuestFlag.ServiceDefaults\bin\Debug\net10.0\QuestFlag.ServiceDefaults.dll" to "bin\Debug\net10.0\QuestFlag.ServiceDefaults.dll". Beginning retry 4 in 1000ms. The process cannot access the file 'D:\github\qf-apps\src\Passport\QuestFlag.Passport.Services\bin\Debug\net10.0\QuestFlag.ServiceDefaults.dll' because it is being used by another process. The file is locked by: "QuestFlag.Passport.Services (12196)" [D:\github\qf-apps\src\Passport\QuestFlag.Passport.Services\QuestFlag.Passport.Services.csproj]
C:\Program Files\dotnet\sdk\11.0.100-preview.1.26104.118\Microsoft.Common.CurrentVersion.targets(5094,5): warning MSB3026: Could not copy "D:\github\qf-apps\src\Infrastructure\QuestFlag.Infrastructure.ApiCore\bin\Debug\net10.0\QuestFlag.Infrastructure.ApiCore.dll" to "bin\Debug\net10.0\QuestFlag.Infrastructure.ApiCore.dll". Beginning retry 4 in 1000ms. The process cannot access the file 'D:\github\qf-apps\src\Passport\QuestFlag.Passport.Services\bin\Debug\net10.0\QuestFlag.Infrastructure.ApiCore.dll' because it is being used by another process. The file is locked by: "QuestFlag.Passport.Services (12196)" [D:\github\qf-apps\src\Passport\QuestFlag.Passport.Services\QuestFlag.Passport.Services.csproj]
C:\Program Files\dotnet\sdk\11.0.100-preview.1.26104.118\Microsoft.Common.CurrentVersion.targets(5094,5): warning MSB3026: Could not copy "D:\github\qf-apps\src\Passport\QuestFlag.Passport.Core\bin\Debug\net10.0\QuestFlag.Passport.Core.dll" to "bin\Debug\net10.0\QuestFlag.Passport.Core.dll". Beginning retry 4 in 1000ms. The process cannot access the file 'D:\github\qf-apps\src\Passport\QuestFlag.Passport.Services\bin\Debug\net10.0\QuestFlag.Passport.Core.dll' because it is being used by another process. The file is locked by: "Microsoft Visual Studio (8508), QuestFlag.Passport.Services (12196)" [D:\github\qf-apps\src\Passport\QuestFlag.Passport.Services\QuestFlag.Passport.Services.csproj]
C:\Program Files\dotnet\sdk\11.0.100-preview.1.26104.118\Microsoft.Common.CurrentVersion.targets(5094,5): warning MSB3026: Could not copy "D:\github\qf-apps\src\Passport\QuestFlag.Passport.Application\bin\Debug\net10.0\QuestFlag.Passport.Application.dll" to "bin\Debug\net10.0\QuestFlag.Passport.Application.dll". Beginning retry 4 in 1000ms. The process cannot access the file 'D:\github\qf-apps\src\Passport\QuestFlag.Passport.Services\bin\Debug\net10.0\QuestFlag.Passport.Application.dll' because it is being used by another process. The file is locked by: "Microsoft Visual Studio (8508), QuestFlag.Passport.Services (12196)" [D:\github\qf-apps\src\Passport\QuestFlag.Passport.Services\QuestFlag.Passport.Services.csproj]
C:\Program Files\dotnet\sdk\11.0.100-preview.1.26104.118\Microsoft.Common.CurrentVersion.targets(5094,5): warning MSB3026: Could not copy "D:\github\qf-apps\src\Passport\QuestFlag.Passport.Domain\bin\Debug\net10.0\QuestFlag.Passport.Domain.dll" to "bin\Debug\net10.0\QuestFlag.Passport.Domain.dll". Beginning retry 5 in 1000ms. The process cannot access the file 'D:\github\qf-apps\src\Passport\QuestFlag.Passport.Services\bin\Debug\net10.0\QuestFlag.Passport.Domain.dll' because it is being used by another process. The file is locked by: "QuestFlag.Passport.Services (12196)" [D:\github\qf-apps\src\Passport\QuestFlag.Passport.Services\QuestFlag.Passport.Services.csproj]
C:\Program Files\dotnet\sdk\11.0.100-preview.1.26104.118\Microsoft.Common.CurrentVersion.targets(5094,5): warning MSB3026: Could not copy "D:\github\qf-apps\src\Infrastructure\QuestFlag.Infrastructure.Core\bin\Debug\net10.0\QuestFlag.Infrastructure.Core.dll" to "bin\Debug\net10.0\QuestFlag.Infrastructure.Core.dll". Beginning retry 5 in 1000ms. The process cannot access the file 'D:\github\qf-apps\src\Passport\QuestFlag.Passport.Services\bin\Debug\net10.0\QuestFlag.Infrastructure.Core.dll' because it is being used by another process. The file is locked by: "Microsoft Visual Studio (8508), QuestFlag.Passport.Services (12196)" [D:\github\qf-apps\src\Passport\QuestFlag.Passport.Services\QuestFlag.Passport.Services.csproj]
C:\Program Files\dotnet\sdk\11.0.100-preview.1.26104.118\Microsoft.Common.CurrentVersion.targets(5094,5): warning MSB3026: Could not copy "D:\github\qf-apps\src\Infrastructure\QuestFlag.Infrastructure.ApiCore\bin\Debug\net10.0\QuestFlag.Infrastructure.ApiCore.dll" to "bin\Debug\net10.0\QuestFlag.Infrastructure.ApiCore.dll". Beginning retry 5 in 1000ms. The process cannot access the file 'D:\github\qf-apps\src\Passport\QuestFlag.Passport.Services\bin\Debug\net10.0\QuestFlag.Infrastructure.ApiCore.dll' because it is being used by another process. The file is locked by: "QuestFlag.Passport.Services (12196)" [D:\github\qf-apps\src\Passport\QuestFlag.Passport.Services\QuestFlag.Passport.Services.csproj]
C:\Program Files\dotnet\sdk\11.0.100-preview.1.26104.118\Microsoft.Common.CurrentVersion.targets(5094,5): warning MSB3026: Could not copy "D:\github\qf-apps\src\Deployment\QuestFlag.ServiceDefaults\bin\Debug\net10.0\QuestFlag.ServiceDefaults.dll" to "bin\Debug\net10.0\QuestFlag.ServiceDefaults.dll". Beginning retry 5 in 1000ms. The process cannot access the file 'D:\github\qf-apps\src\Passport\QuestFlag.Passport.Services\bin\Debug\net10.0\QuestFlag.ServiceDefaults.dll' because it is being used by another process. The file is locked by: "QuestFlag.Passport.Services (12196)" [D:\github\qf-apps\src\Passport\QuestFlag.Passport.Services\QuestFlag.Passport.Services.csproj]
C:\Program Files\dotnet\sdk\11.0.100-preview.1.26104.118\Microsoft.Common.CurrentVersion.targets(5094,5): warning MSB3026: Could not copy "D:\github\qf-apps\src\Passport\QuestFlag.Passport.Core\bin\Debug\net10.0\QuestFlag.Passport.Core.dll" to "bin\Debug\net10.0\QuestFlag.Passport.Core.dll". Beginning retry 5 in 1000ms. The process cannot access the file 'D:\github\qf-apps\src\Passport\QuestFlag.Passport.Services\bin\Debug\net10.0\QuestFlag.Passport.Core.dll' because it is being used by another process. The file is locked by: "Microsoft Visual Studio (8508), QuestFlag.Passport.Services (12196)" [D:\github\qf-apps\src\Passport\QuestFlag.Passport.Services\QuestFlag.Passport.Services.csproj]
C:\Program Files\dotnet\sdk\11.0.100-preview.1.26104.118\Microsoft.Common.CurrentVersion.targets(5094,5): warning MSB3026: Could not copy "D:\github\qf-apps\src\Passport\QuestFlag.Passport.Application\bin\Debug\net10.0\QuestFlag.Passport.Application.dll" to "bin\Debug\net10.0\QuestFlag.Passport.Application.dll". Beginning retry 5 in 1000ms. The process cannot access the file 'D:\github\qf-apps\src\Passport\QuestFlag.Passport.Services\bin\Debug\net10.0\QuestFlag.Passport.Application.dll' because it is being used by another process. The file is locked by: "Microsoft Visual Studio (8508), QuestFlag.Passport.Services (12196)" [D:\github\qf-apps\src\Passport\QuestFlag.Passport.Services\QuestFlag.Passport.Services.csproj]
C:\Program Files\dotnet\sdk\11.0.100-preview.1.26104.118\Microsoft.Common.CurrentVersion.targets(5094,5): warning MSB3026: Could not copy "D:\github\qf-apps\src\Passport\QuestFlag.Passport.Domain\bin\Debug\net10.0\QuestFlag.Passport.Domain.dll" to "bin\Debug\net10.0\QuestFlag.Passport.Domain.dll". Beginning retry 6 in 1000ms. The process cannot access the file 'D:\github\qf-apps\src\Passport\QuestFlag.Passport.Services\bin\Debug\net10.0\QuestFlag.Passport.Domain.dll' because it is being used by another process. The file is locked by: "QuestFlag.Passport.Services (12196)" [D:\github\qf-apps\src\Passport\QuestFlag.Passport.Services\QuestFlag.Passport.Services.csproj]
C:\Program Files\dotnet\sdk\11.0.100-preview.1.26104.118\Microsoft.Common.CurrentVersion.targets(5094,5): warning MSB3026: Could not copy "D:\github\qf-apps\src\Infrastructure\QuestFlag.Infrastructure.Core\bin\Debug\net10.0\QuestFlag.Infrastructure.Core.dll" to "bin\Debug\net10.0\QuestFlag.Infrastructure.Core.dll". Beginning retry 6 in 1000ms. The process cannot access the file 'D:\github\qf-apps\src\Passport\QuestFlag.Passport.Services\bin\Debug\net10.0\QuestFlag.Infrastructure.Core.dll' because it is being used by another process. The file is locked by: "Microsoft Visual Studio (8508), QuestFlag.Passport.Services (12196)" [D:\github\qf-apps\src\Passport\QuestFlag.Passport.Services\QuestFlag.Passport.Services.csproj]
C:\Program Files\dotnet\sdk\11.0.100-preview.1.26104.118\Microsoft.Common.CurrentVersion.targets(5094,5): warning MSB3026: Could not copy "D:\github\qf-apps\src\Deployment\QuestFlag.ServiceDefaults\bin\Debug\net10.0\QuestFlag.ServiceDefaults.dll" to "bin\Debug\net10.0\QuestFlag.ServiceDefaults.dll". Beginning retry 6 in 1000ms. The process cannot access the file 'D:\github\qf-apps\src\Passport\QuestFlag.Passport.Services\bin\Debug\net10.0\QuestFlag.ServiceDefaults.dll' because it is being used by another process. The file is locked by: "QuestFlag.Passport.Services (12196)" [D:\github\qf-apps\src\Passport\QuestFlag.Passport.Services\QuestFlag.Passport.Services.csproj]
C:\Program Files\dotnet\sdk\11.0.100-preview.1.26104.118\Microsoft.Common.CurrentVersion.targets(5094,5): warning MSB3026: Could not copy "D:\github\qf-apps\src\Infrastructure\QuestFlag.Infrastructure.ApiCore\bin\Debug\net10.0\QuestFlag.Infrastructure.ApiCore.dll" to "bin\Debug\net10.0\QuestFlag.Infrastructure.ApiCore.dll". Beginning retry 6 in 1000ms. The process cannot access the file 'D:\github\qf-apps\src\Passport\QuestFlag.Passport.Services\bin\Debug\net10.0\QuestFlag.Infrastructure.ApiCore.dll' because it is being used by another process. The file is locked by: "QuestFlag.Passport.Services (12196)" [D:\github\qf-apps\src\Passport\QuestFlag.Passport.Services\QuestFlag.Passport.Services.csproj]
C:\Program Files\dotnet\sdk\11.0.100-preview.1.26104.118\Microsoft.Common.CurrentVersion.targets(5094,5): warning MSB3026: Could not copy "D:\github\qf-apps\src\Passport\QuestFlag.Passport.Core\bin\Debug\net10.0\QuestFlag.Passport.Core.dll" to "bin\Debug\net10.0\QuestFlag.Passport.Core.dll". Beginning retry 6 in 1000ms. The process cannot access the file 'D:\github\qf-apps\src\Passport\QuestFlag.Passport.Services\bin\Debug\net10.0\QuestFlag.Passport.Core.dll' because it is being used by another process. The file is locked by: "Microsoft Visual Studio (8508), QuestFlag.Passport.Services (12196)" [D:\github\qf-apps\src\Passport\QuestFlag.Passport.Services\QuestFlag.Passport.Services.csproj]
C:\Program Files\dotnet\sdk\11.0.100-preview.1.26104.118\Microsoft.Common.CurrentVersion.targets(5094,5): warning MSB3026: Could not copy "D:\github\qf-apps\src\Passport\QuestFlag.Passport.Application\bin\Debug\net10.0\QuestFlag.Passport.Application.dll" to "bin\Debug\net10.0\QuestFlag.Passport.Application.dll". Beginning retry 6 in 1000ms. The process cannot access the file 'D:\github\qf-apps\src\Passport\QuestFlag.Passport.Services\bin\Debug\net10.0\QuestFlag.Passport.Application.dll' because it is being used by another process. The file is locked by: "Microsoft Visual Studio (8508), QuestFlag.Passport.Services (12196)" [D:\github\qf-apps\src\Passport\QuestFlag.Passport.Services\QuestFlag.Passport.Services.csproj]
C:\Program Files\dotnet\sdk\11.0.100-preview.1.26104.118\Microsoft.Common.CurrentVersion.targets(5094,5): warning MSB3026: Could not copy "D:\github\qf-apps\src\Passport\QuestFlag.Passport.Domain\bin\Debug\net10.0\QuestFlag.Passport.Domain.dll" to "bin\Debug\net10.0\QuestFlag.Passport.Domain.dll". Beginning retry 7 in 1000ms. The process cannot access the file 'D:\github\qf-apps\src\Passport\QuestFlag.Passport.Services\bin\Debug\net10.0\QuestFlag.Passport.Domain.dll' because it is being used by another process. The file is locked by: "QuestFlag.Passport.Services (12196)" [D:\github\qf-apps\src\Passport\QuestFlag.Passport.Services\QuestFlag.Passport.Services.csproj]
C:\Program Files\dotnet\sdk\11.0.100-preview.1.26104.118\Microsoft.Common.CurrentVersion.targets(5094,5): warning MSB3026: Could not copy "D:\github\qf-apps\src\Infrastructure\QuestFlag.Infrastructure.Core\bin\Debug\net10.0\QuestFlag.Infrastructure.Core.dll" to "bin\Debug\net10.0\QuestFlag.Infrastructure.Core.dll". Beginning retry 7 in 1000ms. The process cannot access the file 'D:\github\qf-apps\src\Passport\QuestFlag.Passport.Services\bin\Debug\net10.0\QuestFlag.Infrastructure.Core.dll' because it is being used by another process. The file is locked by: "Microsoft Visual Studio (8508), QuestFlag.Passport.Services (12196)" [D:\github\qf-apps\src\Passport\QuestFlag.Passport.Services\QuestFlag.Passport.Services.csproj]
C:\Program Files\dotnet\sdk\11.0.100-preview.1.26104.118\Microsoft.Common.CurrentVersion.targets(5094,5): warning MSB3026: Could not copy "D:\github\qf-apps\src\Deployment\QuestFlag.ServiceDefaults\bin\Debug\net10.0\QuestFlag.ServiceDefaults.dll" to "bin\Debug\net10.0\QuestFlag.ServiceDefaults.dll". Beginning retry 7 in 1000ms. The process cannot access the file 'D:\github\qf-apps\src\Passport\QuestFlag.Passport.Services\bin\Debug\net10.0\QuestFlag.ServiceDefaults.dll' because it is being used by another process. The file is locked by: "QuestFlag.Passport.Services (12196)" [D:\github\qf-apps\src\Passport\QuestFlag.Passport.Services\QuestFlag.Passport.Services.csproj]
C:\Program Files\dotnet\sdk\11.0.100-preview.1.26104.118\Microsoft.Common.CurrentVersion.targets(5094,5): warning MSB3026: Could not copy "D:\github\qf-apps\src\Infrastructure\QuestFlag.Infrastructure.ApiCore\bin\Debug\net10.0\QuestFlag.Infrastructure.ApiCore.dll" to "bin\Debug\net10.0\QuestFlag.Infrastructure.ApiCore.dll". Beginning retry 7 in 1000ms. The process cannot access the file 'D:\github\qf-apps\src\Passport\QuestFlag.Passport.Services\bin\Debug\net10.0\QuestFlag.Infrastructure.ApiCore.dll' because it is being used by another process. The file is locked by: "QuestFlag.Passport.Services (12196)" [D:\github\qf-apps\src\Passport\QuestFlag.Passport.Services\QuestFlag.Passport.Services.csproj]
C:\Program Files\dotnet\sdk\11.0.100-preview.1.26104.118\Microsoft.Common.CurrentVersion.targets(5094,5): warning MSB3026: Could not copy "D:\github\qf-apps\src\Passport\QuestFlag.Passport.Core\bin\Debug\net10.0\QuestFlag.Passport.Core.dll" to "bin\Debug\net10.0\QuestFlag.Passport.Core.dll". Beginning retry 7 in 1000ms. The process cannot access the file 'D:\github\qf-apps\src\Passport\QuestFlag.Passport.Services\bin\Debug\net10.0\QuestFlag.Passport.Core.dll' because it is being used by another process. The file is locked by: "Microsoft Visual Studio (8508), QuestFlag.Passport.Services (12196)" [D:\github\qf-apps\src\Passport\QuestFlag.Passport.Services\QuestFlag.Passport.Services.csproj]
C:\Program Files\dotnet\sdk\11.0.100-preview.1.26104.118\Microsoft.Common.CurrentVersion.targets(5094,5): warning MSB3026: Could not copy "D:\github\qf-apps\src\Passport\QuestFlag.Passport.Application\bin\Debug\net10.0\QuestFlag.Passport.Application.dll" to "bin\Debug\net10.0\QuestFlag.Passport.Application.dll". Beginning retry 7 in 1000ms. The process cannot access the file 'D:\github\qf-apps\src\Passport\QuestFlag.Passport.Services\bin\Debug\net10.0\QuestFlag.Passport.Application.dll' because it is being used by another process. The file is locked by: "Microsoft Visual Studio (8508), QuestFlag.Passport.Services (12196)" [D:\github\qf-apps\src\Passport\QuestFlag.Passport.Services\QuestFlag.Passport.Services.csproj]
C:\Program Files\dotnet\sdk\11.0.100-preview.1.26104.118\Microsoft.Common.CurrentVersion.targets(5094,5): warning MSB3026: Could not copy "D:\github\qf-apps\src\Passport\QuestFlag.Passport.Domain\bin\Debug\net10.0\QuestFlag.Passport.Domain.dll" to "bin\Debug\net10.0\QuestFlag.Passport.Domain.dll". Beginning retry 8 in 1000ms. The process cannot access the file 'D:\github\qf-apps\src\Passport\QuestFlag.Passport.Services\bin\Debug\net10.0\QuestFlag.Passport.Domain.dll' because it is being used by another process. The file is locked by: "QuestFlag.Passport.Services (12196)" [D:\github\qf-apps\src\Passport\QuestFlag.Passport.Services\QuestFlag.Passport.Services.csproj]
C:\Program Files\dotnet\sdk\11.0.100-preview.1.26104.118\Microsoft.Common.CurrentVersion.targets(5094,5): warning MSB3026: Could not copy "D:\github\qf-apps\src\Infrastructure\QuestFlag.Infrastructure.Core\bin\Debug\net10.0\QuestFlag.Infrastructure.Core.dll" to "bin\Debug\net10.0\QuestFlag.Infrastructure.Core.dll". Beginning retry 8 in 1000ms. The process cannot access the file 'D:\github\qf-apps\src\Passport\QuestFlag.Passport.Services\bin\Debug\net10.0\QuestFlag.Infrastructure.Core.dll' because it is being used by another process. The file is locked by: "Microsoft Visual Studio (8508), QuestFlag.Passport.Services (12196)" [D:\github\qf-apps\src\Passport\QuestFlag.Passport.Services\QuestFlag.Passport.Services.csproj]
C:\Program Files\dotnet\sdk\11.0.100-preview.1.26104.118\Microsoft.Common.CurrentVersion.targets(5094,5): warning MSB3026: Could not copy "D:\github\qf-apps\src\Infrastructure\QuestFlag.Infrastructure.ApiCore\bin\Debug\net10.0\QuestFlag.Infrastructure.ApiCore.dll" to "bin\Debug\net10.0\QuestFlag.Infrastructure.ApiCore.dll". Beginning retry 8 in 1000ms. The process cannot access the file 'D:\github\qf-apps\src\Passport\QuestFlag.Passport.Services\bin\Debug\net10.0\QuestFlag.Infrastructure.ApiCore.dll' because it is being used by another process. The file is locked by: "QuestFlag.Passport.Services (12196)" [D:\github\qf-apps\src\Passport\QuestFlag.Passport.Services\QuestFlag.Passport.Services.csproj]
C:\Program Files\dotnet\sdk\11.0.100-preview.1.26104.118\Microsoft.Common.CurrentVersion.targets(5094,5): warning MSB3026: Could not copy "D:\github\qf-apps\src\Deployment\QuestFlag.ServiceDefaults\bin\Debug\net10.0\QuestFlag.ServiceDefaults.dll" to "bin\Debug\net10.0\QuestFlag.ServiceDefaults.dll". Beginning retry 8 in 1000ms. The process cannot access the file 'D:\github\qf-apps\src\Passport\QuestFlag.Passport.Services\bin\Debug\net10.0\QuestFlag.ServiceDefaults.dll' because it is being used by another process. The file is locked by: "QuestFlag.Passport.Services (12196)" [D:\github\qf-apps\src\Passport\QuestFlag.Passport.Services\QuestFlag.Passport.Services.csproj]
C:\Program Files\dotnet\sdk\11.0.100-preview.1.26104.118\Microsoft.Common.CurrentVersion.targets(5094,5): warning MSB3026: Could not copy "D:\github\qf-apps\src\Passport\QuestFlag.Passport.Core\bin\Debug\net10.0\QuestFlag.Passport.Core.dll" to "bin\Debug\net10.0\QuestFlag.Passport.Core.dll". Beginning retry 8 in 1000ms. The process cannot access the file 'D:\github\qf-apps\src\Passport\QuestFlag.Passport.Services\bin\Debug\net10.0\QuestFlag.Passport.Core.dll' because it is being used by another process. The file is locked by: "Microsoft Visual Studio (8508), QuestFlag.Passport.Services (12196)" [D:\github\qf-apps\src\Passport\QuestFlag.Passport.Services\QuestFlag.Passport.Services.csproj]
C:\Program Files\dotnet\sdk\11.0.100-preview.1.26104.118\Microsoft.Common.CurrentVersion.targets(5094,5): warning MSB3026: Could not copy "D:\github\qf-apps\src\Passport\QuestFlag.Passport.Application\bin\Debug\net10.0\QuestFlag.Passport.Application.dll" to "bin\Debug\net10.0\QuestFlag.Passport.Application.dll". Beginning retry 8 in 1000ms. The process cannot access the file 'D:\github\qf-apps\src\Passport\QuestFlag.Passport.Services\bin\Debug\net10.0\QuestFlag.Passport.Application.dll' because it is being used by another process. The file is locked by: "Microsoft Visual Studio (8508), QuestFlag.Passport.Services (12196)" [D:\github\qf-apps\src\Passport\QuestFlag.Passport.Services\QuestFlag.Passport.Services.csproj]
C:\Program Files\dotnet\sdk\11.0.100-preview.1.26104.118\Microsoft.Common.CurrentVersion.targets(5094,5): warning MSB3026: Could not copy "D:\github\qf-apps\src\Passport\QuestFlag.Passport.Domain\bin\Debug\net10.0\QuestFlag.Passport.Domain.dll" to "bin\Debug\net10.0\QuestFlag.Passport.Domain.dll". Beginning retry 9 in 1000ms. The process cannot access the file 'D:\github\qf-apps\src\Passport\QuestFlag.Passport.Services\bin\Debug\net10.0\QuestFlag.Passport.Domain.dll' because it is being used by another process. The file is locked by: "QuestFlag.Passport.Services (12196)" [D:\github\qf-apps\src\Passport\QuestFlag.Passport.Services\QuestFlag.Passport.Services.csproj]
C:\Program Files\dotnet\sdk\11.0.100-preview.1.26104.118\Microsoft.Common.CurrentVersion.targets(5094,5): warning MSB3026: Could not copy "D:\github\qf-apps\src\Infrastructure\QuestFlag.Infrastructure.Core\bin\Debug\net10.0\QuestFlag.Infrastructure.Core.dll" to "bin\Debug\net10.0\QuestFlag.Infrastructure.Core.dll". Beginning retry 9 in 1000ms. The process cannot access the file 'D:\github\qf-apps\src\Passport\QuestFlag.Passport.Services\bin\Debug\net10.0\QuestFlag.Infrastructure.Core.dll' because it is being used by another process. The file is locked by: "Microsoft Visual Studio (8508), QuestFlag.Passport.Services (12196)" [D:\github\qf-apps\src\Passport\QuestFlag.Passport.Services\QuestFlag.Passport.Services.csproj]
C:\Program Files\dotnet\sdk\11.0.100-preview.1.26104.118\Microsoft.Common.CurrentVersion.targets(5094,5): warning MSB3026: Could not copy "D:\github\qf-apps\src\Deployment\QuestFlag.ServiceDefaults\bin\Debug\net10.0\QuestFlag.ServiceDefaults.dll" to "bin\Debug\net10.0\QuestFlag.ServiceDefaults.dll". Beginning retry 9 in 1000ms. The process cannot access the file 'D:\github\qf-apps\src\Passport\QuestFlag.Passport.Services\bin\Debug\net10.0\QuestFlag.ServiceDefaults.dll' because it is being used by another process. The file is locked by: "QuestFlag.Passport.Services (12196)" [D:\github\qf-apps\src\Passport\QuestFlag.Passport.Services\QuestFlag.Passport.Services.csproj]
C:\Program Files\dotnet\sdk\11.0.100-preview.1.26104.118\Microsoft.Common.CurrentVersion.targets(5094,5): warning MSB3026: Could not copy "D:\github\qf-apps\src\Infrastructure\QuestFlag.Infrastructure.ApiCore\bin\Debug\net10.0\QuestFlag.Infrastructure.ApiCore.dll" to "bin\Debug\net10.0\QuestFlag.Infrastructure.ApiCore.dll". Beginning retry 9 in 1000ms. The process cannot access the file 'D:\github\qf-apps\src\Passport\QuestFlag.Passport.Services\bin\Debug\net10.0\QuestFlag.Infrastructure.ApiCore.dll' because it is being used by another process. The file is locked by: "QuestFlag.Passport.Services (12196)" [D:\github\qf-apps\src\Passport\QuestFlag.Passport.Services\QuestFlag.Passport.Services.csproj]
C:\Program Files\dotnet\sdk\11.0.100-preview.1.26104.118\Microsoft.Common.CurrentVersion.targets(5094,5): warning MSB3026: Could not copy "D:\github\qf-apps\src\Passport\QuestFlag.Passport.Core\bin\Debug\net10.0\QuestFlag.Passport.Core.dll" to "bin\Debug\net10.0\QuestFlag.Passport.Core.dll". Beginning retry 9 in 1000ms. The process cannot access the file 'D:\github\qf-apps\src\Passport\QuestFlag.Passport.Services\bin\Debug\net10.0\QuestFlag.Passport.Core.dll' because it is being used by another process. The file is locked by: "Microsoft Visual Studio (8508), QuestFlag.Passport.Services (12196)" [D:\github\qf-apps\src\Passport\QuestFlag.Passport.Services\QuestFlag.Passport.Services.csproj]
C:\Program Files\dotnet\sdk\11.0.100-preview.1.26104.118\Microsoft.Common.CurrentVersion.targets(5094,5): warning MSB3026: Could not copy "D:\github\qf-apps\src\Passport\QuestFlag.Passport.Application\bin\Debug\net10.0\QuestFlag.Passport.Application.dll" to "bin\Debug\net10.0\QuestFlag.Passport.Application.dll". Beginning retry 9 in 1000ms. The process cannot access the file 'D:\github\qf-apps\src\Passport\QuestFlag.Passport.Services\bin\Debug\net10.0\QuestFlag.Passport.Application.dll' because it is being used by another process. The file is locked by: "Microsoft Visual Studio (8508), QuestFlag.Passport.Services (12196)" [D:\github\qf-apps\src\Passport\QuestFlag.Passport.Services\QuestFlag.Passport.Services.csproj]
C:\Program Files\dotnet\sdk\11.0.100-preview.1.26104.118\Microsoft.Common.CurrentVersion.targets(5094,5): warning MSB3026: Could not copy "D:\github\qf-apps\src\Passport\QuestFlag.Passport.Domain\bin\Debug\net10.0\QuestFlag.Passport.Domain.dll" to "bin\Debug\net10.0\QuestFlag.Passport.Domain.dll". Beginning retry 10 in 1000ms. The process cannot access the file 'D:\github\qf-apps\src\Passport\QuestFlag.Passport.Services\bin\Debug\net10.0\QuestFlag.Passport.Domain.dll' because it is being used by another process. The file is locked by: "QuestFlag.Passport.Services (12196)" [D:\github\qf-apps\src\Passport\QuestFlag.Passport.Services\QuestFlag.Passport.Services.csproj]
C:\Program Files\dotnet\sdk\11.0.100-preview.1.26104.118\Microsoft.Common.CurrentVersion.targets(5094,5): warning MSB3026: Could not copy "D:\github\qf-apps\src\Infrastructure\QuestFlag.Infrastructure.Core\bin\Debug\net10.0\QuestFlag.Infrastructure.Core.dll" to "bin\Debug\net10.0\QuestFlag.Infrastructure.Core.dll". Beginning retry 10 in 1000ms. The process cannot access the file 'D:\github\qf-apps\src\Passport\QuestFlag.Passport.Services\bin\Debug\net10.0\QuestFlag.Infrastructure.Core.dll' because it is being used by another process. The file is locked by: "Microsoft Visual Studio (8508), QuestFlag.Passport.Services (12196)" [D:\github\qf-apps\src\Passport\QuestFlag.Passport.Services\QuestFlag.Passport.Services.csproj]
C:\Program Files\dotnet\sdk\11.0.100-preview.1.26104.118\Microsoft.Common.CurrentVersion.targets(5094,5): warning MSB3026: Could not copy "D:\github\qf-apps\src\Deployment\QuestFlag.ServiceDefaults\bin\Debug\net10.0\QuestFlag.ServiceDefaults.dll" to "bin\Debug\net10.0\QuestFlag.ServiceDefaults.dll". Beginning retry 10 in 1000ms. The process cannot access the file 'D:\github\qf-apps\src\Passport\QuestFlag.Passport.Services\bin\Debug\net10.0\QuestFlag.ServiceDefaults.dll' because it is being used by another process. The file is locked by: "QuestFlag.Passport.Services (12196)" [D:\github\qf-apps\src\Passport\QuestFlag.Passport.Services\QuestFlag.Passport.Services.csproj]
C:\Program Files\dotnet\sdk\11.0.100-preview.1.26104.118\Microsoft.Common.CurrentVersion.targets(5094,5): warning MSB3026: Could not copy "D:\github\qf-apps\src\Infrastructure\QuestFlag.Infrastructure.ApiCore\bin\Debug\net10.0\QuestFlag.Infrastructure.ApiCore.dll" to "bin\Debug\net10.0\QuestFlag.Infrastructure.ApiCore.dll". Beginning retry 10 in 1000ms. The process cannot access the file 'D:\github\qf-apps\src\Passport\QuestFlag.Passport.Services\bin\Debug\net10.0\QuestFlag.Infrastructure.ApiCore.dll' because it is being used by another process. The file is locked by: "QuestFlag.Passport.Services (12196)" [D:\github\qf-apps\src\Passport\QuestFlag.Passport.Services\QuestFlag.Passport.Services.csproj]
C:\Program Files\dotnet\sdk\11.0.100-preview.1.26104.118\Microsoft.Common.CurrentVersion.targets(5094,5): warning MSB3026: Could not copy "D:\github\qf-apps\src\Passport\QuestFlag.Passport.Core\bin\Debug\net10.0\QuestFlag.Passport.Core.dll" to "bin\Debug\net10.0\QuestFlag.Passport.Core.dll". Beginning retry 10 in 1000ms. The process cannot access the file 'D:\github\qf-apps\src\Passport\QuestFlag.Passport.Services\bin\Debug\net10.0\QuestFlag.Passport.Core.dll' because it is being used by another process. The file is locked by: "Microsoft Visual Studio (8508), QuestFlag.Passport.Services (12196)" [D:\github\qf-apps\src\Passport\QuestFlag.Passport.Services\QuestFlag.Passport.Services.csproj]
C:\Program Files\dotnet\sdk\11.0.100-preview.1.26104.118\Microsoft.Common.CurrentVersion.targets(5094,5): warning MSB3026: Could not copy "D:\github\qf-apps\src\Passport\QuestFlag.Passport.Application\bin\Debug\net10.0\QuestFlag.Passport.Application.dll" to "bin\Debug\net10.0\QuestFlag.Passport.Application.dll". Beginning retry 10 in 1000ms. The process cannot access the file 'D:\github\qf-apps\src\Passport\QuestFlag.Passport.Services\bin\Debug\net10.0\QuestFlag.Passport.Application.dll' because it is being used by another process. The file is locked by: "Microsoft Visual Studio (8508), QuestFlag.Passport.Services (12196)" [D:\github\qf-apps\src\Passport\QuestFlag.Passport.Services\QuestFlag.Passport.Services.csproj]
C:\Program Files\dotnet\sdk\11.0.100-preview.1.26104.118\Microsoft.Common.CurrentVersion.targets(5094,5): error MSB3027: Could not copy "D:\github\qf-apps\src\Passport\QuestFlag.Passport.Domain\bin\Debug\net10.0\QuestFlag.Passport.Domain.dll" to "bin\Debug\net10.0\QuestFlag.Passport.Domain.dll". Exceeded retry count of 10. Failed. The file is locked by: "QuestFlag.Passport.Services (12196)" [D:\github\qf-apps\src\Passport\QuestFlag.Passport.Services\QuestFlag.Passport.Services.csproj]
C:\Program Files\dotnet\sdk\11.0.100-preview.1.26104.118\Microsoft.Common.CurrentVersion.targets(5094,5): error MSB3021: Unable to copy file "D:\github\qf-apps\src\Passport\QuestFlag.Passport.Domain\bin\Debug\net10.0\QuestFlag.Passport.Domain.dll" to "bin\Debug\net10.0\QuestFlag.Passport.Domain.dll". The process cannot access the file 'D:\github\qf-apps\src\Passport\QuestFlag.Passport.Services\bin\Debug\net10.0\QuestFlag.Passport.Domain.dll' because it is being used by another process. [D:\github\qf-apps\src\Passport\QuestFlag.Passport.Services\QuestFlag.Passport.Services.csproj]
C:\Program Files\dotnet\sdk\11.0.100-preview.1.26104.118\Microsoft.Common.CurrentVersion.targets(5094,5): error MSB3027: Could not copy "D:\github\qf-apps\src\Infrastructure\QuestFlag.Infrastructure.Core\bin\Debug\net10.0\QuestFlag.Infrastructure.Core.dll" to "bin\Debug\net10.0\QuestFlag.Infrastructure.Core.dll". Exceeded retry count of 10. Failed. The file is locked by: "Microsoft Visual Studio (8508), QuestFlag.Passport.Services (12196)" [D:\github\qf-apps\src\Passport\QuestFlag.Passport.Services\QuestFlag.Passport.Services.csproj]
C:\Program Files\dotnet\sdk\11.0.100-preview.1.26104.118\Microsoft.Common.CurrentVersion.targets(5094,5): error MSB3021: Unable to copy file "D:\github\qf-apps\src\Infrastructure\QuestFlag.Infrastructure.Core\bin\Debug\net10.0\QuestFlag.Infrastructure.Core.dll" to "bin\Debug\net10.0\QuestFlag.Infrastructure.Core.dll". The process cannot access the file 'D:\github\qf-apps\src\Passport\QuestFlag.Passport.Services\bin\Debug\net10.0\QuestFlag.Infrastructure.Core.dll' because it is being used by another process. [D:\github\qf-apps\src\Passport\QuestFlag.Passport.Services\QuestFlag.Passport.Services.csproj]
C:\Program Files\dotnet\sdk\11.0.100-preview.1.26104.118\Microsoft.Common.CurrentVersion.targets(5094,5): error MSB3027: Could not copy "D:\github\qf-apps\src\Deployment\QuestFlag.ServiceDefaults\bin\Debug\net10.0\QuestFlag.ServiceDefaults.dll" to "bin\Debug\net10.0\QuestFlag.ServiceDefaults.dll". Exceeded retry count of 10. Failed. The file is locked by: "QuestFlag.Passport.Services (12196)" [D:\github\qf-apps\src\Passport\QuestFlag.Passport.Services\QuestFlag.Passport.Services.csproj]
C:\Program Files\dotnet\sdk\11.0.100-preview.1.26104.118\Microsoft.Common.CurrentVersion.targets(5094,5): error MSB3021: Unable to copy file "D:\github\qf-apps\src\Deployment\QuestFlag.ServiceDefaults\bin\Debug\net10.0\QuestFlag.ServiceDefaults.dll" to "bin\Debug\net10.0\QuestFlag.ServiceDefaults.dll". The process cannot access the file 'D:\github\qf-apps\src\Passport\QuestFlag.Passport.Services\bin\Debug\net10.0\QuestFlag.ServiceDefaults.dll' because it is being used by another process. [D:\github\qf-apps\src\Passport\QuestFlag.Passport.Services\QuestFlag.Passport.Services.csproj]
C:\Program Files\dotnet\sdk\11.0.100-preview.1.26104.118\Microsoft.Common.CurrentVersion.targets(5094,5): error MSB3027: Could not copy "D:\github\qf-apps\src\Infrastructure\QuestFlag.Infrastructure.ApiCore\bin\Debug\net10.0\QuestFlag.Infrastructure.ApiCore.dll" to "bin\Debug\net10.0\QuestFlag.Infrastructure.ApiCore.dll". Exceeded retry count of 10. Failed. The file is locked by: "QuestFlag.Passport.Services (12196)" [D:\github\qf-apps\src\Passport\QuestFlag.Passport.Services\QuestFlag.Passport.Services.csproj]
C:\Program Files\dotnet\sdk\11.0.100-preview.1.26104.118\Microsoft.Common.CurrentVersion.targets(5094,5): error MSB3021: Unable to copy file "D:\github\qf-apps\src\Infrastructure\QuestFlag.Infrastructure.ApiCore\bin\Debug\net10.0\QuestFlag.Infrastructure.ApiCore.dll" to "bin\Debug\net10.0\QuestFlag.Infrastructure.ApiCore.dll". The process cannot access the file 'D:\github\qf-apps\src\Passport\QuestFlag.Passport.Services\bin\Debug\net10.0\QuestFlag.Infrastructure.ApiCore.dll' because it is being used by another process. [D:\github\qf-apps\src\Passport\QuestFlag.Passport.Services\QuestFlag.Passport.Services.csproj]
C:\Program Files\dotnet\sdk\11.0.100-preview.1.26104.118\Microsoft.Common.CurrentVersion.targets(5094,5): error MSB3027: Could not copy "D:\github\qf-apps\src\Passport\QuestFlag.Passport.Core\bin\Debug\net10.0\QuestFlag.Passport.Core.dll" to "bin\Debug\net10.0\QuestFlag.Passport.Core.dll". Exceeded retry count of 10. Failed. The file is locked by: "Microsoft Visual Studio (8508), QuestFlag.Passport.Services (12196)" [D:\github\qf-apps\src\Passport\QuestFlag.Passport.Services\QuestFlag.Passport.Services.csproj]
C:\Program Files\dotnet\sdk\11.0.100-preview.1.26104.118\Microsoft.Common.CurrentVersion.targets(5094,5): error MSB3021: Unable to copy file "D:\github\qf-apps\src\Passport\QuestFlag.Passport.Core\bin\Debug\net10.0\QuestFlag.Passport.Core.dll" to "bin\Debug\net10.0\QuestFlag.Passport.Core.dll". The process cannot access the file 'D:\github\qf-apps\src\Passport\QuestFlag.Passport.Services\bin\Debug\net10.0\QuestFlag.Passport.Core.dll' because it is being used by another process. [D:\github\qf-apps\src\Passport\QuestFlag.Passport.Services\QuestFlag.Passport.Services.csproj]
C:\Program Files\dotnet\sdk\11.0.100-preview.1.26104.118\Microsoft.Common.CurrentVersion.targets(5094,5): error MSB3027: Could not copy "D:\github\qf-apps\src\Passport\QuestFlag.Passport.Application\bin\Debug\net10.0\QuestFlag.Passport.Application.dll" to "bin\Debug\net10.0\QuestFlag.Passport.Application.dll". Exceeded retry count of 10. Failed. The file is locked by: "Microsoft Visual Studio (8508), QuestFlag.Passport.Services (12196)" [D:\github\qf-apps\src\Passport\QuestFlag.Passport.Services\QuestFlag.Passport.Services.csproj]
C:\Program Files\dotnet\sdk\11.0.100-preview.1.26104.118\Microsoft.Common.CurrentVersion.targets(5094,5): error MSB3021: Unable to copy file "D:\github\qf-apps\src\Passport\QuestFlag.Passport.Application\bin\Debug\net10.0\QuestFlag.Passport.Application.dll" to "bin\Debug\net10.0\QuestFlag.Passport.Application.dll". The process cannot access the file 'D:\github\qf-apps\src\Passport\QuestFlag.Passport.Services\bin\Debug\net10.0\QuestFlag.Passport.Application.dll' because it is being used by another process. [D:\github\qf-apps\src\Passport\QuestFlag.Passport.Services\QuestFlag.Passport.Services.csproj]

Build FAILED.

C:\Program Files\dotnet\sdk\11.0.100-preview.1.26104.118\Microsoft.Common.CurrentVersion.targets(5094,5): warning MSB3026: Could not copy "D:\github\qf-apps\src\Passport\QuestFlag.Passport.Domain\bin\Debug\net10.0\QuestFlag.Passport.Domain.dll" to "bin\Debug\net10.0\QuestFlag.Passport.Domain.dll". Beginning retry 1 in 1000ms. The process cannot access the file 'D:\github\qf-apps\src\Passport\QuestFlag.Passport.Services\bin\Debug\net10.0\QuestFlag.Passport.Domain.dll' because it is being used by another process. The file is locked by: "QuestFlag.Passport.Services (12196)" [D:\github\qf-apps\src\Passport\QuestFlag.Passport.Services\QuestFlag.Passport.Services.csproj]
C:\Program Files\dotnet\sdk\11.0.100-preview.1.26104.118\Microsoft.Common.CurrentVersion.targets(5094,5): warning MSB3026: Could not copy "D:\github\qf-apps\src\Infrastructure\QuestFlag.Infrastructure.Core\bin\Debug\net10.0\QuestFlag.Infrastructure.Core.dll" to "bin\Debug\net10.0\QuestFlag.Infrastructure.Core.dll". Beginning retry 1 in 1000ms. The process cannot access the file 'D:\github\qf-apps\src\Passport\QuestFlag.Passport.Services\bin\Debug\net10.0\QuestFlag.Infrastructure.Core.dll' because it is being used by another process. The file is locked by: "Microsoft Visual Studio (8508), QuestFlag.Passport.Services (12196)" [D:\github\qf-apps\src\Passport\QuestFlag.Passport.Services\QuestFlag.Passport.Services.csproj]
C:\Program Files\dotnet\sdk\11.0.100-preview.1.26104.118\Microsoft.Common.CurrentVersion.targets(5094,5): warning MSB3026: Could not copy "D:\github\qf-apps\src\Deployment\QuestFlag.ServiceDefaults\bin\Debug\net10.0\QuestFlag.ServiceDefaults.dll" to "bin\Debug\net10.0\QuestFlag.ServiceDefaults.dll". Beginning retry 1 in 1000ms. The process cannot access the file 'D:\github\qf-apps\src\Passport\QuestFlag.Passport.Services\bin\Debug\net10.0\QuestFlag.ServiceDefaults.dll' because it is being used by another process. The file is locked by: "QuestFlag.Passport.Services (12196)" [D:\github\qf-apps\src\Passport\QuestFlag.Passport.Services\QuestFlag.Passport.Services.csproj]
C:\Program Files\dotnet\sdk\11.0.100-preview.1.26104.118\Microsoft.Common.CurrentVersion.targets(5094,5): warning MSB3026: Could not copy "D:\github\qf-apps\src\Infrastructure\QuestFlag.Infrastructure.ApiCore\bin\Debug\net10.0\QuestFlag.Infrastructure.ApiCore.dll" to "bin\Debug\net10.0\QuestFlag.Infrastructure.ApiCore.dll". Beginning retry 1 in 1000ms. The process cannot access the file 'D:\github\qf-apps\src\Passport\QuestFlag.Passport.Services\bin\Debug\net10.0\QuestFlag.Infrastructure.ApiCore.dll' because it is being used by another process. The file is locked by: "QuestFlag.Passport.Services (12196)" [D:\github\qf-apps\src\Passport\QuestFlag.Passport.Services\QuestFlag.Passport.Services.csproj]
C:\Program Files\dotnet\sdk\11.0.100-preview.1.26104.118\Microsoft.Common.CurrentVersion.targets(5094,5): warning MSB3026: Could not copy "D:\github\qf-apps\src\Passport\QuestFlag.Passport.Core\bin\Debug\net10.0\QuestFlag.Passport.Core.dll" to "bin\Debug\net10.0\QuestFlag.Passport.Core.dll". Beginning retry 1 in 1000ms. The process cannot access the file 'D:\github\qf-apps\src\Passport\QuestFlag.Passport.Services\bin\Debug\net10.0\QuestFlag.Passport.Core.dll' because it is being used by another process. The file is locked by: "Microsoft Visual Studio (8508), QuestFlag.Passport.Services (12196)" [D:\github\qf-apps\src\Passport\QuestFlag.Passport.Services\QuestFlag.Passport.Services.csproj]
C:\Program Files\dotnet\sdk\11.0.100-preview.1.26104.118\Microsoft.Common.CurrentVersion.targets(5094,5): warning MSB3026: Could not copy "D:\github\qf-apps\src\Passport\QuestFlag.Passport.Application\bin\Debug\net10.0\QuestFlag.Passport.Application.dll" to "bin\Debug\net10.0\QuestFlag.Passport.Application.dll". Beginning retry 1 in 1000ms. The process cannot access the file 'D:\github\qf-apps\src\Passport\QuestFlag.Passport.Services\bin\Debug\net10.0\QuestFlag.Passport.Application.dll' because it is being used by another process. The file is locked by: "Microsoft Visual Studio (8508), QuestFlag.Passport.Services (12196)" [D:\github\qf-apps\src\Passport\QuestFlag.Passport.Services\QuestFlag.Passport.Services.csproj]
C:\Program Files\dotnet\sdk\11.0.100-preview.1.26104.118\Microsoft.Common.CurrentVersion.targets(5094,5): warning MSB3026: Could not copy "D:\github\qf-apps\src\Passport\QuestFlag.Passport.Domain\bin\Debug\net10.0\QuestFlag.Passport.Domain.dll" to "bin\Debug\net10.0\QuestFlag.Passport.Domain.dll". Beginning retry 2 in 1000ms. The process cannot access the file 'D:\github\qf-apps\src\Passport\QuestFlag.Passport.Services\bin\Debug\net10.0\QuestFlag.Passport.Domain.dll' because it is being used by another process. The file is locked by: "QuestFlag.Passport.Services (12196)" [D:\github\qf-apps\src\Passport\QuestFlag.Passport.Services\QuestFlag.Passport.Services.csproj]
C:\Program Files\dotnet\sdk\11.0.100-preview.1.26104.118\Microsoft.Common.CurrentVersion.targets(5094,5): warning MSB3026: Could not copy "D:\github\qf-apps\src\Infrastructure\QuestFlag.Infrastructure.Core\bin\Debug\net10.0\QuestFlag.Infrastructure.Core.dll" to "bin\Debug\net10.0\QuestFlag.Infrastructure.Core.dll". Beginning retry 2 in 1000ms. The process cannot access the file 'D:\github\qf-apps\src\Passport\QuestFlag.Passport.Services\bin\Debug\net10.0\QuestFlag.Infrastructure.Core.dll' because it is being used by another process. The file is locked by: "Microsoft Visual Studio (8508), QuestFlag.Passport.Services (12196)" [D:\github\qf-apps\src\Passport\QuestFlag.Passport.Services\QuestFlag.Passport.Services.csproj]
C:\Program Files\dotnet\sdk\11.0.100-preview.1.26104.118\Microsoft.Common.CurrentVersion.targets(5094,5): warning MSB3026: Could not copy "D:\github\qf-apps\src\Deployment\QuestFlag.ServiceDefaults\bin\Debug\net10.0\QuestFlag.ServiceDefaults.dll" to "bin\Debug\net10.0\QuestFlag.ServiceDefaults.dll". Beginning retry 2 in 1000ms. The process cannot access the file 'D:\github\qf-apps\src\Passport\QuestFlag.Passport.Services\bin\Debug\net10.0\QuestFlag.ServiceDefaults.dll' because it is being used by another process. The file is locked by: "QuestFlag.Passport.Services (12196)" [D:\github\qf-apps\src\Passport\QuestFlag.Passport.Services\QuestFlag.Passport.Services.csproj]
C:\Program Files\dotnet\sdk\11.0.100-preview.1.26104.118\Microsoft.Common.CurrentVersion.targets(5094,5): warning MSB3026: Could not copy "D:\github\qf-apps\src\Infrastructure\QuestFlag.Infrastructure.ApiCore\bin\Debug\net10.0\QuestFlag.Infrastructure.ApiCore.dll" to "bin\Debug\net10.0\QuestFlag.Infrastructure.ApiCore.dll". Beginning retry 2 in 1000ms. The process cannot access the file 'D:\github\qf-apps\src\Passport\QuestFlag.Passport.Services\bin\Debug\net10.0\QuestFlag.Infrastructure.ApiCore.dll' because it is being used by another process. The file is locked by: "QuestFlag.Passport.Services (12196)" [D:\github\qf-apps\src\Passport\QuestFlag.Passport.Services\QuestFlag.Passport.Services.csproj]
C:\Program Files\dotnet\sdk\11.0.100-preview.1.26104.118\Microsoft.Common.CurrentVersion.targets(5094,5): warning MSB3026: Could not copy "D:\github\qf-apps\src\Passport\QuestFlag.Passport.Core\bin\Debug\net10.0\QuestFlag.Passport.Core.dll" to "bin\Debug\net10.0\QuestFlag.Passport.Core.dll". Beginning retry 2 in 1000ms. The process cannot access the file 'D:\github\qf-apps\src\Passport\QuestFlag.Passport.Services\bin\Debug\net10.0\QuestFlag.Passport.Core.dll' because it is being used by another process. The file is locked by: "Microsoft Visual Studio (8508), QuestFlag.Passport.Services (12196)" [D:\github\qf-apps\src\Passport\QuestFlag.Passport.Services\QuestFlag.Passport.Services.csproj]
C:\Program Files\dotnet\sdk\11.0.100-preview.1.26104.118\Microsoft.Common.CurrentVersion.targets(5094,5): warning MSB3026: Could not copy "D:\github\qf-apps\src\Passport\QuestFlag.Passport.Application\bin\Debug\net10.0\QuestFlag.Passport.Application.dll" to "bin\Debug\net10.0\QuestFlag.Passport.Application.dll". Beginning retry 2 in 1000ms. The process cannot access the file 'D:\github\qf-apps\src\Passport\QuestFlag.Passport.Services\bin\Debug\net10.0\QuestFlag.Passport.Application.dll' because it is being used by another process. The file is locked by: "Microsoft Visual Studio (8508), QuestFlag.Passport.Services (12196)" [D:\github\qf-apps\src\Passport\QuestFlag.Passport.Services\QuestFlag.Passport.Services.csproj]
C:\Program Files\dotnet\sdk\11.0.100-preview.1.26104.118\Microsoft.Common.CurrentVersion.targets(5094,5): warning MSB3026: Could not copy "D:\github\qf-apps\src\Passport\QuestFlag.Passport.Domain\bin\Debug\net10.0\QuestFlag.Passport.Domain.dll" to "bin\Debug\net10.0\QuestFlag.Passport.Domain.dll". Beginning retry 3 in 1000ms. The process cannot access the file 'D:\github\qf-apps\src\Passport\QuestFlag.Passport.Services\bin\Debug\net10.0\QuestFlag.Passport.Domain.dll' because it is being used by another process. The file is locked by: "QuestFlag.Passport.Services (12196)" [D:\github\qf-apps\src\Passport\QuestFlag.Passport.Services\QuestFlag.Passport.Services.csproj]
C:\Program Files\dotnet\sdk\11.0.100-preview.1.26104.118\Microsoft.Common.CurrentVersion.targets(5094,5): warning MSB3026: Could not copy "D:\github\qf-apps\src\Infrastructure\QuestFlag.Infrastructure.Core\bin\Debug\net10.0\QuestFlag.Infrastructure.Core.dll" to "bin\Debug\net10.0\QuestFlag.Infrastructure.Core.dll". Beginning retry 3 in 1000ms. The process cannot access the file 'D:\github\qf-apps\src\Passport\QuestFlag.Passport.Services\bin\Debug\net10.0\QuestFlag.Infrastructure.Core.dll' because it is being used by another process. The file is locked by: "Microsoft Visual Studio (8508), QuestFlag.Passport.Services (12196)" [D:\github\qf-apps\src\Passport\QuestFlag.Passport.Services\QuestFlag.Passport.Services.csproj]
C:\Program Files\dotnet\sdk\11.0.100-preview.1.26104.118\Microsoft.Common.CurrentVersion.targets(5094,5): warning MSB3026: Could not copy "D:\github\qf-apps\src\Deployment\QuestFlag.ServiceDefaults\bin\Debug\net10.0\QuestFlag.ServiceDefaults.dll" to "bin\Debug\net10.0\QuestFlag.ServiceDefaults.dll". Beginning retry 3 in 1000ms. The process cannot access the file 'D:\github\qf-apps\src\Passport\QuestFlag.Passport.Services\bin\Debug\net10.0\QuestFlag.ServiceDefaults.dll' because it is being used by another process. The file is locked by: "QuestFlag.Passport.Services (12196)" [D:\github\qf-apps\src\Passport\QuestFlag.Passport.Services\QuestFlag.Passport.Services.csproj]
C:\Program Files\dotnet\sdk\11.0.100-preview.1.26104.118\Microsoft.Common.CurrentVersion.targets(5094,5): warning MSB3026: Could not copy "D:\github\qf-apps\src\Infrastructure\QuestFlag.Infrastructure.ApiCore\bin\Debug\net10.0\QuestFlag.Infrastructure.ApiCore.dll" to "bin\Debug\net10.0\QuestFlag.Infrastructure.ApiCore.dll". Beginning retry 3 in 1000ms. The process cannot access the file 'D:\github\qf-apps\src\Passport\QuestFlag.Passport.Services\bin\Debug\net10.0\QuestFlag.Infrastructure.ApiCore.dll' because it is being used by another process. The file is locked by: "QuestFlag.Passport.Services (12196)" [D:\github\qf-apps\src\Passport\QuestFlag.Passport.Services\QuestFlag.Passport.Services.csproj]
C:\Program Files\dotnet\sdk\11.0.100-preview.1.26104.118\Microsoft.Common.CurrentVersion.targets(5094,5): warning MSB3026: Could not copy "D:\github\qf-apps\src\Passport\QuestFlag.Passport.Core\bin\Debug\net10.0\QuestFlag.Passport.Core.dll" to "bin\Debug\net10.0\QuestFlag.Passport.Core.dll". Beginning retry 3 in 1000ms. The process cannot access the file 'D:\github\qf-apps\src\Passport\QuestFlag.Passport.Services\bin\Debug\net10.0\QuestFlag.Passport.Core.dll' because it is being used by another process. The file is locked by: "Microsoft Visual Studio (8508), QuestFlag.Passport.Services (12196)" [D:\github\qf-apps\src\Passport\QuestFlag.Passport.Services\QuestFlag.Passport.Services.csproj]
C:\Program Files\dotnet\sdk\11.0.100-preview.1.26104.118\Microsoft.Common.CurrentVersion.targets(5094,5): warning MSB3026: Could not copy "D:\github\qf-apps\src\Passport\QuestFlag.Passport.Application\bin\Debug\net10.0\QuestFlag.Passport.Application.dll" to "bin\Debug\net10.0\QuestFlag.Passport.Application.dll". Beginning retry 3 in 1000ms. The process cannot access the file 'D:\github\qf-apps\src\Passport\QuestFlag.Passport.Services\bin\Debug\net10.0\QuestFlag.Passport.Application.dll' because it is being used by another process. The file is locked by: "Microsoft Visual Studio (8508), QuestFlag.Passport.Services (12196)" [D:\github\qf-apps\src\Passport\QuestFlag.Passport.Services\QuestFlag.Passport.Services.csproj]
C:\Program Files\dotnet\sdk\11.0.100-preview.1.26104.118\Microsoft.Common.CurrentVersion.targets(5094,5): warning MSB3026: Could not copy "D:\github\qf-apps\src\Passport\QuestFlag.Passport.Domain\bin\Debug\net10.0\QuestFlag.Passport.Domain.dll" to "bin\Debug\net10.0\QuestFlag.Passport.Domain.dll". Beginning retry 4 in 1000ms. The process cannot access the file 'D:\github\qf-apps\src\Passport\QuestFlag.Passport.Services\bin\Debug\net10.0\QuestFlag.Passport.Domain.dll' because it is being used by another process. The file is locked by: "QuestFlag.Passport.Services (12196)" [D:\github\qf-apps\src\Passport\QuestFlag.Passport.Services\QuestFlag.Passport.Services.csproj]
C:\Program Files\dotnet\sdk\11.0.100-preview.1.26104.118\Microsoft.Common.CurrentVersion.targets(5094,5): warning MSB3026: Could not copy "D:\github\qf-apps\src\Infrastructure\QuestFlag.Infrastructure.Core\bin\Debug\net10.0\QuestFlag.Infrastructure.Core.dll" to "bin\Debug\net10.0\QuestFlag.Infrastructure.Core.dll". Beginning retry 4 in 1000ms. The process cannot access the file 'D:\github\qf-apps\src\Passport\QuestFlag.Passport.Services\bin\Debug\net10.0\QuestFlag.Infrastructure.Core.dll' because it is being used by another process. The file is locked by: "Microsoft Visual Studio (8508), QuestFlag.Passport.Services (12196)" [D:\github\qf-apps\src\Passport\QuestFlag.Passport.Services\QuestFlag.Passport.Services.csproj]
C:\Program Files\dotnet\sdk\11.0.100-preview.1.26104.118\Microsoft.Common.CurrentVersion.targets(5094,5): warning MSB3026: Could not copy "D:\github\qf-apps\src\Deployment\QuestFlag.ServiceDefaults\bin\Debug\net10.0\QuestFlag.ServiceDefaults.dll" to "bin\Debug\net10.0\QuestFlag.ServiceDefaults.dll". Beginning retry 4 in 1000ms. The process cannot access the file 'D:\github\qf-apps\src\Passport\QuestFlag.Passport.Services\bin\Debug\net10.0\QuestFlag.ServiceDefaults.dll' because it is being used by another process. The file is locked by: "QuestFlag.Passport.Services (12196)" [D:\github\qf-apps\src\Passport\QuestFlag.Passport.Services\QuestFlag.Passport.Services.csproj]
C:\Program Files\dotnet\sdk\11.0.100-preview.1.26104.118\Microsoft.Common.CurrentVersion.targets(5094,5): warning MSB3026: Could not copy "D:\github\qf-apps\src\Infrastructure\QuestFlag.Infrastructure.ApiCore\bin\Debug\net10.0\QuestFlag.Infrastructure.ApiCore.dll" to "bin\Debug\net10.0\QuestFlag.Infrastructure.ApiCore.dll". Beginning retry 4 in 1000ms. The process cannot access the file 'D:\github\qf-apps\src\Passport\QuestFlag.Passport.Services\bin\Debug\net10.0\QuestFlag.Infrastructure.ApiCore.dll' because it is being used by another process. The file is locked by: "QuestFlag.Passport.Services (12196)" [D:\github\qf-apps\src\Passport\QuestFlag.Passport.Services\QuestFlag.Passport.Services.csproj]
C:\Program Files\dotnet\sdk\11.0.100-preview.1.26104.118\Microsoft.Common.CurrentVersion.targets(5094,5): warning MSB3026: Could not copy "D:\github\qf-apps\src\Passport\QuestFlag.Passport.Core\bin\Debug\net10.0\QuestFlag.Passport.Core.dll" to "bin\Debug\net10.0\QuestFlag.Passport.Core.dll". Beginning retry 4 in 1000ms. The process cannot access the file 'D:\github\qf-apps\src\Passport\QuestFlag.Passport.Services\bin\Debug\net10.0\QuestFlag.Passport.Core.dll' because it is being used by another process. The file is locked by: "Microsoft Visual Studio (8508), QuestFlag.Passport.Services (12196)" [D:\github\qf-apps\src\Passport\QuestFlag.Passport.Services\QuestFlag.Passport.Services.csproj]
C:\Program Files\dotnet\sdk\11.0.100-preview.1.26104.118\Microsoft.Common.CurrentVersion.targets(5094,5): warning MSB3026: Could not copy "D:\github\qf-apps\src\Passport\QuestFlag.Passport.Application\bin\Debug\net10.0\QuestFlag.Passport.Application.dll" to "bin\Debug\net10.0\QuestFlag.Passport.Application.dll". Beginning retry 4 in 1000ms. The process cannot access the file 'D:\github\qf-apps\src\Passport\QuestFlag.Passport.Services\bin\Debug\net10.0\QuestFlag.Passport.Application.dll' because it is being used by another process. The file is locked by: "Microsoft Visual Studio (8508), QuestFlag.Passport.Services (12196)" [D:\github\qf-apps\src\Passport\QuestFlag.Passport.Services\QuestFlag.Passport.Services.csproj]
C:\Program Files\dotnet\sdk\11.0.100-preview.1.26104.118\Microsoft.Common.CurrentVersion.targets(5094,5): warning MSB3026: Could not copy "D:\github\qf-apps\src\Passport\QuestFlag.Passport.Domain\bin\Debug\net10.0\QuestFlag.Passport.Domain.dll" to "bin\Debug\net10.0\QuestFlag.Passport.Domain.dll". Beginning retry 5 in 1000ms. The process cannot access the file 'D:\github\qf-apps\src\Passport\QuestFlag.Passport.Services\bin\Debug\net10.0\QuestFlag.Passport.Domain.dll' because it is being used by another process. The file is locked by: "QuestFlag.Passport.Services (12196)" [D:\github\qf-apps\src\Passport\QuestFlag.Passport.Services\QuestFlag.Passport.Services.csproj]
C:\Program Files\dotnet\sdk\11.0.100-preview.1.26104.118\Microsoft.Common.CurrentVersion.targets(5094,5): warning MSB3026: Could not copy "D:\github\qf-apps\src\Infrastructure\QuestFlag.Infrastructure.Core\bin\Debug\net10.0\QuestFlag.Infrastructure.Core.dll" to "bin\Debug\net10.0\QuestFlag.Infrastructure.Core.dll". Beginning retry 5 in 1000ms. The process cannot access the file 'D:\github\qf-apps\src\Passport\QuestFlag.Passport.Services\bin\Debug\net10.0\QuestFlag.Infrastructure.Core.dll' because it is being used by another process. The file is locked by: "Microsoft Visual Studio (8508), QuestFlag.Passport.Services (12196)" [D:\github\qf-apps\src\Passport\QuestFlag.Passport.Services\QuestFlag.Passport.Services.csproj]
C:\Program Files\dotnet\sdk\11.0.100-preview.1.26104.118\Microsoft.Common.CurrentVersion.targets(5094,5): warning MSB3026: Could not copy "D:\github\qf-apps\src\Infrastructure\QuestFlag.Infrastructure.ApiCore\bin\Debug\net10.0\QuestFlag.Infrastructure.ApiCore.dll" to "bin\Debug\net10.0\QuestFlag.Infrastructure.ApiCore.dll". Beginning retry 5 in 1000ms. The process cannot access the file 'D:\github\qf-apps\src\Passport\QuestFlag.Passport.Services\bin\Debug\net10.0\QuestFlag.Infrastructure.ApiCore.dll' because it is being used by another process. The file is locked by: "QuestFlag.Passport.Services (12196)" [D:\github\qf-apps\src\Passport\QuestFlag.Passport.Services\QuestFlag.Passport.Services.csproj]
C:\Program Files\dotnet\sdk\11.0.100-preview.1.26104.118\Microsoft.Common.CurrentVersion.targets(5094,5): warning MSB3026: Could not copy "D:\github\qf-apps\src\Deployment\QuestFlag.ServiceDefaults\bin\Debug\net10.0\QuestFlag.ServiceDefaults.dll" to "bin\Debug\net10.0\QuestFlag.ServiceDefaults.dll". Beginning retry 5 in 1000ms. The process cannot access the file 'D:\github\qf-apps\src\Passport\QuestFlag.Passport.Services\bin\Debug\net10.0\QuestFlag.ServiceDefaults.dll' because it is being used by another process. The file is locked by: "QuestFlag.Passport.Services (12196)" [D:\github\qf-apps\src\Passport\QuestFlag.Passport.Services\QuestFlag.Passport.Services.csproj]
C:\Program Files\dotnet\sdk\11.0.100-preview.1.26104.118\Microsoft.Common.CurrentVersion.targets(5094,5): warning MSB3026: Could not copy "D:\github\qf-apps\src\Passport\QuestFlag.Passport.Core\bin\Debug\net10.0\QuestFlag.Passport.Core.dll" to "bin\Debug\net10.0\QuestFlag.Passport.Core.dll". Beginning retry 5 in 1000ms. The process cannot access the file 'D:\github\qf-apps\src\Passport\QuestFlag.Passport.Services\bin\Debug\net10.0\QuestFlag.Passport.Core.dll' because it is being used by another process. The file is locked by: "Microsoft Visual Studio (8508), QuestFlag.Passport.Services (12196)" [D:\github\qf-apps\src\Passport\QuestFlag.Passport.Services\QuestFlag.Passport.Services.csproj]
C:\Program Files\dotnet\sdk\11.0.100-preview.1.26104.118\Microsoft.Common.CurrentVersion.targets(5094,5): warning MSB3026: Could not copy "D:\github\qf-apps\src\Passport\QuestFlag.Passport.Application\bin\Debug\net10.0\QuestFlag.Passport.Application.dll" to "bin\Debug\net10.0\QuestFlag.Passport.Application.dll". Beginning retry 5 in 1000ms. The process cannot access the file 'D:\github\qf-apps\src\Passport\QuestFlag.Passport.Services\bin\Debug\net10.0\QuestFlag.Passport.Application.dll' because it is being used by another process. The file is locked by: "Microsoft Visual Studio (8508), QuestFlag.Passport.Services (12196)" [D:\github\qf-apps\src\Passport\QuestFlag.Passport.Services\QuestFlag.Passport.Services.csproj]
C:\Program Files\dotnet\sdk\11.0.100-preview.1.26104.118\Microsoft.Common.CurrentVersion.targets(5094,5): warning MSB3026: Could not copy "D:\github\qf-apps\src\Passport\QuestFlag.Passport.Domain\bin\Debug\net10.0\QuestFlag.Passport.Domain.dll" to "bin\Debug\net10.0\QuestFlag.Passport.Domain.dll". Beginning retry 6 in 1000ms. The process cannot access the file 'D:\github\qf-apps\src\Passport\QuestFlag.Passport.Services\bin\Debug\net10.0\QuestFlag.Passport.Domain.dll' because it is being used by another process. The file is locked by: "QuestFlag.Passport.Services (12196)" [D:\github\qf-apps\src\Passport\QuestFlag.Passport.Services\QuestFlag.Passport.Services.csproj]
C:\Program Files\dotnet\sdk\11.0.100-preview.1.26104.118\Microsoft.Common.CurrentVersion.targets(5094,5): warning MSB3026: Could not copy "D:\github\qf-apps\src\Infrastructure\QuestFlag.Infrastructure.Core\bin\Debug\net10.0\QuestFlag.Infrastructure.Core.dll" to "bin\Debug\net10.0\QuestFlag.Infrastructure.Core.dll". Beginning retry 6 in 1000ms. The process cannot access the file 'D:\github\qf-apps\src\Passport\QuestFlag.Passport.Services\bin\Debug\net10.0\QuestFlag.Infrastructure.Core.dll' because it is being used by another process. The file is locked by: "Microsoft Visual Studio (8508), QuestFlag.Passport.Services (12196)" [D:\github\qf-apps\src\Passport\QuestFlag.Passport.Services\QuestFlag.Passport.Services.csproj]
C:\Program Files\dotnet\sdk\11.0.100-preview.1.26104.118\Microsoft.Common.CurrentVersion.targets(5094,5): warning MSB3026: Could not copy "D:\github\qf-apps\src\Deployment\QuestFlag.ServiceDefaults\bin\Debug\net10.0\QuestFlag.ServiceDefaults.dll" to "bin\Debug\net10.0\QuestFlag.ServiceDefaults.dll". Beginning retry 6 in 1000ms. The process cannot access the file 'D:\github\qf-apps\src\Passport\QuestFlag.Passport.Services\bin\Debug\net10.0\QuestFlag.ServiceDefaults.dll' because it is being used by another process. The file is locked by: "QuestFlag.Passport.Services (12196)" [D:\github\qf-apps\src\Passport\QuestFlag.Passport.Services\QuestFlag.Passport.Services.csproj]
C:\Program Files\dotnet\sdk\11.0.100-preview.1.26104.118\Microsoft.Common.CurrentVersion.targets(5094,5): warning MSB3026: Could not copy "D:\github\qf-apps\src\Infrastructure\QuestFlag.Infrastructure.ApiCore\bin\Debug\net10.0\QuestFlag.Infrastructure.ApiCore.dll" to "bin\Debug\net10.0\QuestFlag.Infrastructure.ApiCore.dll". Beginning retry 6 in 1000ms. The process cannot access the file 'D:\github\qf-apps\src\Passport\QuestFlag.Passport.Services\bin\Debug\net10.0\QuestFlag.Infrastructure.ApiCore.dll' because it is being used by another process. The file is locked by: "QuestFlag.Passport.Services (12196)" [D:\github\qf-apps\src\Passport\QuestFlag.Passport.Services\QuestFlag.Passport.Services.csproj]
C:\Program Files\dotnet\sdk\11.0.100-preview.1.26104.118\Microsoft.Common.CurrentVersion.targets(5094,5): warning MSB3026: Could not copy "D:\github\qf-apps\src\Passport\QuestFlag.Passport.Core\bin\Debug\net10.0\QuestFlag.Passport.Core.dll" to "bin\Debug\net10.0\QuestFlag.Passport.Core.dll". Beginning retry 6 in 1000ms. The process cannot access the file 'D:\github\qf-apps\src\Passport\QuestFlag.Passport.Services\bin\Debug\net10.0\QuestFlag.Passport.Core.dll' because it is being used by another process. The file is locked by: "Microsoft Visual Studio (8508), QuestFlag.Passport.Services (12196)" [D:\github\qf-apps\src\Passport\QuestFlag.Passport.Services\QuestFlag.Passport.Services.csproj]
C:\Program Files\dotnet\sdk\11.0.100-preview.1.26104.118\Microsoft.Common.CurrentVersion.targets(5094,5): warning MSB3026: Could not copy "D:\github\qf-apps\src\Passport\QuestFlag.Passport.Application\bin\Debug\net10.0\QuestFlag.Passport.Application.dll" to "bin\Debug\net10.0\QuestFlag.Passport.Application.dll". Beginning retry 6 in 1000ms. The process cannot access the file 'D:\github\qf-apps\src\Passport\QuestFlag.Passport.Services\bin\Debug\net10.0\QuestFlag.Passport.Application.dll' because it is being used by another process. The file is locked by: "Microsoft Visual Studio (8508), QuestFlag.Passport.Services (12196)" [D:\github\qf-apps\src\Passport\QuestFlag.Passport.Services\QuestFlag.Passport.Services.csproj]
C:\Program Files\dotnet\sdk\11.0.100-preview.1.26104.118\Microsoft.Common.CurrentVersion.targets(5094,5): warning MSB3026: Could not copy "D:\github\qf-apps\src\Passport\QuestFlag.Passport.Domain\bin\Debug\net10.0\QuestFlag.Passport.Domain.dll" to "bin\Debug\net10.0\QuestFlag.Passport.Domain.dll". Beginning retry 7 in 1000ms. The process cannot access the file 'D:\github\qf-apps\src\Passport\QuestFlag.Passport.Services\bin\Debug\net10.0\QuestFlag.Passport.Domain.dll' because it is being used by another process. The file is locked by: "QuestFlag.Passport.Services (12196)" [D:\github\qf-apps\src\Passport\QuestFlag.Passport.Services\QuestFlag.Passport.Services.csproj]
C:\Program Files\dotnet\sdk\11.0.100-preview.1.26104.118\Microsoft.Common.CurrentVersion.targets(5094,5): warning MSB3026: Could not copy "D:\github\qf-apps\src\Infrastructure\QuestFlag.Infrastructure.Core\bin\Debug\net10.0\QuestFlag.Infrastructure.Core.dll" to "bin\Debug\net10.0\QuestFlag.Infrastructure.Core.dll". Beginning retry 7 in 1000ms. The process cannot access the file 'D:\github\qf-apps\src\Passport\QuestFlag.Passport.Services\bin\Debug\net10.0\QuestFlag.Infrastructure.Core.dll' because it is being used by another process. The file is locked by: "Microsoft Visual Studio (8508), QuestFlag.Passport.Services (12196)" [D:\github\qf-apps\src\Passport\QuestFlag.Passport.Services\QuestFlag.Passport.Services.csproj]
C:\Program Files\dotnet\sdk\11.0.100-preview.1.26104.118\Microsoft.Common.CurrentVersion.targets(5094,5): warning MSB3026: Could not copy "D:\github\qf-apps\src\Deployment\QuestFlag.ServiceDefaults\bin\Debug\net10.0\QuestFlag.ServiceDefaults.dll" to "bin\Debug\net10.0\QuestFlag.ServiceDefaults.dll". Beginning retry 7 in 1000ms. The process cannot access the file 'D:\github\qf-apps\src\Passport\QuestFlag.Passport.Services\bin\Debug\net10.0\QuestFlag.ServiceDefaults.dll' because it is being used by another process. The file is locked by: "QuestFlag.Passport.Services (12196)" [D:\github\qf-apps\src\Passport\QuestFlag.Passport.Services\QuestFlag.Passport.Services.csproj]
C:\Program Files\dotnet\sdk\11.0.100-preview.1.26104.118\Microsoft.Common.CurrentVersion.targets(5094,5): warning MSB3026: Could not copy "D:\github\qf-apps\src\Infrastructure\QuestFlag.Infrastructure.ApiCore\bin\Debug\net10.0\QuestFlag.Infrastructure.ApiCore.dll" to "bin\Debug\net10.0\QuestFlag.Infrastructure.ApiCore.dll". Beginning retry 7 in 1000ms. The process cannot access the file 'D:\github\qf-apps\src\Passport\QuestFlag.Passport.Services\bin\Debug\net10.0\QuestFlag.Infrastructure.ApiCore.dll' because it is being used by another process. The file is locked by: "QuestFlag.Passport.Services (12196)" [D:\github\qf-apps\src\Passport\QuestFlag.Passport.Services\QuestFlag.Passport.Services.csproj]
C:\Program Files\dotnet\sdk\11.0.100-preview.1.26104.118\Microsoft.Common.CurrentVersion.targets(5094,5): warning MSB3026: Could not copy "D:\github\qf-apps\src\Passport\QuestFlag.Passport.Core\bin\Debug\net10.0\QuestFlag.Passport.Core.dll" to "bin\Debug\net10.0\QuestFlag.Passport.Core.dll". Beginning retry 7 in 1000ms. The process cannot access the file 'D:\github\qf-apps\src\Passport\QuestFlag.Passport.Services\bin\Debug\net10.0\QuestFlag.Passport.Core.dll' because it is being used by another process. The file is locked by: "Microsoft Visual Studio (8508), QuestFlag.Passport.Services (12196)" [D:\github\qf-apps\src\Passport\QuestFlag.Passport.Services\QuestFlag.Passport.Services.csproj]
C:\Program Files\dotnet\sdk\11.0.100-preview.1.26104.118\Microsoft.Common.CurrentVersion.targets(5094,5): warning MSB3026: Could not copy "D:\github\qf-apps\src\Passport\QuestFlag.Passport.Application\bin\Debug\net10.0\QuestFlag.Passport.Application.dll" to "bin\Debug\net10.0\QuestFlag.Passport.Application.dll". Beginning retry 7 in 1000ms. The process cannot access the file 'D:\github\qf-apps\src\Passport\QuestFlag.Passport.Services\bin\Debug\net10.0\QuestFlag.Passport.Application.dll' because it is being used by another process. The file is locked by: "Microsoft Visual Studio (8508), QuestFlag.Passport.Services (12196)" [D:\github\qf-apps\src\Passport\QuestFlag.Passport.Services\QuestFlag.Passport.Services.csproj]
C:\Program Files\dotnet\sdk\11.0.100-preview.1.26104.118\Microsoft.Common.CurrentVersion.targets(5094,5): warning MSB3026: Could not copy "D:\github\qf-apps\src\Passport\QuestFlag.Passport.Domain\bin\Debug\net10.0\QuestFlag.Passport.Domain.dll" to "bin\Debug\net10.0\QuestFlag.Passport.Domain.dll". Beginning retry 8 in 1000ms. The process cannot access the file 'D:\github\qf-apps\src\Passport\QuestFlag.Passport.Services\bin\Debug\net10.0\QuestFlag.Passport.Domain.dll' because it is being used by another process. The file is locked by: "QuestFlag.Passport.Services (12196)" [D:\github\qf-apps\src\Passport\QuestFlag.Passport.Services\QuestFlag.Passport.Services.csproj]
C:\Program Files\dotnet\sdk\11.0.100-preview.1.26104.118\Microsoft.Common.CurrentVersion.targets(5094,5): warning MSB3026: Could not copy "D:\github\qf-apps\src\Infrastructure\QuestFlag.Infrastructure.Core\bin\Debug\net10.0\QuestFlag.Infrastructure.Core.dll" to "bin\Debug\net10.0\QuestFlag.Infrastructure.Core.dll". Beginning retry 8 in 1000ms. The process cannot access the file 'D:\github\qf-apps\src\Passport\QuestFlag.Passport.Services\bin\Debug\net10.0\QuestFlag.Infrastructure.Core.dll' because it is being used by another process. The file is locked by: "Microsoft Visual Studio (8508), QuestFlag.Passport.Services (12196)" [D:\github\qf-apps\src\Passport\QuestFlag.Passport.Services\QuestFlag.Passport.Services.csproj]
C:\Program Files\dotnet\sdk\11.0.100-preview.1.26104.118\Microsoft.Common.CurrentVersion.targets(5094,5): warning MSB3026: Could not copy "D:\github\qf-apps\src\Infrastructure\QuestFlag.Infrastructure.ApiCore\bin\Debug\net10.0\QuestFlag.Infrastructure.ApiCore.dll" to "bin\Debug\net10.0\QuestFlag.Infrastructure.ApiCore.dll". Beginning retry 8 in 1000ms. The process cannot access the file 'D:\github\qf-apps\src\Passport\QuestFlag.Passport.Services\bin\Debug\net10.0\QuestFlag.Infrastructure.ApiCore.dll' because it is being used by another process. The file is locked by: "QuestFlag.Passport.Services (12196)" [D:\github\qf-apps\src\Passport\QuestFlag.Passport.Services\QuestFlag.Passport.Services.csproj]
C:\Program Files\dotnet\sdk\11.0.100-preview.1.26104.118\Microsoft.Common.CurrentVersion.targets(5094,5): warning MSB3026: Could not copy "D:\github\qf-apps\src\Deployment\QuestFlag.ServiceDefaults\bin\Debug\net10.0\QuestFlag.ServiceDefaults.dll" to "bin\Debug\net10.0\QuestFlag.ServiceDefaults.dll". Beginning retry 8 in 1000ms. The process cannot access the file 'D:\github\qf-apps\src\Passport\QuestFlag.Passport.Services\bin\Debug\net10.0\QuestFlag.ServiceDefaults.dll' because it is being used by another process. The file is locked by: "QuestFlag.Passport.Services (12196)" [D:\github\qf-apps\src\Passport\QuestFlag.Passport.Services\QuestFlag.Passport.Services.csproj]
C:\Program Files\dotnet\sdk\11.0.100-preview.1.26104.118\Microsoft.Common.CurrentVersion.targets(5094,5): warning MSB3026: Could not copy "D:\github\qf-apps\src\Passport\QuestFlag.Passport.Core\bin\Debug\net10.0\QuestFlag.Passport.Core.dll" to "bin\Debug\net10.0\QuestFlag.Passport.Core.dll". Beginning retry 8 in 1000ms. The process cannot access the file 'D:\github\qf-apps\src\Passport\QuestFlag.Passport.Services\bin\Debug\net10.0\QuestFlag.Passport.Core.dll' because it is being used by another process. The file is locked by: "Microsoft Visual Studio (8508), QuestFlag.Passport.Services (12196)" [D:\github\qf-apps\src\Passport\QuestFlag.Passport.Services\QuestFlag.Passport.Services.csproj]
C:\Program Files\dotnet\sdk\11.0.100-preview.1.26104.118\Microsoft.Common.CurrentVersion.targets(5094,5): warning MSB3026: Could not copy "D:\github\qf-apps\src\Passport\QuestFlag.Passport.Application\bin\Debug\net10.0\QuestFlag.Passport.Application.dll" to "bin\Debug\net10.0\QuestFlag.Passport.Application.dll". Beginning retry 8 in 1000ms. The process cannot access the file 'D:\github\qf-apps\src\Passport\QuestFlag.Passport.Services\bin\Debug\net10.0\QuestFlag.Passport.Application.dll' because it is being used by another process. The file is locked by: "Microsoft Visual Studio (8508), QuestFlag.Passport.Services (12196)" [D:\github\qf-apps\src\Passport\QuestFlag.Passport.Services\QuestFlag.Passport.Services.csproj]
C:\Program Files\dotnet\sdk\11.0.100-preview.1.26104.118\Microsoft.Common.CurrentVersion.targets(5094,5): warning MSB3026: Could not copy "D:\github\qf-apps\src\Passport\QuestFlag.Passport.Domain\bin\Debug\net10.0\QuestFlag.Passport.Domain.dll" to "bin\Debug\net10.0\QuestFlag.Passport.Domain.dll". Beginning retry 9 in 1000ms. The process cannot access the file 'D:\github\qf-apps\src\Passport\QuestFlag.Passport.Services\bin\Debug\net10.0\QuestFlag.Passport.Domain.dll' because it is being used by another process. The file is locked by: "QuestFlag.Passport.Services (12196)" [D:\github\qf-apps\src\Passport\QuestFlag.Passport.Services\QuestFlag.Passport.Services.csproj]
C:\Program Files\dotnet\sdk\11.0.100-preview.1.26104.118\Microsoft.Common.CurrentVersion.targets(5094,5): warning MSB3026: Could not copy "D:\github\qf-apps\src\Infrastructure\QuestFlag.Infrastructure.Core\bin\Debug\net10.0\QuestFlag.Infrastructure.Core.dll" to "bin\Debug\net10.0\QuestFlag.Infrastructure.Core.dll". Beginning retry 9 in 1000ms. The process cannot access the file 'D:\github\qf-apps\src\Passport\QuestFlag.Passport.Services\bin\Debug\net10.0\QuestFlag.Infrastructure.Core.dll' because it is being used by another process. The file is locked by: "Microsoft Visual Studio (8508), QuestFlag.Passport.Services (12196)" [D:\github\qf-apps\src\Passport\QuestFlag.Passport.Services\QuestFlag.Passport.Services.csproj]
C:\Program Files\dotnet\sdk\11.0.100-preview.1.26104.118\Microsoft.Common.CurrentVersion.targets(5094,5): warning MSB3026: Could not copy "D:\github\qf-apps\src\Deployment\QuestFlag.ServiceDefaults\bin\Debug\net10.0\QuestFlag.ServiceDefaults.dll" to "bin\Debug\net10.0\QuestFlag.ServiceDefaults.dll". Beginning retry 9 in 1000ms. The process cannot access the file 'D:\github\qf-apps\src\Passport\QuestFlag.Passport.Services\bin\Debug\net10.0\QuestFlag.ServiceDefaults.dll' because it is being used by another process. The file is locked by: "QuestFlag.Passport.Services (12196)" [D:\github\qf-apps\src\Passport\QuestFlag.Passport.Services\QuestFlag.Passport.Services.csproj]
C:\Program Files\dotnet\sdk\11.0.100-preview.1.26104.118\Microsoft.Common.CurrentVersion.targets(5094,5): warning MSB3026: Could not copy "D:\github\qf-apps\src\Infrastructure\QuestFlag.Infrastructure.ApiCore\bin\Debug\net10.0\QuestFlag.Infrastructure.ApiCore.dll" to "bin\Debug\net10.0\QuestFlag.Infrastructure.ApiCore.dll". Beginning retry 9 in 1000ms. The process cannot access the file 'D:\github\qf-apps\src\Passport\QuestFlag.Passport.Services\bin\Debug\net10.0\QuestFlag.Infrastructure.ApiCore.dll' because it is being used by another process. The file is locked by: "QuestFlag.Passport.Services (12196)" [D:\github\qf-apps\src\Passport\QuestFlag.Passport.Services\QuestFlag.Passport.Services.csproj]
C:\Program Files\dotnet\sdk\11.0.100-preview.1.26104.118\Microsoft.Common.CurrentVersion.targets(5094,5): warning MSB3026: Could not copy "D:\github\qf-apps\src\Passport\QuestFlag.Passport.Core\bin\Debug\net10.0\QuestFlag.Passport.Core.dll" to "bin\Debug\net10.0\QuestFlag.Passport.Core.dll". Beginning retry 9 in 1000ms. The process cannot access the file 'D:\github\qf-apps\src\Passport\QuestFlag.Passport.Services\bin\Debug\net10.0\QuestFlag.Passport.Core.dll' because it is being used by another process. The file is locked by: "Microsoft Visual Studio (8508), QuestFlag.Passport.Services (12196)" [D:\github\qf-apps\src\Passport\QuestFlag.Passport.Services\QuestFlag.Passport.Services.csproj]
C:\Program Files\dotnet\sdk\11.0.100-preview.1.26104.118\Microsoft.Common.CurrentVersion.targets(5094,5): warning MSB3026: Could not copy "D:\github\qf-apps\src\Passport\QuestFlag.Passport.Application\bin\Debug\net10.0\QuestFlag.Passport.Application.dll" to "bin\Debug\net10.0\QuestFlag.Passport.Application.dll". Beginning retry 9 in 1000ms. The process cannot access the file 'D:\github\qf-apps\src\Passport\QuestFlag.Passport.Services\bin\Debug\net10.0\QuestFlag.Passport.Application.dll' because it is being used by another process. The file is locked by: "Microsoft Visual Studio (8508), QuestFlag.Passport.Services (12196)" [D:\github\qf-apps\src\Passport\QuestFlag.Passport.Services\QuestFlag.Passport.Services.csproj]
C:\Program Files\dotnet\sdk\11.0.100-preview.1.26104.118\Microsoft.Common.CurrentVersion.targets(5094,5): warning MSB3026: Could not copy "D:\github\qf-apps\src\Passport\QuestFlag.Passport.Domain\bin\Debug\net10.0\QuestFlag.Passport.Domain.dll" to "bin\Debug\net10.0\QuestFlag.Passport.Domain.dll". Beginning retry 10 in 1000ms. The process cannot access the file 'D:\github\qf-apps\src\Passport\QuestFlag.Passport.Services\bin\Debug\net10.0\QuestFlag.Passport.Domain.dll' because it is being used by another process. The file is locked by: "QuestFlag.Passport.Services (12196)" [D:\github\qf-apps\src\Passport\QuestFlag.Passport.Services\QuestFlag.Passport.Services.csproj]
C:\Program Files\dotnet\sdk\11.0.100-preview.1.26104.118\Microsoft.Common.CurrentVersion.targets(5094,5): warning MSB3026: Could not copy "D:\github\qf-apps\src\Infrastructure\QuestFlag.Infrastructure.Core\bin\Debug\net10.0\QuestFlag.Infrastructure.Core.dll" to "bin\Debug\net10.0\QuestFlag.Infrastructure.Core.dll". Beginning retry 10 in 1000ms. The process cannot access the file 'D:\github\qf-apps\src\Passport\QuestFlag.Passport.Services\bin\Debug\net10.0\QuestFlag.Infrastructure.Core.dll' because it is being used by another process. The file is locked by: "Microsoft Visual Studio (8508), QuestFlag.Passport.Services (12196)" [D:\github\qf-apps\src\Passport\QuestFlag.Passport.Services\QuestFlag.Passport.Services.csproj]
C:\Program Files\dotnet\sdk\11.0.100-preview.1.26104.118\Microsoft.Common.CurrentVersion.targets(5094,5): warning MSB3026: Could not copy "D:\github\qf-apps\src\Deployment\QuestFlag.ServiceDefaults\bin\Debug\net10.0\QuestFlag.ServiceDefaults.dll" to "bin\Debug\net10.0\QuestFlag.ServiceDefaults.dll". Beginning retry 10 in 1000ms. The process cannot access the file 'D:\github\qf-apps\src\Passport\QuestFlag.Passport.Services\bin\Debug\net10.0\QuestFlag.ServiceDefaults.dll' because it is being used by another process. The file is locked by: "QuestFlag.Passport.Services (12196)" [D:\github\qf-apps\src\Passport\QuestFlag.Passport.Services\QuestFlag.Passport.Services.csproj]
C:\Program Files\dotnet\sdk\11.0.100-preview.1.26104.118\Microsoft.Common.CurrentVersion.targets(5094,5): warning MSB3026: Could not copy "D:\github\qf-apps\src\Infrastructure\QuestFlag.Infrastructure.ApiCore\bin\Debug\net10.0\QuestFlag.Infrastructure.ApiCore.dll" to "bin\Debug\net10.0\QuestFlag.Infrastructure.ApiCore.dll". Beginning retry 10 in 1000ms. The process cannot access the file 'D:\github\qf-apps\src\Passport\QuestFlag.Passport.Services\bin\Debug\net10.0\QuestFlag.Infrastructure.ApiCore.dll' because it is being used by another process. The file is locked by: "QuestFlag.Passport.Services (12196)" [D:\github\qf-apps\src\Passport\QuestFlag.Passport.Services\QuestFlag.Passport.Services.csproj]
C:\Program Files\dotnet\sdk\11.0.100-preview.1.26104.118\Microsoft.Common.CurrentVersion.targets(5094,5): warning MSB3026: Could not copy "D:\github\qf-apps\src\Passport\QuestFlag.Passport.Core\bin\Debug\net10.0\QuestFlag.Passport.Core.dll" to "bin\Debug\net10.0\QuestFlag.Passport.Core.dll". Beginning retry 10 in 1000ms. The process cannot access the file 'D:\github\qf-apps\src\Passport\QuestFlag.Passport.Services\bin\Debug\net10.0\QuestFlag.Passport.Core.dll' because it is being used by another process. The file is locked by: "Microsoft Visual Studio (8508), QuestFlag.Passport.Services (12196)" [D:\github\qf-apps\src\Passport\QuestFlag.Passport.Services\QuestFlag.Passport.Services.csproj]
C:\Program Files\dotnet\sdk\11.0.100-preview.1.26104.118\Microsoft.Common.CurrentVersion.targets(5094,5): warning MSB3026: Could not copy "D:\github\qf-apps\src\Passport\QuestFlag.Passport.Application\bin\Debug\net10.0\QuestFlag.Passport.Application.dll" to "bin\Debug\net10.0\QuestFlag.Passport.Application.dll". Beginning retry 10 in 1000ms. The process cannot access the file 'D:\github\qf-apps\src\Passport\QuestFlag.Passport.Services\bin\Debug\net10.0\QuestFlag.Passport.Application.dll' because it is being used by another process. The file is locked by: "Microsoft Visual Studio (8508), QuestFlag.Passport.Services (12196)" [D:\github\qf-apps\src\Passport\QuestFlag.Passport.Services\QuestFlag.Passport.Services.csproj]
C:\Program Files\dotnet\sdk\11.0.100-preview.1.26104.118\Microsoft.Common.CurrentVersion.targets(5094,5): error MSB3027: Could not copy "D:\github\qf-apps\src\Passport\QuestFlag.Passport.Domain\bin\Debug\net10.0\QuestFlag.Passport.Domain.dll" to "bin\Debug\net10.0\QuestFlag.Passport.Domain.dll". Exceeded retry count of 10. Failed. The file is locked by: "QuestFlag.Passport.Services (12196)" [D:\github\qf-apps\src\Passport\QuestFlag.Passport.Services\QuestFlag.Passport.Services.csproj]
C:\Program Files\dotnet\sdk\11.0.100-preview.1.26104.118\Microsoft.Common.CurrentVersion.targets(5094,5): error MSB3021: Unable to copy file "D:\github\qf-apps\src\Passport\QuestFlag.Passport.Domain\bin\Debug\net10.0\QuestFlag.Passport.Domain.dll" to "bin\Debug\net10.0\QuestFlag.Passport.Domain.dll". The process cannot access the file 'D:\github\qf-apps\src\Passport\QuestFlag.Passport.Services\bin\Debug\net10.0\QuestFlag.Passport.Domain.dll' because it is being used by another process. [D:\github\qf-apps\src\Passport\QuestFlag.Passport.Services\QuestFlag.Passport.Services.csproj]
C:\Program Files\dotnet\sdk\11.0.100-preview.1.26104.118\Microsoft.Common.CurrentVersion.targets(5094,5): error MSB3027: Could not copy "D:\github\qf-apps\src\Infrastructure\QuestFlag.Infrastructure.Core\bin\Debug\net10.0\QuestFlag.Infrastructure.Core.dll" to "bin\Debug\net10.0\QuestFlag.Infrastructure.Core.dll". Exceeded retry count of 10. Failed. The file is locked by: "Microsoft Visual Studio (8508), QuestFlag.Passport.Services (12196)" [D:\github\qf-apps\src\Passport\QuestFlag.Passport.Services\QuestFlag.Passport.Services.csproj]
C:\Program Files\dotnet\sdk\11.0.100-preview.1.26104.118\Microsoft.Common.CurrentVersion.targets(5094,5): error MSB3021: Unable to copy file "D:\github\qf-apps\src\Infrastructure\QuestFlag.Infrastructure.Core\bin\Debug\net10.0\QuestFlag.Infrastructure.Core.dll" to "bin\Debug\net10.0\QuestFlag.Infrastructure.Core.dll". The process cannot access the file 'D:\github\qf-apps\src\Passport\QuestFlag.Passport.Services\bin\Debug\net10.0\QuestFlag.Infrastructure.Core.dll' because it is being used by another process. [D:\github\qf-apps\src\Passport\QuestFlag.Passport.Services\QuestFlag.Passport.Services.csproj]
C:\Program Files\dotnet\sdk\11.0.100-preview.1.26104.118\Microsoft.Common.CurrentVersion.targets(5094,5): error MSB3027: Could not copy "D:\github\qf-apps\src\Deployment\QuestFlag.ServiceDefaults\bin\Debug\net10.0\QuestFlag.ServiceDefaults.dll" to "bin\Debug\net10.0\QuestFlag.ServiceDefaults.dll". Exceeded retry count of 10. Failed. The file is locked by: "QuestFlag.Passport.Services (12196)" [D:\github\qf-apps\src\Passport\QuestFlag.Passport.Services\QuestFlag.Passport.Services.csproj]
C:\Program Files\dotnet\sdk\11.0.100-preview.1.26104.118\Microsoft.Common.CurrentVersion.targets(5094,5): error MSB3021: Unable to copy file "D:\github\qf-apps\src\Deployment\QuestFlag.ServiceDefaults\bin\Debug\net10.0\QuestFlag.ServiceDefaults.dll" to "bin\Debug\net10.0\QuestFlag.ServiceDefaults.dll". The process cannot access the file 'D:\github\qf-apps\src\Passport\QuestFlag.Passport.Services\bin\Debug\net10.0\QuestFlag.ServiceDefaults.dll' because it is being used by another process. [D:\github\qf-apps\src\Passport\QuestFlag.Passport.Services\QuestFlag.Passport.Services.csproj]
C:\Program Files\dotnet\sdk\11.0.100-preview.1.26104.118\Microsoft.Common.CurrentVersion.targets(5094,5): error MSB3027: Could not copy "D:\github\qf-apps\src\Infrastructure\QuestFlag.Infrastructure.ApiCore\bin\Debug\net10.0\QuestFlag.Infrastructure.ApiCore.dll" to "bin\Debug\net10.0\QuestFlag.Infrastructure.ApiCore.dll". Exceeded retry count of 10. Failed. The file is locked by: "QuestFlag.Passport.Services (12196)" [D:\github\qf-apps\src\Passport\QuestFlag.Passport.Services\QuestFlag.Passport.Services.csproj]
C:\Program Files\dotnet\sdk\11.0.100-preview.1.26104.118\Microsoft.Common.CurrentVersion.targets(5094,5): error MSB3021: Unable to copy file "D:\github\qf-apps\src\Infrastructure\QuestFlag.Infrastructure.ApiCore\bin\Debug\net10.0\QuestFlag.Infrastructure.ApiCore.dll" to "bin\Debug\net10.0\QuestFlag.Infrastructure.ApiCore.dll". The process cannot access the file 'D:\github\qf-apps\src\Passport\QuestFlag.Passport.Services\bin\Debug\net10.0\QuestFlag.Infrastructure.ApiCore.dll' because it is being used by another process. [D:\github\qf-apps\src\Passport\QuestFlag.Passport.Services\QuestFlag.Passport.Services.csproj]
C:\Program Files\dotnet\sdk\11.0.100-preview.1.26104.118\Microsoft.Common.CurrentVersion.targets(5094,5): error MSB3027: Could not copy "D:\github\qf-apps\src\Passport\QuestFlag.Passport.Core\bin\Debug\net10.0\QuestFlag.Passport.Core.dll" to "bin\Debug\net10.0\QuestFlag.Passport.Core.dll". Exceeded retry count of 10. Failed. The file is locked by: "Microsoft Visual Studio (8508), QuestFlag.Passport.Services (12196)" [D:\github\qf-apps\src\Passport\QuestFlag.Passport.Services\QuestFlag.Passport.Services.csproj]
C:\Program Files\dotnet\sdk\11.0.100-preview.1.26104.118\Microsoft.Common.CurrentVersion.targets(5094,5): error MSB3021: Unable to copy file "D:\github\qf-apps\src\Passport\QuestFlag.Passport.Core\bin\Debug\net10.0\QuestFlag.Passport.Core.dll" to "bin\Debug\net10.0\QuestFlag.Passport.Core.dll". The process cannot access the file 'D:\github\qf-apps\src\Passport\QuestFlag.Passport.Services\bin\Debug\net10.0\QuestFlag.Passport.Core.dll' because it is being used by another process. [D:\github\qf-apps\src\Passport\QuestFlag.Passport.Services\QuestFlag.Passport.Services.csproj]
C:\Program Files\dotnet\sdk\11.0.100-preview.1.26104.118\Microsoft.Common.CurrentVersion.targets(5094,5): error MSB3027: Could not copy "D:\github\qf-apps\src\Passport\QuestFlag.Passport.Application\bin\Debug\net10.0\QuestFlag.Passport.Application.dll" to "bin\Debug\net10.0\QuestFlag.Passport.Application.dll". Exceeded retry count of 10. Failed. The file is locked by: "Microsoft Visual Studio (8508), QuestFlag.Passport.Services (12196)" [D:\github\qf-apps\src\Passport\QuestFlag.Passport.Services\QuestFlag.Passport.Services.csproj]
C:\Program Files\dotnet\sdk\11.0.100-preview.1.26104.118\Microsoft.Common.CurrentVersion.targets(5094,5): error MSB3021: Unable to copy file "D:\github\qf-apps\src\Passport\QuestFlag.Passport.Application\bin\Debug\net10.0\QuestFlag.Passport.Application.dll" to "bin\Debug\net10.0\QuestFlag.Passport.Application.dll". The process cannot access the file 'D:\github\qf-apps\src\Passport\QuestFlag.Passport.Services\bin\Debug\net10.0\QuestFlag.Passport.Application.dll' because it is being used by another process. [D:\github\qf-apps\src\Passport\QuestFlag.Passport.Services\QuestFlag.Passport.Services.csproj]
    60 Warning(s)
    12 Error(s)

Time Elapsed 00:00:26.19
  Determining projects to restore...
  Restored D:\github\qf-apps\src\Infrastructure\QuestFlag.Infrastructure.Domain\QuestFlag.Infrastructure.Domain.csproj (in 1.75 sec).
  Restored D:\github\qf-apps\src\Infrastructure\QuestFlag.Infrastructure.Application\QuestFlag.Infrastructure.Application.csproj (in 30 ms).
  Restored D:\github\qf-apps\src\Deployment\QuestFlag.ServiceDefaults\QuestFlag.ServiceDefaults.csproj (in 1.84 sec).
  Restored D:\github\qf-apps\src\Passport\QuestFlag.Passport.Domain\QuestFlag.Passport.Domain.csproj (in 1.83 sec).
  Restored D:\github\qf-apps\src\Passport\QuestFlag.Passport.Application\QuestFlag.Passport.Application.csproj (in 1.84 sec).
  Restored D:\github\qf-apps\src\Infrastructure\QuestFlag.Infrastructure.ApiCore\QuestFlag.Infrastructure.ApiCore.csproj (in 1.84 sec).
  Restored D:\github\qf-apps\src\Infrastructure\QuestFlag.Infrastructure.Core\QuestFlag.Infrastructure.Core.csproj (in 1.87 sec).
  Restored D:\github\qf-apps\src\Passport\QuestFlag.Passport.Core\QuestFlag.Passport.Core.csproj (in 1.87 sec).
  Restored D:\github\qf-apps\src\Passport\QuestFlag.Passport.Services\QuestFlag.Passport.Services.csproj (in 2.09 sec).
C:\Program Files\dotnet\sdk\11.0.100-preview.1.26104.118\Sdks\Microsoft.NET.Sdk\targets\Microsoft.NET.RuntimeIdentifierInference.targets(383,5): message NETSDK1057: You are using a preview version of .NET. See: https://aka.ms/dotnet-support-policy [D:\github\qf-apps\src\Passport\QuestFlag.Passport.Services\QuestFlag.Passport.Services.csproj]
C:\Program Files\dotnet\sdk\11.0.100-preview.1.26104.118\Sdks\Microsoft.NET.Sdk\targets\Microsoft.NET.RuntimeIdentifierInference.targets(383,5): message NETSDK1057: You are using a preview version of .NET. See: https://aka.ms/dotnet-support-policy [D:\github\qf-apps\src\Passport\QuestFlag.Passport.Core\QuestFlag.Passport.Core.csproj]
C:\Program Files\dotnet\sdk\11.0.100-preview.1.26104.118\Sdks\Microsoft.NET.Sdk\targets\Microsoft.NET.RuntimeIdentifierInference.targets(383,5): message NETSDK1057: You are using a preview version of .NET. See: https://aka.ms/dotnet-support-policy [D:\github\qf-apps\src\Deployment\QuestFlag.ServiceDefaults\QuestFlag.ServiceDefaults.csproj]
C:\Program Files\dotnet\sdk\11.0.100-preview.1.26104.118\Sdks\Microsoft.NET.Sdk\targets\Microsoft.NET.RuntimeIdentifierInference.targets(383,5): message NETSDK1057: You are using a preview version of .NET. See: https://aka.ms/dotnet-support-policy [D:\github\qf-apps\src\Infrastructure\QuestFlag.Infrastructure.Application\QuestFlag.Infrastructure.Application.csproj]
C:\Program Files\dotnet\sdk\11.0.100-preview.1.26104.118\Sdks\Microsoft.NET.Sdk\targets\Microsoft.NET.RuntimeIdentifierInference.targets(383,5): message NETSDK1057: You are using a preview version of .NET. See: https://aka.ms/dotnet-support-policy [D:\github\qf-apps\src\Infrastructure\QuestFlag.Infrastructure.Core\QuestFlag.Infrastructure.Core.csproj]
C:\Program Files\dotnet\sdk\11.0.100-preview.1.26104.118\Sdks\Microsoft.NET.Sdk\targets\Microsoft.NET.RuntimeIdentifierInference.targets(383,5): message NETSDK1057: You are using a preview version of .NET. See: https://aka.ms/dotnet-support-policy [D:\github\qf-apps\src\Infrastructure\QuestFlag.Infrastructure.Domain\QuestFlag.Infrastructure.Domain.csproj]
C:\Program Files\dotnet\sdk\11.0.100-preview.1.26104.118\Sdks\Microsoft.NET.Sdk\targets\Microsoft.NET.RuntimeIdentifierInference.targets(383,5): message NETSDK1057: You are using a preview version of .NET. See: https://aka.ms/dotnet-support-policy [D:\github\qf-apps\src\Passport\QuestFlag.Passport.Domain\QuestFlag.Passport.Domain.csproj]
C:\Program Files\dotnet\sdk\11.0.100-preview.1.26104.118\Sdks\Microsoft.NET.Sdk\targets\Microsoft.NET.RuntimeIdentifierInference.targets(383,5): message NETSDK1057: You are using a preview version of .NET. See: https://aka.ms/dotnet-support-policy [D:\github\qf-apps\src\Passport\QuestFlag.Passport.Application\QuestFlag.Passport.Application.csproj]
  QuestFlag.Passport.Domain -> D:\github\qf-apps\src\Passport\QuestFlag.Passport.Domain\bin\Debug\net10.0\QuestFlag.Passport.Domain.dll
  QuestFlag.Infrastructure.Domain -> D:\github\qf-apps\src\Infrastructure\QuestFlag.Infrastructure.Domain\bin\Debug\net10.0\QuestFlag.Infrastructure.Domain.dll
  QuestFlag.ServiceDefaults -> D:\github\qf-apps\src\Deployment\QuestFlag.ServiceDefaults\bin\Debug\net10.0\QuestFlag.ServiceDefaults.dll
  QuestFlag.Infrastructure.Application -> D:\github\qf-apps\src\Infrastructure\QuestFlag.Infrastructure.Application\bin\Debug\net10.0\QuestFlag.Infrastructure.Application.dll
  QuestFlag.Passport.Application -> D:\github\qf-apps\src\Passport\QuestFlag.Passport.Application\bin\Debug\net10.0\QuestFlag.Passport.Application.dll
D:\github\qf-apps\src\Infrastructure\QuestFlag.Infrastructure.Core\DependencyInjection\CoreServiceExtensions.cs(43,30): warning CS0618: 'GoogleCredential.FromStream(Stream)' is obsolete: 'This method is being deprecated because of a potential security risk. Use the methods in the CredentialFactory class instead. A GoogleCredential object can then be created by calling the .ToGoogleCredential() method on the returned specific credential. ' [D:\github\qf-apps\src\Infrastructure\QuestFlag.Infrastructure.Core\QuestFlag.Infrastructure.Core.csproj]
  QuestFlag.Infrastructure.ApiCore -> D:\github\qf-apps\src\Infrastructure\QuestFlag.Infrastructure.ApiCore\bin\Debug\net10.0\QuestFlag.Infrastructure.ApiCore.dll
  QuestFlag.Infrastructure.Core -> D:\github\qf-apps\src\Infrastructure\QuestFlag.Infrastructure.Core\bin\Debug\net10.0\QuestFlag.Infrastructure.Core.dll
  QuestFlag.Passport.Core -> D:\github\qf-apps\src\Passport\QuestFlag.Passport.Core\bin\Debug\net10.0\QuestFlag.Passport.Core.dll
C:\Program Files\dotnet\sdk\11.0.100-preview.1.26104.118\Microsoft.Common.CurrentVersion.targets(5094,5): warning MSB3026: Could not copy "D:\github\qf-apps\src\Infrastructure\QuestFlag.Infrastructure.ApiCore\bin\Debug\net10.0\QuestFlag.Infrastructure.ApiCore.dll" to "bin\Debug\net10.0\QuestFlag.Infrastructure.ApiCore.dll". Beginning retry 1 in 1000ms. The process cannot access the file 'D:\github\qf-apps\src\Passport\QuestFlag.Passport.Services\bin\Debug\net10.0\QuestFlag.Infrastructure.ApiCore.dll' because it is being used by another process. The file is locked by: "QuestFlag.Passport.Services (5176)" [D:\github\qf-apps\src\Passport\QuestFlag.Passport.Services\QuestFlag.Passport.Services.csproj]
C:\Program Files\dotnet\sdk\11.0.100-preview.1.26104.118\Microsoft.Common.CurrentVersion.targets(5094,5): warning MSB3026: Could not copy "D:\github\qf-apps\src\Deployment\QuestFlag.ServiceDefaults\bin\Debug\net10.0\QuestFlag.ServiceDefaults.dll" to "bin\Debug\net10.0\QuestFlag.ServiceDefaults.dll". Beginning retry 1 in 1000ms. The process cannot access the file 'D:\github\qf-apps\src\Passport\QuestFlag.Passport.Services\bin\Debug\net10.0\QuestFlag.ServiceDefaults.dll' because it is being used by another process. The file is locked by: "QuestFlag.Passport.Services (5176)" [D:\github\qf-apps\src\Passport\QuestFlag.Passport.Services\QuestFlag.Passport.Services.csproj]
C:\Program Files\dotnet\sdk\11.0.100-preview.1.26104.118\Microsoft.Common.CurrentVersion.targets(5094,5): warning MSB3026: Could not copy "D:\github\qf-apps\src\Passport\QuestFlag.Passport.Domain\bin\Debug\net10.0\QuestFlag.Passport.Domain.dll" to "bin\Debug\net10.0\QuestFlag.Passport.Domain.dll". Beginning retry 1 in 1000ms. The process cannot access the file 'D:\github\qf-apps\src\Passport\QuestFlag.Passport.Services\bin\Debug\net10.0\QuestFlag.Passport.Domain.dll' because it is being used by another process. The file is locked by: "QuestFlag.Passport.Services (5176)" [D:\github\qf-apps\src\Passport\QuestFlag.Passport.Services\QuestFlag.Passport.Services.csproj]
C:\Program Files\dotnet\sdk\11.0.100-preview.1.26104.118\Microsoft.Common.CurrentVersion.targets(5094,5): warning MSB3026: Could not copy "D:\github\qf-apps\src\Passport\QuestFlag.Passport.Core\bin\Debug\net10.0\QuestFlag.Passport.Core.dll" to "bin\Debug\net10.0\QuestFlag.Passport.Core.dll". Beginning retry 1 in 1000ms. The process cannot access the file 'D:\github\qf-apps\src\Passport\QuestFlag.Passport.Services\bin\Debug\net10.0\QuestFlag.Passport.Core.dll' because it is being used by another process. The file is locked by: "Microsoft Visual Studio (8508), QuestFlag.Passport.Services (5176)" [D:\github\qf-apps\src\Passport\QuestFlag.Passport.Services\QuestFlag.Passport.Services.csproj]
C:\Program Files\dotnet\sdk\11.0.100-preview.1.26104.118\Microsoft.Common.CurrentVersion.targets(5094,5): warning MSB3026: Could not copy "D:\github\qf-apps\src\Infrastructure\QuestFlag.Infrastructure.Core\bin\Debug\net10.0\QuestFlag.Infrastructure.Core.dll" to "bin\Debug\net10.0\QuestFlag.Infrastructure.Core.dll". Beginning retry 1 in 1000ms. The process cannot access the file 'D:\github\qf-apps\src\Passport\QuestFlag.Passport.Services\bin\Debug\net10.0\QuestFlag.Infrastructure.Core.dll' because it is being used by another process. The file is locked by: "Microsoft Visual Studio (8508), QuestFlag.Passport.Services (5176)" [D:\github\qf-apps\src\Passport\QuestFlag.Passport.Services\QuestFlag.Passport.Services.csproj]
C:\Program Files\dotnet\sdk\11.0.100-preview.1.26104.118\Microsoft.Common.CurrentVersion.targets(5094,5): warning MSB3026: Could not copy "D:\github\qf-apps\src\Passport\QuestFlag.Passport.Application\bin\Debug\net10.0\QuestFlag.Passport.Application.dll" to "bin\Debug\net10.0\QuestFlag.Passport.Application.dll". Beginning retry 1 in 1000ms. The process cannot access the file 'D:\github\qf-apps\src\Passport\QuestFlag.Passport.Services\bin\Debug\net10.0\QuestFlag.Passport.Application.dll' because it is being used by another process. The file is locked by: "Microsoft Visual Studio (8508), QuestFlag.Passport.Services (5176)" [D:\github\qf-apps\src\Passport\QuestFlag.Passport.Services\QuestFlag.Passport.Services.csproj]
C:\Program Files\dotnet\sdk\11.0.100-preview.1.26104.118\Microsoft.Common.CurrentVersion.targets(5094,5): warning MSB3026: Could not copy "D:\github\qf-apps\src\Deployment\QuestFlag.ServiceDefaults\bin\Debug\net10.0\QuestFlag.ServiceDefaults.dll" to "bin\Debug\net10.0\QuestFlag.ServiceDefaults.dll". Beginning retry 2 in 1000ms. The process cannot access the file 'D:\github\qf-apps\src\Passport\QuestFlag.Passport.Services\bin\Debug\net10.0\QuestFlag.ServiceDefaults.dll' because it is being used by another process. The file is locked by: "QuestFlag.Passport.Services (5176)" [D:\github\qf-apps\src\Passport\QuestFlag.Passport.Services\QuestFlag.Passport.Services.csproj]
C:\Program Files\dotnet\sdk\11.0.100-preview.1.26104.118\Microsoft.Common.CurrentVersion.targets(5094,5): warning MSB3026: Could not copy "D:\github\qf-apps\src\Infrastructure\QuestFlag.Infrastructure.ApiCore\bin\Debug\net10.0\QuestFlag.Infrastructure.ApiCore.dll" to "bin\Debug\net10.0\QuestFlag.Infrastructure.ApiCore.dll". Beginning retry 2 in 1000ms. The process cannot access the file 'D:\github\qf-apps\src\Passport\QuestFlag.Passport.Services\bin\Debug\net10.0\QuestFlag.Infrastructure.ApiCore.dll' because it is being used by another process. The file is locked by: "QuestFlag.Passport.Services (5176)" [D:\github\qf-apps\src\Passport\QuestFlag.Passport.Services\QuestFlag.Passport.Services.csproj]
C:\Program Files\dotnet\sdk\11.0.100-preview.1.26104.118\Microsoft.Common.CurrentVersion.targets(5094,5): warning MSB3026: Could not copy "D:\github\qf-apps\src\Passport\QuestFlag.Passport.Domain\bin\Debug\net10.0\QuestFlag.Passport.Domain.dll" to "bin\Debug\net10.0\QuestFlag.Passport.Domain.dll". Beginning retry 2 in 1000ms. The process cannot access the file 'D:\github\qf-apps\src\Passport\QuestFlag.Passport.Services\bin\Debug\net10.0\QuestFlag.Passport.Domain.dll' because it is being used by another process. The file is locked by: "QuestFlag.Passport.Services (5176)" [D:\github\qf-apps\src\Passport\QuestFlag.Passport.Services\QuestFlag.Passport.Services.csproj]
C:\Program Files\dotnet\sdk\11.0.100-preview.1.26104.118\Microsoft.Common.CurrentVersion.targets(5094,5): warning MSB3026: Could not copy "D:\github\qf-apps\src\Passport\QuestFlag.Passport.Core\bin\Debug\net10.0\QuestFlag.Passport.Core.dll" to "bin\Debug\net10.0\QuestFlag.Passport.Core.dll". Beginning retry 2 in 1000ms. The process cannot access the file 'D:\github\qf-apps\src\Passport\QuestFlag.Passport.Services\bin\Debug\net10.0\QuestFlag.Passport.Core.dll' because it is being used by another process. The file is locked by: "Microsoft Visual Studio (8508), QuestFlag.Passport.Services (5176)" [D:\github\qf-apps\src\Passport\QuestFlag.Passport.Services\QuestFlag.Passport.Services.csproj]
C:\Program Files\dotnet\sdk\11.0.100-preview.1.26104.118\Microsoft.Common.CurrentVersion.targets(5094,5): warning MSB3026: Could not copy "D:\github\qf-apps\src\Infrastructure\QuestFlag.Infrastructure.Core\bin\Debug\net10.0\QuestFlag.Infrastructure.Core.dll" to "bin\Debug\net10.0\QuestFlag.Infrastructure.Core.dll". Beginning retry 2 in 1000ms. The process cannot access the file 'D:\github\qf-apps\src\Passport\QuestFlag.Passport.Services\bin\Debug\net10.0\QuestFlag.Infrastructure.Core.dll' because it is being used by another process. The file is locked by: "Microsoft Visual Studio (8508), QuestFlag.Passport.Services (5176)" [D:\github\qf-apps\src\Passport\QuestFlag.Passport.Services\QuestFlag.Passport.Services.csproj]
C:\Program Files\dotnet\sdk\11.0.100-preview.1.26104.118\Microsoft.Common.CurrentVersion.targets(5094,5): warning MSB3026: Could not copy "D:\github\qf-apps\src\Passport\QuestFlag.Passport.Application\bin\Debug\net10.0\QuestFlag.Passport.Application.dll" to "bin\Debug\net10.0\QuestFlag.Passport.Application.dll". Beginning retry 2 in 1000ms. The process cannot access the file 'D:\github\qf-apps\src\Passport\QuestFlag.Passport.Services\bin\Debug\net10.0\QuestFlag.Passport.Application.dll' because it is being used by another process. The file is locked by: "Microsoft Visual Studio (8508), QuestFlag.Passport.Services (5176)" [D:\github\qf-apps\src\Passport\QuestFlag.Passport.Services\QuestFlag.Passport.Services.csproj]
C:\Program Files\dotnet\sdk\11.0.100-preview.1.26104.118\Microsoft.Common.CurrentVersion.targets(5094,5): warning MSB3026: Could not copy "D:\github\qf-apps\src\Deployment\QuestFlag.ServiceDefaults\bin\Debug\net10.0\QuestFlag.ServiceDefaults.dll" to "bin\Debug\net10.0\QuestFlag.ServiceDefaults.dll". Beginning retry 3 in 1000ms. The process cannot access the file 'D:\github\qf-apps\src\Passport\QuestFlag.Passport.Services\bin\Debug\net10.0\QuestFlag.ServiceDefaults.dll' because it is being used by another process. The file is locked by: "QuestFlag.Passport.Services (5176)" [D:\github\qf-apps\src\Passport\QuestFlag.Passport.Services\QuestFlag.Passport.Services.csproj]
C:\Program Files\dotnet\sdk\11.0.100-preview.1.26104.118\Microsoft.Common.CurrentVersion.targets(5094,5): warning MSB3026: Could not copy "D:\github\qf-apps\src\Infrastructure\QuestFlag.Infrastructure.ApiCore\bin\Debug\net10.0\QuestFlag.Infrastructure.ApiCore.dll" to "bin\Debug\net10.0\QuestFlag.Infrastructure.ApiCore.dll". Beginning retry 3 in 1000ms. The process cannot access the file 'D:\github\qf-apps\src\Passport\QuestFlag.Passport.Services\bin\Debug\net10.0\QuestFlag.Infrastructure.ApiCore.dll' because it is being used by another process. The file is locked by: "QuestFlag.Passport.Services (5176)" [D:\github\qf-apps\src\Passport\QuestFlag.Passport.Services\QuestFlag.Passport.Services.csproj]
C:\Program Files\dotnet\sdk\11.0.100-preview.1.26104.118\Microsoft.Common.CurrentVersion.targets(5094,5): warning MSB3026: Could not copy "D:\github\qf-apps\src\Passport\QuestFlag.Passport.Domain\bin\Debug\net10.0\QuestFlag.Passport.Domain.dll" to "bin\Debug\net10.0\QuestFlag.Passport.Domain.dll". Beginning retry 3 in 1000ms. The process cannot access the file 'D:\github\qf-apps\src\Passport\QuestFlag.Passport.Services\bin\Debug\net10.0\QuestFlag.Passport.Domain.dll' because it is being used by another process. The file is locked by: "QuestFlag.Passport.Services (5176)" [D:\github\qf-apps\src\Passport\QuestFlag.Passport.Services\QuestFlag.Passport.Services.csproj]
C:\Program Files\dotnet\sdk\11.0.100-preview.1.26104.118\Microsoft.Common.CurrentVersion.targets(5094,5): warning MSB3026: Could not copy "D:\github\qf-apps\src\Passport\QuestFlag.Passport.Core\bin\Debug\net10.0\QuestFlag.Passport.Core.dll" to "bin\Debug\net10.0\QuestFlag.Passport.Core.dll". Beginning retry 3 in 1000ms. The process cannot access the file 'D:\github\qf-apps\src\Passport\QuestFlag.Passport.Services\bin\Debug\net10.0\QuestFlag.Passport.Core.dll' because it is being used by another process. The file is locked by: "Microsoft Visual Studio (8508), QuestFlag.Passport.Services (5176)" [D:\github\qf-apps\src\Passport\QuestFlag.Passport.Services\QuestFlag.Passport.Services.csproj]
C:\Program Files\dotnet\sdk\11.0.100-preview.1.26104.118\Microsoft.Common.CurrentVersion.targets(5094,5): warning MSB3026: Could not copy "D:\github\qf-apps\src\Passport\QuestFlag.Passport.Application\bin\Debug\net10.0\QuestFlag.Passport.Application.dll" to "bin\Debug\net10.0\QuestFlag.Passport.Application.dll". Beginning retry 3 in 1000ms. The process cannot access the file 'D:\github\qf-apps\src\Passport\QuestFlag.Passport.Services\bin\Debug\net10.0\QuestFlag.Passport.Application.dll' because it is being used by another process. The file is locked by: "Microsoft Visual Studio (8508), QuestFlag.Passport.Services (5176)" [D:\github\qf-apps\src\Passport\QuestFlag.Passport.Services\QuestFlag.Passport.Services.csproj]
C:\Program Files\dotnet\sdk\11.0.100-preview.1.26104.118\Microsoft.Common.CurrentVersion.targets(5094,5): warning MSB3026: Could not copy "D:\github\qf-apps\src\Infrastructure\QuestFlag.Infrastructure.Core\bin\Debug\net10.0\QuestFlag.Infrastructure.Core.dll" to "bin\Debug\net10.0\QuestFlag.Infrastructure.Core.dll". Beginning retry 3 in 1000ms. The process cannot access the file 'D:\github\qf-apps\src\Passport\QuestFlag.Passport.Services\bin\Debug\net10.0\QuestFlag.Infrastructure.Core.dll' because it is being used by another process. The file is locked by: "Microsoft Visual Studio (8508), QuestFlag.Passport.Services (5176)" [D:\github\qf-apps\src\Passport\QuestFlag.Passport.Services\QuestFlag.Passport.Services.csproj]
C:\Program Files\dotnet\sdk\11.0.100-preview.1.26104.118\Microsoft.Common.CurrentVersion.targets(5094,5): warning MSB3026: Could not copy "D:\github\qf-apps\src\Deployment\QuestFlag.ServiceDefaults\bin\Debug\net10.0\QuestFlag.ServiceDefaults.dll" to "bin\Debug\net10.0\QuestFlag.ServiceDefaults.dll". Beginning retry 4 in 1000ms. The process cannot access the file 'D:\github\qf-apps\src\Passport\QuestFlag.Passport.Services\bin\Debug\net10.0\QuestFlag.ServiceDefaults.dll' because it is being used by another process. The file is locked by: "QuestFlag.Passport.Services (5176)" [D:\github\qf-apps\src\Passport\QuestFlag.Passport.Services\QuestFlag.Passport.Services.csproj]
C:\Program Files\dotnet\sdk\11.0.100-preview.1.26104.118\Microsoft.Common.CurrentVersion.targets(5094,5): warning MSB3026: Could not copy "D:\github\qf-apps\src\Infrastructure\QuestFlag.Infrastructure.ApiCore\bin\Debug\net10.0\QuestFlag.Infrastructure.ApiCore.dll" to "bin\Debug\net10.0\QuestFlag.Infrastructure.ApiCore.dll". Beginning retry 4 in 1000ms. The process cannot access the file 'D:\github\qf-apps\src\Passport\QuestFlag.Passport.Services\bin\Debug\net10.0\QuestFlag.Infrastructure.ApiCore.dll' because it is being used by another process. The file is locked by: "QuestFlag.Passport.Services (5176)" [D:\github\qf-apps\src\Passport\QuestFlag.Passport.Services\QuestFlag.Passport.Services.csproj]
C:\Program Files\dotnet\sdk\11.0.100-preview.1.26104.118\Microsoft.Common.CurrentVersion.targets(5094,5): warning MSB3026: Could not copy "D:\github\qf-apps\src\Passport\QuestFlag.Passport.Domain\bin\Debug\net10.0\QuestFlag.Passport.Domain.dll" to "bin\Debug\net10.0\QuestFlag.Passport.Domain.dll". Beginning retry 4 in 1000ms. The process cannot access the file 'D:\github\qf-apps\src\Passport\QuestFlag.Passport.Services\bin\Debug\net10.0\QuestFlag.Passport.Domain.dll' because it is being used by another process. The file is locked by: "QuestFlag.Passport.Services (5176)" [D:\github\qf-apps\src\Passport\QuestFlag.Passport.Services\QuestFlag.Passport.Services.csproj]
C:\Program Files\dotnet\sdk\11.0.100-preview.1.26104.118\Microsoft.Common.CurrentVersion.targets(5094,5): warning MSB3026: Could not copy "D:\github\qf-apps\src\Passport\QuestFlag.Passport.Application\bin\Debug\net10.0\QuestFlag.Passport.Application.dll" to "bin\Debug\net10.0\QuestFlag.Passport.Application.dll". Beginning retry 4 in 1000ms. The process cannot access the file 'D:\github\qf-apps\src\Passport\QuestFlag.Passport.Services\bin\Debug\net10.0\QuestFlag.Passport.Application.dll' because it is being used by another process. The file is locked by: "Microsoft Visual Studio (8508), QuestFlag.Passport.Services (5176)" [D:\github\qf-apps\src\Passport\QuestFlag.Passport.Services\QuestFlag.Passport.Services.csproj]
C:\Program Files\dotnet\sdk\11.0.100-preview.1.26104.118\Microsoft.Common.CurrentVersion.targets(5094,5): warning MSB3026: Could not copy "D:\github\qf-apps\src\Passport\QuestFlag.Passport.Core\bin\Debug\net10.0\QuestFlag.Passport.Core.dll" to "bin\Debug\net10.0\QuestFlag.Passport.Core.dll". Beginning retry 4 in 1000ms. The process cannot access the file 'D:\github\qf-apps\src\Passport\QuestFlag.Passport.Services\bin\Debug\net10.0\QuestFlag.Passport.Core.dll' because it is being used by another process. The file is locked by: "Microsoft Visual Studio (8508), QuestFlag.Passport.Services (5176)" [D:\github\qf-apps\src\Passport\QuestFlag.Passport.Services\QuestFlag.Passport.Services.csproj]
C:\Program Files\dotnet\sdk\11.0.100-preview.1.26104.118\Microsoft.Common.CurrentVersion.targets(5094,5): warning MSB3026: Could not copy "D:\github\qf-apps\src\Infrastructure\QuestFlag.Infrastructure.Core\bin\Debug\net10.0\QuestFlag.Infrastructure.Core.dll" to "bin\Debug\net10.0\QuestFlag.Infrastructure.Core.dll". Beginning retry 4 in 1000ms. The process cannot access the file 'D:\github\qf-apps\src\Passport\QuestFlag.Passport.Services\bin\Debug\net10.0\QuestFlag.Infrastructure.Core.dll' because it is being used by another process. The file is locked by: "Microsoft Visual Studio (8508), QuestFlag.Passport.Services (5176)" [D:\github\qf-apps\src\Passport\QuestFlag.Passport.Services\QuestFlag.Passport.Services.csproj]
C:\Program Files\dotnet\sdk\11.0.100-preview.1.26104.118\Microsoft.Common.CurrentVersion.targets(5094,5): warning MSB3026: Could not copy "D:\github\qf-apps\src\Deployment\QuestFlag.ServiceDefaults\bin\Debug\net10.0\QuestFlag.ServiceDefaults.dll" to "bin\Debug\net10.0\QuestFlag.ServiceDefaults.dll". Beginning retry 5 in 1000ms. The process cannot access the file 'D:\github\qf-apps\src\Passport\QuestFlag.Passport.Services\bin\Debug\net10.0\QuestFlag.ServiceDefaults.dll' because it is being used by another process. The file is locked by: "QuestFlag.Passport.Services (5176)" [D:\github\qf-apps\src\Passport\QuestFlag.Passport.Services\QuestFlag.Passport.Services.csproj]
C:\Program Files\dotnet\sdk\11.0.100-preview.1.26104.118\Microsoft.Common.CurrentVersion.targets(5094,5): warning MSB3026: Could not copy "D:\github\qf-apps\src\Infrastructure\QuestFlag.Infrastructure.ApiCore\bin\Debug\net10.0\QuestFlag.Infrastructure.ApiCore.dll" to "bin\Debug\net10.0\QuestFlag.Infrastructure.ApiCore.dll". Beginning retry 5 in 1000ms. The process cannot access the file 'D:\github\qf-apps\src\Passport\QuestFlag.Passport.Services\bin\Debug\net10.0\QuestFlag.Infrastructure.ApiCore.dll' because it is being used by another process. The file is locked by: "QuestFlag.Passport.Services (5176)" [D:\github\qf-apps\src\Passport\QuestFlag.Passport.Services\QuestFlag.Passport.Services.csproj]
C:\Program Files\dotnet\sdk\11.0.100-preview.1.26104.118\Microsoft.Common.CurrentVersion.targets(5094,5): warning MSB3026: Could not copy "D:\github\qf-apps\src\Passport\QuestFlag.Passport.Domain\bin\Debug\net10.0\QuestFlag.Passport.Domain.dll" to "bin\Debug\net10.0\QuestFlag.Passport.Domain.dll". Beginning retry 5 in 1000ms. The process cannot access the file 'D:\github\qf-apps\src\Passport\QuestFlag.Passport.Services\bin\Debug\net10.0\QuestFlag.Passport.Domain.dll' because it is being used by another process. The file is locked by: "QuestFlag.Passport.Services (5176)" [D:\github\qf-apps\src\Passport\QuestFlag.Passport.Services\QuestFlag.Passport.Services.csproj]
C:\Program Files\dotnet\sdk\11.0.100-preview.1.26104.118\Microsoft.Common.CurrentVersion.targets(5094,5): warning MSB3026: Could not copy "D:\github\qf-apps\src\Infrastructure\QuestFlag.Infrastructure.Core\bin\Debug\net10.0\QuestFlag.Infrastructure.Core.dll" to "bin\Debug\net10.0\QuestFlag.Infrastructure.Core.dll". Beginning retry 5 in 1000ms. The process cannot access the file 'D:\github\qf-apps\src\Passport\QuestFlag.Passport.Services\bin\Debug\net10.0\QuestFlag.Infrastructure.Core.dll' because it is being used by another process. The file is locked by: "Microsoft Visual Studio (8508), QuestFlag.Passport.Services (5176)" [D:\github\qf-apps\src\Passport\QuestFlag.Passport.Services\QuestFlag.Passport.Services.csproj]
C:\Program Files\dotnet\sdk\11.0.100-preview.1.26104.118\Microsoft.Common.CurrentVersion.targets(5094,5): warning MSB3026: Could not copy "D:\github\qf-apps\src\Passport\QuestFlag.Passport.Core\bin\Debug\net10.0\QuestFlag.Passport.Core.dll" to "bin\Debug\net10.0\QuestFlag.Passport.Core.dll". Beginning retry 5 in 1000ms. The process cannot access the file 'D:\github\qf-apps\src\Passport\QuestFlag.Passport.Services\bin\Debug\net10.0\QuestFlag.Passport.Core.dll' because it is being used by another process. The file is locked by: "Microsoft Visual Studio (8508), QuestFlag.Passport.Services (5176)" [D:\github\qf-apps\src\Passport\QuestFlag.Passport.Services\QuestFlag.Passport.Services.csproj]
C:\Program Files\dotnet\sdk\11.0.100-preview.1.26104.118\Microsoft.Common.CurrentVersion.targets(5094,5): warning MSB3026: Could not copy "D:\github\qf-apps\src\Passport\QuestFlag.Passport.Application\bin\Debug\net10.0\QuestFlag.Passport.Application.dll" to "bin\Debug\net10.0\QuestFlag.Passport.Application.dll". Beginning retry 5 in 1000ms. The process cannot access the file 'D:\github\qf-apps\src\Passport\QuestFlag.Passport.Services\bin\Debug\net10.0\QuestFlag.Passport.Application.dll' because it is being used by another process. The file is locked by: "Microsoft Visual Studio (8508), QuestFlag.Passport.Services (5176)" [D:\github\qf-apps\src\Passport\QuestFlag.Passport.Services\QuestFlag.Passport.Services.csproj]
C:\Program Files\dotnet\sdk\11.0.100-preview.1.26104.118\Microsoft.Common.CurrentVersion.targets(5094,5): warning MSB3026: Could not copy "D:\github\qf-apps\src\Deployment\QuestFlag.ServiceDefaults\bin\Debug\net10.0\QuestFlag.ServiceDefaults.dll" to "bin\Debug\net10.0\QuestFlag.ServiceDefaults.dll". Beginning retry 6 in 1000ms. The process cannot access the file 'D:\github\qf-apps\src\Passport\QuestFlag.Passport.Services\bin\Debug\net10.0\QuestFlag.ServiceDefaults.dll' because it is being used by another process. The file is locked by: "QuestFlag.Passport.Services (5176)" [D:\github\qf-apps\src\Passport\QuestFlag.Passport.Services\QuestFlag.Passport.Services.csproj]
C:\Program Files\dotnet\sdk\11.0.100-preview.1.26104.118\Microsoft.Common.CurrentVersion.targets(5094,5): warning MSB3026: Could not copy "D:\github\qf-apps\src\Infrastructure\QuestFlag.Infrastructure.ApiCore\bin\Debug\net10.0\QuestFlag.Infrastructure.ApiCore.dll" to "bin\Debug\net10.0\QuestFlag.Infrastructure.ApiCore.dll". Beginning retry 6 in 1000ms. The process cannot access the file 'D:\github\qf-apps\src\Passport\QuestFlag.Passport.Services\bin\Debug\net10.0\QuestFlag.Infrastructure.ApiCore.dll' because it is being used by another process. The file is locked by: "QuestFlag.Passport.Services (5176)" [D:\github\qf-apps\src\Passport\QuestFlag.Passport.Services\QuestFlag.Passport.Services.csproj]
C:\Program Files\dotnet\sdk\11.0.100-preview.1.26104.118\Microsoft.Common.CurrentVersion.targets(5094,5): warning MSB3026: Could not copy "D:\github\qf-apps\src\Passport\QuestFlag.Passport.Domain\bin\Debug\net10.0\QuestFlag.Passport.Domain.dll" to "bin\Debug\net10.0\QuestFlag.Passport.Domain.dll". Beginning retry 6 in 1000ms. The process cannot access the file 'D:\github\qf-apps\src\Passport\QuestFlag.Passport.Services\bin\Debug\net10.0\QuestFlag.Passport.Domain.dll' because it is being used by another process. The file is locked by: "QuestFlag.Passport.Services (5176)" [D:\github\qf-apps\src\Passport\QuestFlag.Passport.Services\QuestFlag.Passport.Services.csproj]
C:\Program Files\dotnet\sdk\11.0.100-preview.1.26104.118\Microsoft.Common.CurrentVersion.targets(5094,5): warning MSB3026: Could not copy "D:\github\qf-apps\src\Infrastructure\QuestFlag.Infrastructure.Core\bin\Debug\net10.0\QuestFlag.Infrastructure.Core.dll" to "bin\Debug\net10.0\QuestFlag.Infrastructure.Core.dll". Beginning retry 6 in 1000ms. The process cannot access the file 'D:\github\qf-apps\src\Passport\QuestFlag.Passport.Services\bin\Debug\net10.0\QuestFlag.Infrastructure.Core.dll' because it is being used by another process. The file is locked by: "Microsoft Visual Studio (8508), QuestFlag.Passport.Services (5176)" [D:\github\qf-apps\src\Passport\QuestFlag.Passport.Services\QuestFlag.Passport.Services.csproj]
C:\Program Files\dotnet\sdk\11.0.100-preview.1.26104.118\Microsoft.Common.CurrentVersion.targets(5094,5): warning MSB3026: Could not copy "D:\github\qf-apps\src\Passport\QuestFlag.Passport.Application\bin\Debug\net10.0\QuestFlag.Passport.Application.dll" to "bin\Debug\net10.0\QuestFlag.Passport.Application.dll". Beginning retry 6 in 1000ms. The process cannot access the file 'D:\github\qf-apps\src\Passport\QuestFlag.Passport.Services\bin\Debug\net10.0\QuestFlag.Passport.Application.dll' because it is being used by another process. The file is locked by: "Microsoft Visual Studio (8508), QuestFlag.Passport.Services (5176)" [D:\github\qf-apps\src\Passport\QuestFlag.Passport.Services\QuestFlag.Passport.Services.csproj]
C:\Program Files\dotnet\sdk\11.0.100-preview.1.26104.118\Microsoft.Common.CurrentVersion.targets(5094,5): warning MSB3026: Could not copy "D:\github\qf-apps\src\Passport\QuestFlag.Passport.Core\bin\Debug\net10.0\QuestFlag.Passport.Core.dll" to "bin\Debug\net10.0\QuestFlag.Passport.Core.dll". Beginning retry 6 in 1000ms. The process cannot access the file 'D:\github\qf-apps\src\Passport\QuestFlag.Passport.Services\bin\Debug\net10.0\QuestFlag.Passport.Core.dll' because it is being used by another process. The file is locked by: "Microsoft Visual Studio (8508), QuestFlag.Passport.Services (5176)" [D:\github\qf-apps\src\Passport\QuestFlag.Passport.Services\QuestFlag.Passport.Services.csproj]
C:\Program Files\dotnet\sdk\11.0.100-preview.1.26104.118\Microsoft.Common.CurrentVersion.targets(5094,5): warning MSB3026: Could not copy "D:\github\qf-apps\src\Deployment\QuestFlag.ServiceDefaults\bin\Debug\net10.0\QuestFlag.ServiceDefaults.dll" to "bin\Debug\net10.0\QuestFlag.ServiceDefaults.dll". Beginning retry 7 in 1000ms. The process cannot access the file 'D:\github\qf-apps\src\Passport\QuestFlag.Passport.Services\bin\Debug\net10.0\QuestFlag.ServiceDefaults.dll' because it is being used by another process. The file is locked by: "QuestFlag.Passport.Services (5176)" [D:\github\qf-apps\src\Passport\QuestFlag.Passport.Services\QuestFlag.Passport.Services.csproj]
C:\Program Files\dotnet\sdk\11.0.100-preview.1.26104.118\Microsoft.Common.CurrentVersion.targets(5094,5): warning MSB3026: Could not copy "D:\github\qf-apps\src\Infrastructure\QuestFlag.Infrastructure.ApiCore\bin\Debug\net10.0\QuestFlag.Infrastructure.ApiCore.dll" to "bin\Debug\net10.0\QuestFlag.Infrastructure.ApiCore.dll". Beginning retry 7 in 1000ms. The process cannot access the file 'D:\github\qf-apps\src\Passport\QuestFlag.Passport.Services\bin\Debug\net10.0\QuestFlag.Infrastructure.ApiCore.dll' because it is being used by another process. The file is locked by: "QuestFlag.Passport.Services (5176)" [D:\github\qf-apps\src\Passport\QuestFlag.Passport.Services\QuestFlag.Passport.Services.csproj]
C:\Program Files\dotnet\sdk\11.0.100-preview.1.26104.118\Microsoft.Common.CurrentVersion.targets(5094,5): warning MSB3026: Could not copy "D:\github\qf-apps\src\Passport\QuestFlag.Passport.Domain\bin\Debug\net10.0\QuestFlag.Passport.Domain.dll" to "bin\Debug\net10.0\QuestFlag.Passport.Domain.dll". Beginning retry 7 in 1000ms. The process cannot access the file 'D:\github\qf-apps\src\Passport\QuestFlag.Passport.Services\bin\Debug\net10.0\QuestFlag.Passport.Domain.dll' because it is being used by another process. The file is locked by: "QuestFlag.Passport.Services (5176)" [D:\github\qf-apps\src\Passport\QuestFlag.Passport.Services\QuestFlag.Passport.Services.csproj]
C:\Program Files\dotnet\sdk\11.0.100-preview.1.26104.118\Microsoft.Common.CurrentVersion.targets(5094,5): warning MSB3026: Could not copy "D:\github\qf-apps\src\Infrastructure\QuestFlag.Infrastructure.Core\bin\Debug\net10.0\QuestFlag.Infrastructure.Core.dll" to "bin\Debug\net10.0\QuestFlag.Infrastructure.Core.dll". Beginning retry 7 in 1000ms. The process cannot access the file 'D:\github\qf-apps\src\Passport\QuestFlag.Passport.Services\bin\Debug\net10.0\QuestFlag.Infrastructure.Core.dll' because it is being used by another process. The file is locked by: "Microsoft Visual Studio (8508), QuestFlag.Passport.Services (5176)" [D:\github\qf-apps\src\Passport\QuestFlag.Passport.Services\QuestFlag.Passport.Services.csproj]
C:\Program Files\dotnet\sdk\11.0.100-preview.1.26104.118\Microsoft.Common.CurrentVersion.targets(5094,5): warning MSB3026: Could not copy "D:\github\qf-apps\src\Passport\QuestFlag.Passport.Core\bin\Debug\net10.0\QuestFlag.Passport.Core.dll" to "bin\Debug\net10.0\QuestFlag.Passport.Core.dll". Beginning retry 7 in 1000ms. The process cannot access the file 'D:\github\qf-apps\src\Passport\QuestFlag.Passport.Services\bin\Debug\net10.0\QuestFlag.Passport.Core.dll' because it is being used by another process. The file is locked by: "Microsoft Visual Studio (8508), QuestFlag.Passport.Services (5176)" [D:\github\qf-apps\src\Passport\QuestFlag.Passport.Services\QuestFlag.Passport.Services.csproj]
C:\Program Files\dotnet\sdk\11.0.100-preview.1.26104.118\Microsoft.Common.CurrentVersion.targets(5094,5): warning MSB3026: Could not copy "D:\github\qf-apps\src\Passport\QuestFlag.Passport.Application\bin\Debug\net10.0\QuestFlag.Passport.Application.dll" to "bin\Debug\net10.0\QuestFlag.Passport.Application.dll". Beginning retry 7 in 1000ms. The process cannot access the file 'D:\github\qf-apps\src\Passport\QuestFlag.Passport.Services\bin\Debug\net10.0\QuestFlag.Passport.Application.dll' because it is being used by another process. The file is locked by: "Microsoft Visual Studio (8508), QuestFlag.Passport.Services (5176)" [D:\github\qf-apps\src\Passport\QuestFlag.Passport.Services\QuestFlag.Passport.Services.csproj]
C:\Program Files\dotnet\sdk\11.0.100-preview.1.26104.118\Microsoft.Common.CurrentVersion.targets(5094,5): warning MSB3026: Could not copy "D:\github\qf-apps\src\Deployment\QuestFlag.ServiceDefaults\bin\Debug\net10.0\QuestFlag.ServiceDefaults.dll" to "bin\Debug\net10.0\QuestFlag.ServiceDefaults.dll". Beginning retry 8 in 1000ms. The process cannot access the file 'D:\github\qf-apps\src\Passport\QuestFlag.Passport.Services\bin\Debug\net10.0\QuestFlag.ServiceDefaults.dll' because it is being used by another process. The file is locked by: "QuestFlag.Passport.Services (5176)" [D:\github\qf-apps\src\Passport\QuestFlag.Passport.Services\QuestFlag.Passport.Services.csproj]
C:\Program Files\dotnet\sdk\11.0.100-preview.1.26104.118\Microsoft.Common.CurrentVersion.targets(5094,5): warning MSB3026: Could not copy "D:\github\qf-apps\src\Infrastructure\QuestFlag.Infrastructure.ApiCore\bin\Debug\net10.0\QuestFlag.Infrastructure.ApiCore.dll" to "bin\Debug\net10.0\QuestFlag.Infrastructure.ApiCore.dll". Beginning retry 8 in 1000ms. The process cannot access the file 'D:\github\qf-apps\src\Passport\QuestFlag.Passport.Services\bin\Debug\net10.0\QuestFlag.Infrastructure.ApiCore.dll' because it is being used by another process. The file is locked by: "QuestFlag.Passport.Services (5176)" [D:\github\qf-apps\src\Passport\QuestFlag.Passport.Services\QuestFlag.Passport.Services.csproj]
C:\Program Files\dotnet\sdk\11.0.100-preview.1.26104.118\Microsoft.Common.CurrentVersion.targets(5094,5): warning MSB3026: Could not copy "D:\github\qf-apps\src\Passport\QuestFlag.Passport.Domain\bin\Debug\net10.0\QuestFlag.Passport.Domain.dll" to "bin\Debug\net10.0\QuestFlag.Passport.Domain.dll". Beginning retry 8 in 1000ms. The process cannot access the file 'D:\github\qf-apps\src\Passport\QuestFlag.Passport.Services\bin\Debug\net10.0\QuestFlag.Passport.Domain.dll' because it is being used by another process. The file is locked by: "QuestFlag.Passport.Services (5176)" [D:\github\qf-apps\src\Passport\QuestFlag.Passport.Services\QuestFlag.Passport.Services.csproj]
C:\Program Files\dotnet\sdk\11.0.100-preview.1.26104.118\Microsoft.Common.CurrentVersion.targets(5094,5): warning MSB3026: Could not copy "D:\github\qf-apps\src\Infrastructure\QuestFlag.Infrastructure.Core\bin\Debug\net10.0\QuestFlag.Infrastructure.Core.dll" to "bin\Debug\net10.0\QuestFlag.Infrastructure.Core.dll". Beginning retry 8 in 1000ms. The process cannot access the file 'D:\github\qf-apps\src\Passport\QuestFlag.Passport.Services\bin\Debug\net10.0\QuestFlag.Infrastructure.Core.dll' because it is being used by another process. The file is locked by: "Microsoft Visual Studio (8508), QuestFlag.Passport.Services (5176)" [D:\github\qf-apps\src\Passport\QuestFlag.Passport.Services\QuestFlag.Passport.Services.csproj]
C:\Program Files\dotnet\sdk\11.0.100-preview.1.26104.118\Microsoft.Common.CurrentVersion.targets(5094,5): warning MSB3026: Could not copy "D:\github\qf-apps\src\Passport\QuestFlag.Passport.Core\bin\Debug\net10.0\QuestFlag.Passport.Core.dll" to "bin\Debug\net10.0\QuestFlag.Passport.Core.dll". Beginning retry 8 in 1000ms. The process cannot access the file 'D:\github\qf-apps\src\Passport\QuestFlag.Passport.Services\bin\Debug\net10.0\QuestFlag.Passport.Core.dll' because it is being used by another process. The file is locked by: "Microsoft Visual Studio (8508), QuestFlag.Passport.Services (5176)" [D:\github\qf-apps\src\Passport\QuestFlag.Passport.Services\QuestFlag.Passport.Services.csproj]
C:\Program Files\dotnet\sdk\11.0.100-preview.1.26104.118\Microsoft.Common.CurrentVersion.targets(5094,5): warning MSB3026: Could not copy "D:\github\qf-apps\src\Passport\QuestFlag.Passport.Application\bin\Debug\net10.0\QuestFlag.Passport.Application.dll" to "bin\Debug\net10.0\QuestFlag.Passport.Application.dll". Beginning retry 8 in 1000ms. The process cannot access the file 'D:\github\qf-apps\src\Passport\QuestFlag.Passport.Services\bin\Debug\net10.0\QuestFlag.Passport.Application.dll' because it is being used by another process. The file is locked by: "Microsoft Visual Studio (8508), QuestFlag.Passport.Services (5176)" [D:\github\qf-apps\src\Passport\QuestFlag.Passport.Services\QuestFlag.Passport.Services.csproj]
C:\Program Files\dotnet\sdk\11.0.100-preview.1.26104.118\Microsoft.Common.CurrentVersion.targets(5094,5): warning MSB3026: Could not copy "D:\github\qf-apps\src\Deployment\QuestFlag.ServiceDefaults\bin\Debug\net10.0\QuestFlag.ServiceDefaults.dll" to "bin\Debug\net10.0\QuestFlag.ServiceDefaults.dll". Beginning retry 9 in 1000ms. The process cannot access the file 'D:\github\qf-apps\src\Passport\QuestFlag.Passport.Services\bin\Debug\net10.0\QuestFlag.ServiceDefaults.dll' because it is being used by another process. The file is locked by: "QuestFlag.Passport.Services (5176)" [D:\github\qf-apps\src\Passport\QuestFlag.Passport.Services\QuestFlag.Passport.Services.csproj]
C:\Program Files\dotnet\sdk\11.0.100-preview.1.26104.118\Microsoft.Common.CurrentVersion.targets(5094,5): warning MSB3026: Could not copy "D:\github\qf-apps\src\Infrastructure\QuestFlag.Infrastructure.ApiCore\bin\Debug\net10.0\QuestFlag.Infrastructure.ApiCore.dll" to "bin\Debug\net10.0\QuestFlag.Infrastructure.ApiCore.dll". Beginning retry 9 in 1000ms. The process cannot access the file 'D:\github\qf-apps\src\Passport\QuestFlag.Passport.Services\bin\Debug\net10.0\QuestFlag.Infrastructure.ApiCore.dll' because it is being used by another process. The file is locked by: "QuestFlag.Passport.Services (5176)" [D:\github\qf-apps\src\Passport\QuestFlag.Passport.Services\QuestFlag.Passport.Services.csproj]
C:\Program Files\dotnet\sdk\11.0.100-preview.1.26104.118\Microsoft.Common.CurrentVersion.targets(5094,5): warning MSB3026: Could not copy "D:\github\qf-apps\src\Passport\QuestFlag.Passport.Domain\bin\Debug\net10.0\QuestFlag.Passport.Domain.dll" to "bin\Debug\net10.0\QuestFlag.Passport.Domain.dll". Beginning retry 9 in 1000ms. The process cannot access the file 'D:\github\qf-apps\src\Passport\QuestFlag.Passport.Services\bin\Debug\net10.0\QuestFlag.Passport.Domain.dll' because it is being used by another process. The file is locked by: "QuestFlag.Passport.Services (5176)" [D:\github\qf-apps\src\Passport\QuestFlag.Passport.Services\QuestFlag.Passport.Services.csproj]
C:\Program Files\dotnet\sdk\11.0.100-preview.1.26104.118\Microsoft.Common.CurrentVersion.targets(5094,5): warning MSB3026: Could not copy "D:\github\qf-apps\src\Infrastructure\QuestFlag.Infrastructure.Core\bin\Debug\net10.0\QuestFlag.Infrastructure.Core.dll" to "bin\Debug\net10.0\QuestFlag.Infrastructure.Core.dll". Beginning retry 9 in 1000ms. The process cannot access the file 'D:\github\qf-apps\src\Passport\QuestFlag.Passport.Services\bin\Debug\net10.0\QuestFlag.Infrastructure.Core.dll' because it is being used by another process. The file is locked by: "Microsoft Visual Studio (8508), QuestFlag.Passport.Services (5176)" [D:\github\qf-apps\src\Passport\QuestFlag.Passport.Services\QuestFlag.Passport.Services.csproj]
C:\Program Files\dotnet\sdk\11.0.100-preview.1.26104.118\Microsoft.Common.CurrentVersion.targets(5094,5): warning MSB3026: Could not copy "D:\github\qf-apps\src\Passport\QuestFlag.Passport.Core\bin\Debug\net10.0\QuestFlag.Passport.Core.dll" to "bin\Debug\net10.0\QuestFlag.Passport.Core.dll". Beginning retry 9 in 1000ms. The process cannot access the file 'D:\github\qf-apps\src\Passport\QuestFlag.Passport.Services\bin\Debug\net10.0\QuestFlag.Passport.Core.dll' because it is being used by another process. The file is locked by: "Microsoft Visual Studio (8508), QuestFlag.Passport.Services (5176)" [D:\github\qf-apps\src\Passport\QuestFlag.Passport.Services\QuestFlag.Passport.Services.csproj]
C:\Program Files\dotnet\sdk\11.0.100-preview.1.26104.118\Microsoft.Common.CurrentVersion.targets(5094,5): warning MSB3026: Could not copy "D:\github\qf-apps\src\Passport\QuestFlag.Passport.Application\bin\Debug\net10.0\QuestFlag.Passport.Application.dll" to "bin\Debug\net10.0\QuestFlag.Passport.Application.dll". Beginning retry 9 in 1000ms. The process cannot access the file 'D:\github\qf-apps\src\Passport\QuestFlag.Passport.Services\bin\Debug\net10.0\QuestFlag.Passport.Application.dll' because it is being used by another process. The file is locked by: "Microsoft Visual Studio (8508), QuestFlag.Passport.Services (5176)" [D:\github\qf-apps\src\Passport\QuestFlag.Passport.Services\QuestFlag.Passport.Services.csproj]
C:\Program Files\dotnet\sdk\11.0.100-preview.1.26104.118\Microsoft.Common.CurrentVersion.targets(5094,5): warning MSB3026: Could not copy "D:\github\qf-apps\src\Deployment\QuestFlag.ServiceDefaults\bin\Debug\net10.0\QuestFlag.ServiceDefaults.dll" to "bin\Debug\net10.0\QuestFlag.ServiceDefaults.dll". Beginning retry 10 in 1000ms. The process cannot access the file 'D:\github\qf-apps\src\Passport\QuestFlag.Passport.Services\bin\Debug\net10.0\QuestFlag.ServiceDefaults.dll' because it is being used by another process. The file is locked by: "QuestFlag.Passport.Services (5176)" [D:\github\qf-apps\src\Passport\QuestFlag.Passport.Services\QuestFlag.Passport.Services.csproj]
C:\Program Files\dotnet\sdk\11.0.100-preview.1.26104.118\Microsoft.Common.CurrentVersion.targets(5094,5): warning MSB3026: Could not copy "D:\github\qf-apps\src\Infrastructure\QuestFlag.Infrastructure.ApiCore\bin\Debug\net10.0\QuestFlag.Infrastructure.ApiCore.dll" to "bin\Debug\net10.0\QuestFlag.Infrastructure.ApiCore.dll". Beginning retry 10 in 1000ms. The process cannot access the file 'D:\github\qf-apps\src\Passport\QuestFlag.Passport.Services\bin\Debug\net10.0\QuestFlag.Infrastructure.ApiCore.dll' because it is being used by another process. The file is locked by: "QuestFlag.Passport.Services (5176)" [D:\github\qf-apps\src\Passport\QuestFlag.Passport.Services\QuestFlag.Passport.Services.csproj]
C:\Program Files\dotnet\sdk\11.0.100-preview.1.26104.118\Microsoft.Common.CurrentVersion.targets(5094,5): warning MSB3026: Could not copy "D:\github\qf-apps\src\Passport\QuestFlag.Passport.Domain\bin\Debug\net10.0\QuestFlag.Passport.Domain.dll" to "bin\Debug\net10.0\QuestFlag.Passport.Domain.dll". Beginning retry 10 in 1000ms. The process cannot access the file 'D:\github\qf-apps\src\Passport\QuestFlag.Passport.Services\bin\Debug\net10.0\QuestFlag.Passport.Domain.dll' because it is being used by another process. The file is locked by: "QuestFlag.Passport.Services (5176)" [D:\github\qf-apps\src\Passport\QuestFlag.Passport.Services\QuestFlag.Passport.Services.csproj]
C:\Program Files\dotnet\sdk\11.0.100-preview.1.26104.118\Microsoft.Common.CurrentVersion.targets(5094,5): warning MSB3026: Could not copy "D:\github\qf-apps\src\Infrastructure\QuestFlag.Infrastructure.Core\bin\Debug\net10.0\QuestFlag.Infrastructure.Core.dll" to "bin\Debug\net10.0\QuestFlag.Infrastructure.Core.dll". Beginning retry 10 in 1000ms. The process cannot access the file 'D:\github\qf-apps\src\Passport\QuestFlag.Passport.Services\bin\Debug\net10.0\QuestFlag.Infrastructure.Core.dll' because it is being used by another process. The file is locked by: "Microsoft Visual Studio (8508), QuestFlag.Passport.Services (5176)" [D:\github\qf-apps\src\Passport\QuestFlag.Passport.Services\QuestFlag.Passport.Services.csproj]
C:\Program Files\dotnet\sdk\11.0.100-preview.1.26104.118\Microsoft.Common.CurrentVersion.targets(5094,5): warning MSB3026: Could not copy "D:\github\qf-apps\src\Passport\QuestFlag.Passport.Core\bin\Debug\net10.0\QuestFlag.Passport.Core.dll" to "bin\Debug\net10.0\QuestFlag.Passport.Core.dll". Beginning retry 10 in 1000ms. The process cannot access the file 'D:\github\qf-apps\src\Passport\QuestFlag.Passport.Services\bin\Debug\net10.0\QuestFlag.Passport.Core.dll' because it is being used by another process. The file is locked by: "Microsoft Visual Studio (8508), QuestFlag.Passport.Services (5176)" [D:\github\qf-apps\src\Passport\QuestFlag.Passport.Services\QuestFlag.Passport.Services.csproj]
C:\Program Files\dotnet\sdk\11.0.100-preview.1.26104.118\Microsoft.Common.CurrentVersion.targets(5094,5): warning MSB3026: Could not copy "D:\github\qf-apps\src\Passport\QuestFlag.Passport.Application\bin\Debug\net10.0\QuestFlag.Passport.Application.dll" to "bin\Debug\net10.0\QuestFlag.Passport.Application.dll". Beginning retry 10 in 1000ms. The process cannot access the file 'D:\github\qf-apps\src\Passport\QuestFlag.Passport.Services\bin\Debug\net10.0\QuestFlag.Passport.Application.dll' because it is being used by another process. The file is locked by: "Microsoft Visual Studio (8508), QuestFlag.Passport.Services (5176)" [D:\github\qf-apps\src\Passport\QuestFlag.Passport.Services\QuestFlag.Passport.Services.csproj]
C:\Program Files\dotnet\sdk\11.0.100-preview.1.26104.118\Microsoft.Common.CurrentVersion.targets(5094,5): error MSB3027: Could not copy "D:\github\qf-apps\src\Deployment\QuestFlag.ServiceDefaults\bin\Debug\net10.0\QuestFlag.ServiceDefaults.dll" to "bin\Debug\net10.0\QuestFlag.ServiceDefaults.dll". Exceeded retry count of 10. Failed. The file is locked by: "QuestFlag.Passport.Services (5176)" [D:\github\qf-apps\src\Passport\QuestFlag.Passport.Services\QuestFlag.Passport.Services.csproj]
C:\Program Files\dotnet\sdk\11.0.100-preview.1.26104.118\Microsoft.Common.CurrentVersion.targets(5094,5): error MSB3021: Unable to copy file "D:\github\qf-apps\src\Deployment\QuestFlag.ServiceDefaults\bin\Debug\net10.0\QuestFlag.ServiceDefaults.dll" to "bin\Debug\net10.0\QuestFlag.ServiceDefaults.dll". The process cannot access the file 'D:\github\qf-apps\src\Passport\QuestFlag.Passport.Services\bin\Debug\net10.0\QuestFlag.ServiceDefaults.dll' because it is being used by another process. [D:\github\qf-apps\src\Passport\QuestFlag.Passport.Services\QuestFlag.Passport.Services.csproj]
C:\Program Files\dotnet\sdk\11.0.100-preview.1.26104.118\Microsoft.Common.CurrentVersion.targets(5094,5): error MSB3027: Could not copy "D:\github\qf-apps\src\Infrastructure\QuestFlag.Infrastructure.ApiCore\bin\Debug\net10.0\QuestFlag.Infrastructure.ApiCore.dll" to "bin\Debug\net10.0\QuestFlag.Infrastructure.ApiCore.dll". Exceeded retry count of 10. Failed. The file is locked by: "QuestFlag.Passport.Services (5176)" [D:\github\qf-apps\src\Passport\QuestFlag.Passport.Services\QuestFlag.Passport.Services.csproj]
C:\Program Files\dotnet\sdk\11.0.100-preview.1.26104.118\Microsoft.Common.CurrentVersion.targets(5094,5): error MSB3021: Unable to copy file "D:\github\qf-apps\src\Infrastructure\QuestFlag.Infrastructure.ApiCore\bin\Debug\net10.0\QuestFlag.Infrastructure.ApiCore.dll" to "bin\Debug\net10.0\QuestFlag.Infrastructure.ApiCore.dll". The process cannot access the file 'D:\github\qf-apps\src\Passport\QuestFlag.Passport.Services\bin\Debug\net10.0\QuestFlag.Infrastructure.ApiCore.dll' because it is being used by another process. [D:\github\qf-apps\src\Passport\QuestFlag.Passport.Services\QuestFlag.Passport.Services.csproj]
C:\Program Files\dotnet\sdk\11.0.100-preview.1.26104.118\Microsoft.Common.CurrentVersion.targets(5094,5): error MSB3027: Could not copy "D:\github\qf-apps\src\Passport\QuestFlag.Passport.Domain\bin\Debug\net10.0\QuestFlag.Passport.Domain.dll" to "bin\Debug\net10.0\QuestFlag.Passport.Domain.dll". Exceeded retry count of 10. Failed. The file is locked by: "QuestFlag.Passport.Services (5176)" [D:\github\qf-apps\src\Passport\QuestFlag.Passport.Services\QuestFlag.Passport.Services.csproj]
C:\Program Files\dotnet\sdk\11.0.100-preview.1.26104.118\Microsoft.Common.CurrentVersion.targets(5094,5): error MSB3021: Unable to copy file "D:\github\qf-apps\src\Passport\QuestFlag.Passport.Domain\bin\Debug\net10.0\QuestFlag.Passport.Domain.dll" to "bin\Debug\net10.0\QuestFlag.Passport.Domain.dll". The process cannot access the file 'D:\github\qf-apps\src\Passport\QuestFlag.Passport.Services\bin\Debug\net10.0\QuestFlag.Passport.Domain.dll' because it is being used by another process. [D:\github\qf-apps\src\Passport\QuestFlag.Passport.Services\QuestFlag.Passport.Services.csproj]
C:\Program Files\dotnet\sdk\11.0.100-preview.1.26104.118\Microsoft.Common.CurrentVersion.targets(5094,5): error MSB3027: Could not copy "D:\github\qf-apps\src\Infrastructure\QuestFlag.Infrastructure.Core\bin\Debug\net10.0\QuestFlag.Infrastructure.Core.dll" to "bin\Debug\net10.0\QuestFlag.Infrastructure.Core.dll". Exceeded retry count of 10. Failed. The file is locked by: "Microsoft Visual Studio (8508), QuestFlag.Passport.Services (5176)" [D:\github\qf-apps\src\Passport\QuestFlag.Passport.Services\QuestFlag.Passport.Services.csproj]
C:\Program Files\dotnet\sdk\11.0.100-preview.1.26104.118\Microsoft.Common.CurrentVersion.targets(5094,5): error MSB3021: Unable to copy file "D:\github\qf-apps\src\Infrastructure\QuestFlag.Infrastructure.Core\bin\Debug\net10.0\QuestFlag.Infrastructure.Core.dll" to "bin\Debug\net10.0\QuestFlag.Infrastructure.Core.dll". The process cannot access the file 'D:\github\qf-apps\src\Passport\QuestFlag.Passport.Services\bin\Debug\net10.0\QuestFlag.Infrastructure.Core.dll' because it is being used by another process. [D:\github\qf-apps\src\Passport\QuestFlag.Passport.Services\QuestFlag.Passport.Services.csproj]
C:\Program Files\dotnet\sdk\11.0.100-preview.1.26104.118\Microsoft.Common.CurrentVersion.targets(5094,5): error MSB3027: Could not copy "D:\github\qf-apps\src\Passport\QuestFlag.Passport.Core\bin\Debug\net10.0\QuestFlag.Passport.Core.dll" to "bin\Debug\net10.0\QuestFlag.Passport.Core.dll". Exceeded retry count of 10. Failed. The file is locked by: "Microsoft Visual Studio (8508), QuestFlag.Passport.Services (5176)" [D:\github\qf-apps\src\Passport\QuestFlag.Passport.Services\QuestFlag.Passport.Services.csproj]
C:\Program Files\dotnet\sdk\11.0.100-preview.1.26104.118\Microsoft.Common.CurrentVersion.targets(5094,5): error MSB3021: Unable to copy file "D:\github\qf-apps\src\Passport\QuestFlag.Passport.Core\bin\Debug\net10.0\QuestFlag.Passport.Core.dll" to "bin\Debug\net10.0\QuestFlag.Passport.Core.dll". The process cannot access the file 'D:\github\qf-apps\src\Passport\QuestFlag.Passport.Services\bin\Debug\net10.0\QuestFlag.Passport.Core.dll' because it is being used by another process. [D:\github\qf-apps\src\Passport\QuestFlag.Passport.Services\QuestFlag.Passport.Services.csproj]
C:\Program Files\dotnet\sdk\11.0.100-preview.1.26104.118\Microsoft.Common.CurrentVersion.targets(5094,5): error MSB3027: Could not copy "D:\github\qf-apps\src\Passport\QuestFlag.Passport.Application\bin\Debug\net10.0\QuestFlag.Passport.Application.dll" to "bin\Debug\net10.0\QuestFlag.Passport.Application.dll". Exceeded retry count of 10. Failed. The file is locked by: "Microsoft Visual Studio (8508), QuestFlag.Passport.Services (5176)" [D:\github\qf-apps\src\Passport\QuestFlag.Passport.Services\QuestFlag.Passport.Services.csproj]
C:\Program Files\dotnet\sdk\11.0.100-preview.1.26104.118\Microsoft.Common.CurrentVersion.targets(5094,5): error MSB3021: Unable to copy file "D:\github\qf-apps\src\Passport\QuestFlag.Passport.Application\bin\Debug\net10.0\QuestFlag.Passport.Application.dll" to "bin\Debug\net10.0\QuestFlag.Passport.Application.dll". The process cannot access the file 'D:\github\qf-apps\src\Passport\QuestFlag.Passport.Services\bin\Debug\net10.0\QuestFlag.Passport.Application.dll' because it is being used by another process. [D:\github\qf-apps\src\Passport\QuestFlag.Passport.Services\QuestFlag.Passport.Services.csproj]

Build FAILED.

D:\github\qf-apps\src\Infrastructure\QuestFlag.Infrastructure.Core\DependencyInjection\CoreServiceExtensions.cs(43,30): warning CS0618: 'GoogleCredential.FromStream(Stream)' is obsolete: 'This method is being deprecated because of a potential security risk. Use the methods in the CredentialFactory class instead. A GoogleCredential object can then be created by calling the .ToGoogleCredential() method on the returned specific credential. ' [D:\github\qf-apps\src\Infrastructure\QuestFlag.Infrastructure.Core\QuestFlag.Infrastructure.Core.csproj]
C:\Program Files\dotnet\sdk\11.0.100-preview.1.26104.118\Microsoft.Common.CurrentVersion.targets(5094,5): warning MSB3026: Could not copy "D:\github\qf-apps\src\Infrastructure\QuestFlag.Infrastructure.ApiCore\bin\Debug\net10.0\QuestFlag.Infrastructure.ApiCore.dll" to "bin\Debug\net10.0\QuestFlag.Infrastructure.ApiCore.dll". Beginning retry 1 in 1000ms. The process cannot access the file 'D:\github\qf-apps\src\Passport\QuestFlag.Passport.Services\bin\Debug\net10.0\QuestFlag.Infrastructure.ApiCore.dll' because it is being used by another process. The file is locked by: "QuestFlag.Passport.Services (5176)" [D:\github\qf-apps\src\Passport\QuestFlag.Passport.Services\QuestFlag.Passport.Services.csproj]
C:\Program Files\dotnet\sdk\11.0.100-preview.1.26104.118\Microsoft.Common.CurrentVersion.targets(5094,5): warning MSB3026: Could not copy "D:\github\qf-apps\src\Deployment\QuestFlag.ServiceDefaults\bin\Debug\net10.0\QuestFlag.ServiceDefaults.dll" to "bin\Debug\net10.0\QuestFlag.ServiceDefaults.dll". Beginning retry 1 in 1000ms. The process cannot access the file 'D:\github\qf-apps\src\Passport\QuestFlag.Passport.Services\bin\Debug\net10.0\QuestFlag.ServiceDefaults.dll' because it is being used by another process. The file is locked by: "QuestFlag.Passport.Services (5176)" [D:\github\qf-apps\src\Passport\QuestFlag.Passport.Services\QuestFlag.Passport.Services.csproj]
C:\Program Files\dotnet\sdk\11.0.100-preview.1.26104.118\Microsoft.Common.CurrentVersion.targets(5094,5): warning MSB3026: Could not copy "D:\github\qf-apps\src\Passport\QuestFlag.Passport.Domain\bin\Debug\net10.0\QuestFlag.Passport.Domain.dll" to "bin\Debug\net10.0\QuestFlag.Passport.Domain.dll". Beginning retry 1 in 1000ms. The process cannot access the file 'D:\github\qf-apps\src\Passport\QuestFlag.Passport.Services\bin\Debug\net10.0\QuestFlag.Passport.Domain.dll' because it is being used by another process. The file is locked by: "QuestFlag.Passport.Services (5176)" [D:\github\qf-apps\src\Passport\QuestFlag.Passport.Services\QuestFlag.Passport.Services.csproj]
C:\Program Files\dotnet\sdk\11.0.100-preview.1.26104.118\Microsoft.Common.CurrentVersion.targets(5094,5): warning MSB3026: Could not copy "D:\github\qf-apps\src\Passport\QuestFlag.Passport.Core\bin\Debug\net10.0\QuestFlag.Passport.Core.dll" to "bin\Debug\net10.0\QuestFlag.Passport.Core.dll". Beginning retry 1 in 1000ms. The process cannot access the file 'D:\github\qf-apps\src\Passport\QuestFlag.Passport.Services\bin\Debug\net10.0\QuestFlag.Passport.Core.dll' because it is being used by another process. The file is locked by: "Microsoft Visual Studio (8508), QuestFlag.Passport.Services (5176)" [D:\github\qf-apps\src\Passport\QuestFlag.Passport.Services\QuestFlag.Passport.Services.csproj]
C:\Program Files\dotnet\sdk\11.0.100-preview.1.26104.118\Microsoft.Common.CurrentVersion.targets(5094,5): warning MSB3026: Could not copy "D:\github\qf-apps\src\Infrastructure\QuestFlag.Infrastructure.Core\bin\Debug\net10.0\QuestFlag.Infrastructure.Core.dll" to "bin\Debug\net10.0\QuestFlag.Infrastructure.Core.dll". Beginning retry 1 in 1000ms. The process cannot access the file 'D:\github\qf-apps\src\Passport\QuestFlag.Passport.Services\bin\Debug\net10.0\QuestFlag.Infrastructure.Core.dll' because it is being used by another process. The file is locked by: "Microsoft Visual Studio (8508), QuestFlag.Passport.Services (5176)" [D:\github\qf-apps\src\Passport\QuestFlag.Passport.Services\QuestFlag.Passport.Services.csproj]
C:\Program Files\dotnet\sdk\11.0.100-preview.1.26104.118\Microsoft.Common.CurrentVersion.targets(5094,5): warning MSB3026: Could not copy "D:\github\qf-apps\src\Passport\QuestFlag.Passport.Application\bin\Debug\net10.0\QuestFlag.Passport.Application.dll" to "bin\Debug\net10.0\QuestFlag.Passport.Application.dll". Beginning retry 1 in 1000ms. The process cannot access the file 'D:\github\qf-apps\src\Passport\QuestFlag.Passport.Services\bin\Debug\net10.0\QuestFlag.Passport.Application.dll' because it is being used by another process. The file is locked by: "Microsoft Visual Studio (8508), QuestFlag.Passport.Services (5176)" [D:\github\qf-apps\src\Passport\QuestFlag.Passport.Services\QuestFlag.Passport.Services.csproj]
C:\Program Files\dotnet\sdk\11.0.100-preview.1.26104.118\Microsoft.Common.CurrentVersion.targets(5094,5): warning MSB3026: Could not copy "D:\github\qf-apps\src\Deployment\QuestFlag.ServiceDefaults\bin\Debug\net10.0\QuestFlag.ServiceDefaults.dll" to "bin\Debug\net10.0\QuestFlag.ServiceDefaults.dll". Beginning retry 2 in 1000ms. The process cannot access the file 'D:\github\qf-apps\src\Passport\QuestFlag.Passport.Services\bin\Debug\net10.0\QuestFlag.ServiceDefaults.dll' because it is being used by another process. The file is locked by: "QuestFlag.Passport.Services (5176)" [D:\github\qf-apps\src\Passport\QuestFlag.Passport.Services\QuestFlag.Passport.Services.csproj]
C:\Program Files\dotnet\sdk\11.0.100-preview.1.26104.118\Microsoft.Common.CurrentVersion.targets(5094,5): warning MSB3026: Could not copy "D:\github\qf-apps\src\Infrastructure\QuestFlag.Infrastructure.ApiCore\bin\Debug\net10.0\QuestFlag.Infrastructure.ApiCore.dll" to "bin\Debug\net10.0\QuestFlag.Infrastructure.ApiCore.dll". Beginning retry 2 in 1000ms. The process cannot access the file 'D:\github\qf-apps\src\Passport\QuestFlag.Passport.Services\bin\Debug\net10.0\QuestFlag.Infrastructure.ApiCore.dll' because it is being used by another process. The file is locked by: "QuestFlag.Passport.Services (5176)" [D:\github\qf-apps\src\Passport\QuestFlag.Passport.Services\QuestFlag.Passport.Services.csproj]
C:\Program Files\dotnet\sdk\11.0.100-preview.1.26104.118\Microsoft.Common.CurrentVersion.targets(5094,5): warning MSB3026: Could not copy "D:\github\qf-apps\src\Passport\QuestFlag.Passport.Domain\bin\Debug\net10.0\QuestFlag.Passport.Domain.dll" to "bin\Debug\net10.0\QuestFlag.Passport.Domain.dll". Beginning retry 2 in 1000ms. The process cannot access the file 'D:\github\qf-apps\src\Passport\QuestFlag.Passport.Services\bin\Debug\net10.0\QuestFlag.Passport.Domain.dll' because it is being used by another process. The file is locked by: "QuestFlag.Passport.Services (5176)" [D:\github\qf-apps\src\Passport\QuestFlag.Passport.Services\QuestFlag.Passport.Services.csproj]
C:\Program Files\dotnet\sdk\11.0.100-preview.1.26104.118\Microsoft.Common.CurrentVersion.targets(5094,5): warning MSB3026: Could not copy "D:\github\qf-apps\src\Passport\QuestFlag.Passport.Core\bin\Debug\net10.0\QuestFlag.Passport.Core.dll" to "bin\Debug\net10.0\QuestFlag.Passport.Core.dll". Beginning retry 2 in 1000ms. The process cannot access the file 'D:\github\qf-apps\src\Passport\QuestFlag.Passport.Services\bin\Debug\net10.0\QuestFlag.Passport.Core.dll' because it is being used by another process. The file is locked by: "Microsoft Visual Studio (8508), QuestFlag.Passport.Services (5176)" [D:\github\qf-apps\src\Passport\QuestFlag.Passport.Services\QuestFlag.Passport.Services.csproj]
C:\Program Files\dotnet\sdk\11.0.100-preview.1.26104.118\Microsoft.Common.CurrentVersion.targets(5094,5): warning MSB3026: Could not copy "D:\github\qf-apps\src\Infrastructure\QuestFlag.Infrastructure.Core\bin\Debug\net10.0\QuestFlag.Infrastructure.Core.dll" to "bin\Debug\net10.0\QuestFlag.Infrastructure.Core.dll". Beginning retry 2 in 1000ms. The process cannot access the file 'D:\github\qf-apps\src\Passport\QuestFlag.Passport.Services\bin\Debug\net10.0\QuestFlag.Infrastructure.Core.dll' because it is being used by another process. The file is locked by: "Microsoft Visual Studio (8508), QuestFlag.Passport.Services (5176)" [D:\github\qf-apps\src\Passport\QuestFlag.Passport.Services\QuestFlag.Passport.Services.csproj]
C:\Program Files\dotnet\sdk\11.0.100-preview.1.26104.118\Microsoft.Common.CurrentVersion.targets(5094,5): warning MSB3026: Could not copy "D:\github\qf-apps\src\Passport\QuestFlag.Passport.Application\bin\Debug\net10.0\QuestFlag.Passport.Application.dll" to "bin\Debug\net10.0\QuestFlag.Passport.Application.dll". Beginning retry 2 in 1000ms. The process cannot access the file 'D:\github\qf-apps\src\Passport\QuestFlag.Passport.Services\bin\Debug\net10.0\QuestFlag.Passport.Application.dll' because it is being used by another process. The file is locked by: "Microsoft Visual Studio (8508), QuestFlag.Passport.Services (5176)" [D:\github\qf-apps\src\Passport\QuestFlag.Passport.Services\QuestFlag.Passport.Services.csproj]
C:\Program Files\dotnet\sdk\11.0.100-preview.1.26104.118\Microsoft.Common.CurrentVersion.targets(5094,5): warning MSB3026: Could not copy "D:\github\qf-apps\src\Deployment\QuestFlag.ServiceDefaults\bin\Debug\net10.0\QuestFlag.ServiceDefaults.dll" to "bin\Debug\net10.0\QuestFlag.ServiceDefaults.dll". Beginning retry 3 in 1000ms. The process cannot access the file 'D:\github\qf-apps\src\Passport\QuestFlag.Passport.Services\bin\Debug\net10.0\QuestFlag.ServiceDefaults.dll' because it is being used by another process. The file is locked by: "QuestFlag.Passport.Services (5176)" [D:\github\qf-apps\src\Passport\QuestFlag.Passport.Services\QuestFlag.Passport.Services.csproj]
C:\Program Files\dotnet\sdk\11.0.100-preview.1.26104.118\Microsoft.Common.CurrentVersion.targets(5094,5): warning MSB3026: Could not copy "D:\github\qf-apps\src\Infrastructure\QuestFlag.Infrastructure.ApiCore\bin\Debug\net10.0\QuestFlag.Infrastructure.ApiCore.dll" to "bin\Debug\net10.0\QuestFlag.Infrastructure.ApiCore.dll". Beginning retry 3 in 1000ms. The process cannot access the file 'D:\github\qf-apps\src\Passport\QuestFlag.Passport.Services\bin\Debug\net10.0\QuestFlag.Infrastructure.ApiCore.dll' because it is being used by another process. The file is locked by: "QuestFlag.Passport.Services (5176)" [D:\github\qf-apps\src\Passport\QuestFlag.Passport.Services\QuestFlag.Passport.Services.csproj]
C:\Program Files\dotnet\sdk\11.0.100-preview.1.26104.118\Microsoft.Common.CurrentVersion.targets(5094,5): warning MSB3026: Could not copy "D:\github\qf-apps\src\Passport\QuestFlag.Passport.Domain\bin\Debug\net10.0\QuestFlag.Passport.Domain.dll" to "bin\Debug\net10.0\QuestFlag.Passport.Domain.dll". Beginning retry 3 in 1000ms. The process cannot access the file 'D:\github\qf-apps\src\Passport\QuestFlag.Passport.Services\bin\Debug\net10.0\QuestFlag.Passport.Domain.dll' because it is being used by another process. The file is locked by: "QuestFlag.Passport.Services (5176)" [D:\github\qf-apps\src\Passport\QuestFlag.Passport.Services\QuestFlag.Passport.Services.csproj]
C:\Program Files\dotnet\sdk\11.0.100-preview.1.26104.118\Microsoft.Common.CurrentVersion.targets(5094,5): warning MSB3026: Could not copy "D:\github\qf-apps\src\Passport\QuestFlag.Passport.Core\bin\Debug\net10.0\QuestFlag.Passport.Core.dll" to "bin\Debug\net10.0\QuestFlag.Passport.Core.dll". Beginning retry 3 in 1000ms. The process cannot access the file 'D:\github\qf-apps\src\Passport\QuestFlag.Passport.Services\bin\Debug\net10.0\QuestFlag.Passport.Core.dll' because it is being used by another process. The file is locked by: "Microsoft Visual Studio (8508), QuestFlag.Passport.Services (5176)" [D:\github\qf-apps\src\Passport\QuestFlag.Passport.Services\QuestFlag.Passport.Services.csproj]
C:\Program Files\dotnet\sdk\11.0.100-preview.1.26104.118\Microsoft.Common.CurrentVersion.targets(5094,5): warning MSB3026: Could not copy "D:\github\qf-apps\src\Passport\QuestFlag.Passport.Application\bin\Debug\net10.0\QuestFlag.Passport.Application.dll" to "bin\Debug\net10.0\QuestFlag.Passport.Application.dll". Beginning retry 3 in 1000ms. The process cannot access the file 'D:\github\qf-apps\src\Passport\QuestFlag.Passport.Services\bin\Debug\net10.0\QuestFlag.Passport.Application.dll' because it is being used by another process. The file is locked by: "Microsoft Visual Studio (8508), QuestFlag.Passport.Services (5176)" [D:\github\qf-apps\src\Passport\QuestFlag.Passport.Services\QuestFlag.Passport.Services.csproj]
C:\Program Files\dotnet\sdk\11.0.100-preview.1.26104.118\Microsoft.Common.CurrentVersion.targets(5094,5): warning MSB3026: Could not copy "D:\github\qf-apps\src\Infrastructure\QuestFlag.Infrastructure.Core\bin\Debug\net10.0\QuestFlag.Infrastructure.Core.dll" to "bin\Debug\net10.0\QuestFlag.Infrastructure.Core.dll". Beginning retry 3 in 1000ms. The process cannot access the file 'D:\github\qf-apps\src\Passport\QuestFlag.Passport.Services\bin\Debug\net10.0\QuestFlag.Infrastructure.Core.dll' because it is being used by another process. The file is locked by: "Microsoft Visual Studio (8508), QuestFlag.Passport.Services (5176)" [D:\github\qf-apps\src\Passport\QuestFlag.Passport.Services\QuestFlag.Passport.Services.csproj]
C:\Program Files\dotnet\sdk\11.0.100-preview.1.26104.118\Microsoft.Common.CurrentVersion.targets(5094,5): warning MSB3026: Could not copy "D:\github\qf-apps\src\Deployment\QuestFlag.ServiceDefaults\bin\Debug\net10.0\QuestFlag.ServiceDefaults.dll" to "bin\Debug\net10.0\QuestFlag.ServiceDefaults.dll". Beginning retry 4 in 1000ms. The process cannot access the file 'D:\github\qf-apps\src\Passport\QuestFlag.Passport.Services\bin\Debug\net10.0\QuestFlag.ServiceDefaults.dll' because it is being used by another process. The file is locked by: "QuestFlag.Passport.Services (5176)" [D:\github\qf-apps\src\Passport\QuestFlag.Passport.Services\QuestFlag.Passport.Services.csproj]
C:\Program Files\dotnet\sdk\11.0.100-preview.1.26104.118\Microsoft.Common.CurrentVersion.targets(5094,5): warning MSB3026: Could not copy "D:\github\qf-apps\src\Infrastructure\QuestFlag.Infrastructure.ApiCore\bin\Debug\net10.0\QuestFlag.Infrastructure.ApiCore.dll" to "bin\Debug\net10.0\QuestFlag.Infrastructure.ApiCore.dll". Beginning retry 4 in 1000ms. The process cannot access the file 'D:\github\qf-apps\src\Passport\QuestFlag.Passport.Services\bin\Debug\net10.0\QuestFlag.Infrastructure.ApiCore.dll' because it is being used by another process. The file is locked by: "QuestFlag.Passport.Services (5176)" [D:\github\qf-apps\src\Passport\QuestFlag.Passport.Services\QuestFlag.Passport.Services.csproj]
C:\Program Files\dotnet\sdk\11.0.100-preview.1.26104.118\Microsoft.Common.CurrentVersion.targets(5094,5): warning MSB3026: Could not copy "D:\github\qf-apps\src\Passport\QuestFlag.Passport.Domain\bin\Debug\net10.0\QuestFlag.Passport.Domain.dll" to "bin\Debug\net10.0\QuestFlag.Passport.Domain.dll". Beginning retry 4 in 1000ms. The process cannot access the file 'D:\github\qf-apps\src\Passport\QuestFlag.Passport.Services\bin\Debug\net10.0\QuestFlag.Passport.Domain.dll' because it is being used by another process. The file is locked by: "QuestFlag.Passport.Services (5176)" [D:\github\qf-apps\src\Passport\QuestFlag.Passport.Services\QuestFlag.Passport.Services.csproj]
C:\Program Files\dotnet\sdk\11.0.100-preview.1.26104.118\Microsoft.Common.CurrentVersion.targets(5094,5): warning MSB3026: Could not copy "D:\github\qf-apps\src\Passport\QuestFlag.Passport.Application\bin\Debug\net10.0\QuestFlag.Passport.Application.dll" to "bin\Debug\net10.0\QuestFlag.Passport.Application.dll". Beginning retry 4 in 1000ms. The process cannot access the file 'D:\github\qf-apps\src\Passport\QuestFlag.Passport.Services\bin\Debug\net10.0\QuestFlag.Passport.Application.dll' because it is being used by another process. The file is locked by: "Microsoft Visual Studio (8508), QuestFlag.Passport.Services (5176)" [D:\github\qf-apps\src\Passport\QuestFlag.Passport.Services\QuestFlag.Passport.Services.csproj]
C:\Program Files\dotnet\sdk\11.0.100-preview.1.26104.118\Microsoft.Common.CurrentVersion.targets(5094,5): warning MSB3026: Could not copy "D:\github\qf-apps\src\Passport\QuestFlag.Passport.Core\bin\Debug\net10.0\QuestFlag.Passport.Core.dll" to "bin\Debug\net10.0\QuestFlag.Passport.Core.dll". Beginning retry 4 in 1000ms. The process cannot access the file 'D:\github\qf-apps\src\Passport\QuestFlag.Passport.Services\bin\Debug\net10.0\QuestFlag.Passport.Core.dll' because it is being used by another process. The file is locked by: "Microsoft Visual Studio (8508), QuestFlag.Passport.Services (5176)" [D:\github\qf-apps\src\Passport\QuestFlag.Passport.Services\QuestFlag.Passport.Services.csproj]
C:\Program Files\dotnet\sdk\11.0.100-preview.1.26104.118\Microsoft.Common.CurrentVersion.targets(5094,5): warning MSB3026: Could not copy "D:\github\qf-apps\src\Infrastructure\QuestFlag.Infrastructure.Core\bin\Debug\net10.0\QuestFlag.Infrastructure.Core.dll" to "bin\Debug\net10.0\QuestFlag.Infrastructure.Core.dll". Beginning retry 4 in 1000ms. The process cannot access the file 'D:\github\qf-apps\src\Passport\QuestFlag.Passport.Services\bin\Debug\net10.0\QuestFlag.Infrastructure.Core.dll' because it is being used by another process. The file is locked by: "Microsoft Visual Studio (8508), QuestFlag.Passport.Services (5176)" [D:\github\qf-apps\src\Passport\QuestFlag.Passport.Services\QuestFlag.Passport.Services.csproj]
C:\Program Files\dotnet\sdk\11.0.100-preview.1.26104.118\Microsoft.Common.CurrentVersion.targets(5094,5): warning MSB3026: Could not copy "D:\github\qf-apps\src\Deployment\QuestFlag.ServiceDefaults\bin\Debug\net10.0\QuestFlag.ServiceDefaults.dll" to "bin\Debug\net10.0\QuestFlag.ServiceDefaults.dll". Beginning retry 5 in 1000ms. The process cannot access the file 'D:\github\qf-apps\src\Passport\QuestFlag.Passport.Services\bin\Debug\net10.0\QuestFlag.ServiceDefaults.dll' because it is being used by another process. The file is locked by: "QuestFlag.Passport.Services (5176)" [D:\github\qf-apps\src\Passport\QuestFlag.Passport.Services\QuestFlag.Passport.Services.csproj]
C:\Program Files\dotnet\sdk\11.0.100-preview.1.26104.118\Microsoft.Common.CurrentVersion.targets(5094,5): warning MSB3026: Could not copy "D:\github\qf-apps\src\Infrastructure\QuestFlag.Infrastructure.ApiCore\bin\Debug\net10.0\QuestFlag.Infrastructure.ApiCore.dll" to "bin\Debug\net10.0\QuestFlag.Infrastructure.ApiCore.dll". Beginning retry 5 in 1000ms. The process cannot access the file 'D:\github\qf-apps\src\Passport\QuestFlag.Passport.Services\bin\Debug\net10.0\QuestFlag.Infrastructure.ApiCore.dll' because it is being used by another process. The file is locked by: "QuestFlag.Passport.Services (5176)" [D:\github\qf-apps\src\Passport\QuestFlag.Passport.Services\QuestFlag.Passport.Services.csproj]
C:\Program Files\dotnet\sdk\11.0.100-preview.1.26104.118\Microsoft.Common.CurrentVersion.targets(5094,5): warning MSB3026: Could not copy "D:\github\qf-apps\src\Passport\QuestFlag.Passport.Domain\bin\Debug\net10.0\QuestFlag.Passport.Domain.dll" to "bin\Debug\net10.0\QuestFlag.Passport.Domain.dll". Beginning retry 5 in 1000ms. The process cannot access the file 'D:\github\qf-apps\src\Passport\QuestFlag.Passport.Services\bin\Debug\net10.0\QuestFlag.Passport.Domain.dll' because it is being used by another process. The file is locked by: "QuestFlag.Passport.Services (5176)" [D:\github\qf-apps\src\Passport\QuestFlag.Passport.Services\QuestFlag.Passport.Services.csproj]
C:\Program Files\dotnet\sdk\11.0.100-preview.1.26104.118\Microsoft.Common.CurrentVersion.targets(5094,5): warning MSB3026: Could not copy "D:\github\qf-apps\src\Infrastructure\QuestFlag.Infrastructure.Core\bin\Debug\net10.0\QuestFlag.Infrastructure.Core.dll" to "bin\Debug\net10.0\QuestFlag.Infrastructure.Core.dll". Beginning retry 5 in 1000ms. The process cannot access the file 'D:\github\qf-apps\src\Passport\QuestFlag.Passport.Services\bin\Debug\net10.0\QuestFlag.Infrastructure.Core.dll' because it is being used by another process. The file is locked by: "Microsoft Visual Studio (8508), QuestFlag.Passport.Services (5176)" [D:\github\qf-apps\src\Passport\QuestFlag.Passport.Services\QuestFlag.Passport.Services.csproj]
C:\Program Files\dotnet\sdk\11.0.100-preview.1.26104.118\Microsoft.Common.CurrentVersion.targets(5094,5): warning MSB3026: Could not copy "D:\github\qf-apps\src\Passport\QuestFlag.Passport.Core\bin\Debug\net10.0\QuestFlag.Passport.Core.dll" to "bin\Debug\net10.0\QuestFlag.Passport.Core.dll". Beginning retry 5 in 1000ms. The process cannot access the file 'D:\github\qf-apps\src\Passport\QuestFlag.Passport.Services\bin\Debug\net10.0\QuestFlag.Passport.Core.dll' because it is being used by another process. The file is locked by: "Microsoft Visual Studio (8508), QuestFlag.Passport.Services (5176)" [D:\github\qf-apps\src\Passport\QuestFlag.Passport.Services\QuestFlag.Passport.Services.csproj]
C:\Program Files\dotnet\sdk\11.0.100-preview.1.26104.118\Microsoft.Common.CurrentVersion.targets(5094,5): warning MSB3026: Could not copy "D:\github\qf-apps\src\Passport\QuestFlag.Passport.Application\bin\Debug\net10.0\QuestFlag.Passport.Application.dll" to "bin\Debug\net10.0\QuestFlag.Passport.Application.dll". Beginning retry 5 in 1000ms. The process cannot access the file 'D:\github\qf-apps\src\Passport\QuestFlag.Passport.Services\bin\Debug\net10.0\QuestFlag.Passport.Application.dll' because it is being used by another process. The file is locked by: "Microsoft Visual Studio (8508), QuestFlag.Passport.Services (5176)" [D:\github\qf-apps\src\Passport\QuestFlag.Passport.Services\QuestFlag.Passport.Services.csproj]
C:\Program Files\dotnet\sdk\11.0.100-preview.1.26104.118\Microsoft.Common.CurrentVersion.targets(5094,5): warning MSB3026: Could not copy "D:\github\qf-apps\src\Deployment\QuestFlag.ServiceDefaults\bin\Debug\net10.0\QuestFlag.ServiceDefaults.dll" to "bin\Debug\net10.0\QuestFlag.ServiceDefaults.dll". Beginning retry 6 in 1000ms. The process cannot access the file 'D:\github\qf-apps\src\Passport\QuestFlag.Passport.Services\bin\Debug\net10.0\QuestFlag.ServiceDefaults.dll' because it is being used by another process. The file is locked by: "QuestFlag.Passport.Services (5176)" [D:\github\qf-apps\src\Passport\QuestFlag.Passport.Services\QuestFlag.Passport.Services.csproj]
C:\Program Files\dotnet\sdk\11.0.100-preview.1.26104.118\Microsoft.Common.CurrentVersion.targets(5094,5): warning MSB3026: Could not copy "D:\github\qf-apps\src\Infrastructure\QuestFlag.Infrastructure.ApiCore\bin\Debug\net10.0\QuestFlag.Infrastructure.ApiCore.dll" to "bin\Debug\net10.0\QuestFlag.Infrastructure.ApiCore.dll". Beginning retry 6 in 1000ms. The process cannot access the file 'D:\github\qf-apps\src\Passport\QuestFlag.Passport.Services\bin\Debug\net10.0\QuestFlag.Infrastructure.ApiCore.dll' because it is being used by another process. The file is locked by: "QuestFlag.Passport.Services (5176)" [D:\github\qf-apps\src\Passport\QuestFlag.Passport.Services\QuestFlag.Passport.Services.csproj]
C:\Program Files\dotnet\sdk\11.0.100-preview.1.26104.118\Microsoft.Common.CurrentVersion.targets(5094,5): warning MSB3026: Could not copy "D:\github\qf-apps\src\Passport\QuestFlag.Passport.Domain\bin\Debug\net10.0\QuestFlag.Passport.Domain.dll" to "bin\Debug\net10.0\QuestFlag.Passport.Domain.dll". Beginning retry 6 in 1000ms. The process cannot access the file 'D:\github\qf-apps\src\Passport\QuestFlag.Passport.Services\bin\Debug\net10.0\QuestFlag.Passport.Domain.dll' because it is being used by another process. The file is locked by: "QuestFlag.Passport.Services (5176)" [D:\github\qf-apps\src\Passport\QuestFlag.Passport.Services\QuestFlag.Passport.Services.csproj]
C:\Program Files\dotnet\sdk\11.0.100-preview.1.26104.118\Microsoft.Common.CurrentVersion.targets(5094,5): warning MSB3026: Could not copy "D:\github\qf-apps\src\Infrastructure\QuestFlag.Infrastructure.Core\bin\Debug\net10.0\QuestFlag.Infrastructure.Core.dll" to "bin\Debug\net10.0\QuestFlag.Infrastructure.Core.dll". Beginning retry 6 in 1000ms. The process cannot access the file 'D:\github\qf-apps\src\Passport\QuestFlag.Passport.Services\bin\Debug\net10.0\QuestFlag.Infrastructure.Core.dll' because it is being used by another process. The file is locked by: "Microsoft Visual Studio (8508), QuestFlag.Passport.Services (5176)" [D:\github\qf-apps\src\Passport\QuestFlag.Passport.Services\QuestFlag.Passport.Services.csproj]
C:\Program Files\dotnet\sdk\11.0.100-preview.1.26104.118\Microsoft.Common.CurrentVersion.targets(5094,5): warning MSB3026: Could not copy "D:\github\qf-apps\src\Passport\QuestFlag.Passport.Application\bin\Debug\net10.0\QuestFlag.Passport.Application.dll" to "bin\Debug\net10.0\QuestFlag.Passport.Application.dll". Beginning retry 6 in 1000ms. The process cannot access the file 'D:\github\qf-apps\src\Passport\QuestFlag.Passport.Services\bin\Debug\net10.0\QuestFlag.Passport.Application.dll' because it is being used by another process. The file is locked by: "Microsoft Visual Studio (8508), QuestFlag.Passport.Services (5176)" [D:\github\qf-apps\src\Passport\QuestFlag.Passport.Services\QuestFlag.Passport.Services.csproj]
C:\Program Files\dotnet\sdk\11.0.100-preview.1.26104.118\Microsoft.Common.CurrentVersion.targets(5094,5): warning MSB3026: Could not copy "D:\github\qf-apps\src\Passport\QuestFlag.Passport.Core\bin\Debug\net10.0\QuestFlag.Passport.Core.dll" to "bin\Debug\net10.0\QuestFlag.Passport.Core.dll". Beginning retry 6 in 1000ms. The process cannot access the file 'D:\github\qf-apps\src\Passport\QuestFlag.Passport.Services\bin\Debug\net10.0\QuestFlag.Passport.Core.dll' because it is being used by another process. The file is locked by: "Microsoft Visual Studio (8508), QuestFlag.Passport.Services (5176)" [D:\github\qf-apps\src\Passport\QuestFlag.Passport.Services\QuestFlag.Passport.Services.csproj]
C:\Program Files\dotnet\sdk\11.0.100-preview.1.26104.118\Microsoft.Common.CurrentVersion.targets(5094,5): warning MSB3026: Could not copy "D:\github\qf-apps\src\Deployment\QuestFlag.ServiceDefaults\bin\Debug\net10.0\QuestFlag.ServiceDefaults.dll" to "bin\Debug\net10.0\QuestFlag.ServiceDefaults.dll". Beginning retry 7 in 1000ms. The process cannot access the file 'D:\github\qf-apps\src\Passport\QuestFlag.Passport.Services\bin\Debug\net10.0\QuestFlag.ServiceDefaults.dll' because it is being used by another process. The file is locked by: "QuestFlag.Passport.Services (5176)" [D:\github\qf-apps\src\Passport\QuestFlag.Passport.Services\QuestFlag.Passport.Services.csproj]
C:\Program Files\dotnet\sdk\11.0.100-preview.1.26104.118\Microsoft.Common.CurrentVersion.targets(5094,5): warning MSB3026: Could not copy "D:\github\qf-apps\src\Infrastructure\QuestFlag.Infrastructure.ApiCore\bin\Debug\net10.0\QuestFlag.Infrastructure.ApiCore.dll" to "bin\Debug\net10.0\QuestFlag.Infrastructure.ApiCore.dll". Beginning retry 7 in 1000ms. The process cannot access the file 'D:\github\qf-apps\src\Passport\QuestFlag.Passport.Services\bin\Debug\net10.0\QuestFlag.Infrastructure.ApiCore.dll' because it is being used by another process. The file is locked by: "QuestFlag.Passport.Services (5176)" [D:\github\qf-apps\src\Passport\QuestFlag.Passport.Services\QuestFlag.Passport.Services.csproj]
C:\Program Files\dotnet\sdk\11.0.100-preview.1.26104.118\Microsoft.Common.CurrentVersion.targets(5094,5): warning MSB3026: Could not copy "D:\github\qf-apps\src\Passport\QuestFlag.Passport.Domain\bin\Debug\net10.0\QuestFlag.Passport.Domain.dll" to "bin\Debug\net10.0\QuestFlag.Passport.Domain.dll". Beginning retry 7 in 1000ms. The process cannot access the file 'D:\github\qf-apps\src\Passport\QuestFlag.Passport.Services\bin\Debug\net10.0\QuestFlag.Passport.Domain.dll' because it is being used by another process. The file is locked by: "QuestFlag.Passport.Services (5176)" [D:\github\qf-apps\src\Passport\QuestFlag.Passport.Services\QuestFlag.Passport.Services.csproj]
C:\Program Files\dotnet\sdk\11.0.100-preview.1.26104.118\Microsoft.Common.CurrentVersion.targets(5094,5): warning MSB3026: Could not copy "D:\github\qf-apps\src\Infrastructure\QuestFlag.Infrastructure.Core\bin\Debug\net10.0\QuestFlag.Infrastructure.Core.dll" to "bin\Debug\net10.0\QuestFlag.Infrastructure.Core.dll". Beginning retry 7 in 1000ms. The process cannot access the file 'D:\github\qf-apps\src\Passport\QuestFlag.Passport.Services\bin\Debug\net10.0\QuestFlag.Infrastructure.Core.dll' because it is being used by another process. The file is locked by: "Microsoft Visual Studio (8508), QuestFlag.Passport.Services (5176)" [D:\github\qf-apps\src\Passport\QuestFlag.Passport.Services\QuestFlag.Passport.Services.csproj]
C:\Program Files\dotnet\sdk\11.0.100-preview.1.26104.118\Microsoft.Common.CurrentVersion.targets(5094,5): warning MSB3026: Could not copy "D:\github\qf-apps\src\Passport\QuestFlag.Passport.Core\bin\Debug\net10.0\QuestFlag.Passport.Core.dll" to "bin\Debug\net10.0\QuestFlag.Passport.Core.dll". Beginning retry 7 in 1000ms. The process cannot access the file 'D:\github\qf-apps\src\Passport\QuestFlag.Passport.Services\bin\Debug\net10.0\QuestFlag.Passport.Core.dll' because it is being used by another process. The file is locked by: "Microsoft Visual Studio (8508), QuestFlag.Passport.Services (5176)" [D:\github\qf-apps\src\Passport\QuestFlag.Passport.Services\QuestFlag.Passport.Services.csproj]
C:\Program Files\dotnet\sdk\11.0.100-preview.1.26104.118\Microsoft.Common.CurrentVersion.targets(5094,5): warning MSB3026: Could not copy "D:\github\qf-apps\src\Passport\QuestFlag.Passport.Application\bin\Debug\net10.0\QuestFlag.Passport.Application.dll" to "bin\Debug\net10.0\QuestFlag.Passport.Application.dll". Beginning retry 7 in 1000ms. The process cannot access the file 'D:\github\qf-apps\src\Passport\QuestFlag.Passport.Services\bin\Debug\net10.0\QuestFlag.Passport.Application.dll' because it is being used by another process. The file is locked by: "Microsoft Visual Studio (8508), QuestFlag.Passport.Services (5176)" [D:\github\qf-apps\src\Passport\QuestFlag.Passport.Services\QuestFlag.Passport.Services.csproj]
C:\Program Files\dotnet\sdk\11.0.100-preview.1.26104.118\Microsoft.Common.CurrentVersion.targets(5094,5): warning MSB3026: Could not copy "D:\github\qf-apps\src\Deployment\QuestFlag.ServiceDefaults\bin\Debug\net10.0\QuestFlag.ServiceDefaults.dll" to "bin\Debug\net10.0\QuestFlag.ServiceDefaults.dll". Beginning retry 8 in 1000ms. The process cannot access the file 'D:\github\qf-apps\src\Passport\QuestFlag.Passport.Services\bin\Debug\net10.0\QuestFlag.ServiceDefaults.dll' because it is being used by another process. The file is locked by: "QuestFlag.Passport.Services (5176)" [D:\github\qf-apps\src\Passport\QuestFlag.Passport.Services\QuestFlag.Passport.Services.csproj]
C:\Program Files\dotnet\sdk\11.0.100-preview.1.26104.118\Microsoft.Common.CurrentVersion.targets(5094,5): warning MSB3026: Could not copy "D:\github\qf-apps\src\Infrastructure\QuestFlag.Infrastructure.ApiCore\bin\Debug\net10.0\QuestFlag.Infrastructure.ApiCore.dll" to "bin\Debug\net10.0\QuestFlag.Infrastructure.ApiCore.dll". Beginning retry 8 in 1000ms. The process cannot access the file 'D:\github\qf-apps\src\Passport\QuestFlag.Passport.Services\bin\Debug\net10.0\QuestFlag.Infrastructure.ApiCore.dll' because it is being used by another process. The file is locked by: "QuestFlag.Passport.Services (5176)" [D:\github\qf-apps\src\Passport\QuestFlag.Passport.Services\QuestFlag.Passport.Services.csproj]
C:\Program Files\dotnet\sdk\11.0.100-preview.1.26104.118\Microsoft.Common.CurrentVersion.targets(5094,5): warning MSB3026: Could not copy "D:\github\qf-apps\src\Passport\QuestFlag.Passport.Domain\bin\Debug\net10.0\QuestFlag.Passport.Domain.dll" to "bin\Debug\net10.0\QuestFlag.Passport.Domain.dll". Beginning retry 8 in 1000ms. The process cannot access the file 'D:\github\qf-apps\src\Passport\QuestFlag.Passport.Services\bin\Debug\net10.0\QuestFlag.Passport.Domain.dll' because it is being used by another process. The file is locked by: "QuestFlag.Passport.Services (5176)" [D:\github\qf-apps\src\Passport\QuestFlag.Passport.Services\QuestFlag.Passport.Services.csproj]
C:\Program Files\dotnet\sdk\11.0.100-preview.1.26104.118\Microsoft.Common.CurrentVersion.targets(5094,5): warning MSB3026: Could not copy "D:\github\qf-apps\src\Infrastructure\QuestFlag.Infrastructure.Core\bin\Debug\net10.0\QuestFlag.Infrastructure.Core.dll" to "bin\Debug\net10.0\QuestFlag.Infrastructure.Core.dll". Beginning retry 8 in 1000ms. The process cannot access the file 'D:\github\qf-apps\src\Passport\QuestFlag.Passport.Services\bin\Debug\net10.0\QuestFlag.Infrastructure.Core.dll' because it is being used by another process. The file is locked by: "Microsoft Visual Studio (8508), QuestFlag.Passport.Services (5176)" [D:\github\qf-apps\src\Passport\QuestFlag.Passport.Services\QuestFlag.Passport.Services.csproj]
C:\Program Files\dotnet\sdk\11.0.100-preview.1.26104.118\Microsoft.Common.CurrentVersion.targets(5094,5): warning MSB3026: Could not copy "D:\github\qf-apps\src\Passport\QuestFlag.Passport.Core\bin\Debug\net10.0\QuestFlag.Passport.Core.dll" to "bin\Debug\net10.0\QuestFlag.Passport.Core.dll". Beginning retry 8 in 1000ms. The process cannot access the file 'D:\github\qf-apps\src\Passport\QuestFlag.Passport.Services\bin\Debug\net10.0\QuestFlag.Passport.Core.dll' because it is being used by another process. The file is locked by: "Microsoft Visual Studio (8508), QuestFlag.Passport.Services (5176)" [D:\github\qf-apps\src\Passport\QuestFlag.Passport.Services\QuestFlag.Passport.Services.csproj]
C:\Program Files\dotnet\sdk\11.0.100-preview.1.26104.118\Microsoft.Common.CurrentVersion.targets(5094,5): warning MSB3026: Could not copy "D:\github\qf-apps\src\Passport\QuestFlag.Passport.Application\bin\Debug\net10.0\QuestFlag.Passport.Application.dll" to "bin\Debug\net10.0\QuestFlag.Passport.Application.dll". Beginning retry 8 in 1000ms. The process cannot access the file 'D:\github\qf-apps\src\Passport\QuestFlag.Passport.Services\bin\Debug\net10.0\QuestFlag.Passport.Application.dll' because it is being used by another process. The file is locked by: "Microsoft Visual Studio (8508), QuestFlag.Passport.Services (5176)" [D:\github\qf-apps\src\Passport\QuestFlag.Passport.Services\QuestFlag.Passport.Services.csproj]
C:\Program Files\dotnet\sdk\11.0.100-preview.1.26104.118\Microsoft.Common.CurrentVersion.targets(5094,5): warning MSB3026: Could not copy "D:\github\qf-apps\src\Deployment\QuestFlag.ServiceDefaults\bin\Debug\net10.0\QuestFlag.ServiceDefaults.dll" to "bin\Debug\net10.0\QuestFlag.ServiceDefaults.dll". Beginning retry 9 in 1000ms. The process cannot access the file 'D:\github\qf-apps\src\Passport\QuestFlag.Passport.Services\bin\Debug\net10.0\QuestFlag.ServiceDefaults.dll' because it is being used by another process. The file is locked by: "QuestFlag.Passport.Services (5176)" [D:\github\qf-apps\src\Passport\QuestFlag.Passport.Services\QuestFlag.Passport.Services.csproj]
C:\Program Files\dotnet\sdk\11.0.100-preview.1.26104.118\Microsoft.Common.CurrentVersion.targets(5094,5): warning MSB3026: Could not copy "D:\github\qf-apps\src\Infrastructure\QuestFlag.Infrastructure.ApiCore\bin\Debug\net10.0\QuestFlag.Infrastructure.ApiCore.dll" to "bin\Debug\net10.0\QuestFlag.Infrastructure.ApiCore.dll". Beginning retry 9 in 1000ms. The process cannot access the file 'D:\github\qf-apps\src\Passport\QuestFlag.Passport.Services\bin\Debug\net10.0\QuestFlag.Infrastructure.ApiCore.dll' because it is being used by another process. The file is locked by: "QuestFlag.Passport.Services (5176)" [D:\github\qf-apps\src\Passport\QuestFlag.Passport.Services\QuestFlag.Passport.Services.csproj]
C:\Program Files\dotnet\sdk\11.0.100-preview.1.26104.118\Microsoft.Common.CurrentVersion.targets(5094,5): warning MSB3026: Could not copy "D:\github\qf-apps\src\Passport\QuestFlag.Passport.Domain\bin\Debug\net10.0\QuestFlag.Passport.Domain.dll" to "bin\Debug\net10.0\QuestFlag.Passport.Domain.dll". Beginning retry 9 in 1000ms. The process cannot access the file 'D:\github\qf-apps\src\Passport\QuestFlag.Passport.Services\bin\Debug\net10.0\QuestFlag.Passport.Domain.dll' because it is being used by another process. The file is locked by: "QuestFlag.Passport.Services (5176)" [D:\github\qf-apps\src\Passport\QuestFlag.Passport.Services\QuestFlag.Passport.Services.csproj]
C:\Program Files\dotnet\sdk\11.0.100-preview.1.26104.118\Microsoft.Common.CurrentVersion.targets(5094,5): warning MSB3026: Could not copy "D:\github\qf-apps\src\Infrastructure\QuestFlag.Infrastructure.Core\bin\Debug\net10.0\QuestFlag.Infrastructure.Core.dll" to "bin\Debug\net10.0\QuestFlag.Infrastructure.Core.dll". Beginning retry 9 in 1000ms. The process cannot access the file 'D:\github\qf-apps\src\Passport\QuestFlag.Passport.Services\bin\Debug\net10.0\QuestFlag.Infrastructure.Core.dll' because it is being used by another process. The file is locked by: "Microsoft Visual Studio (8508), QuestFlag.Passport.Services (5176)" [D:\github\qf-apps\src\Passport\QuestFlag.Passport.Services\QuestFlag.Passport.Services.csproj]
C:\Program Files\dotnet\sdk\11.0.100-preview.1.26104.118\Microsoft.Common.CurrentVersion.targets(5094,5): warning MSB3026: Could not copy "D:\github\qf-apps\src\Passport\QuestFlag.Passport.Core\bin\Debug\net10.0\QuestFlag.Passport.Core.dll" to "bin\Debug\net10.0\QuestFlag.Passport.Core.dll". Beginning retry 9 in 1000ms. The process cannot access the file 'D:\github\qf-apps\src\Passport\QuestFlag.Passport.Services\bin\Debug\net10.0\QuestFlag.Passport.Core.dll' because it is being used by another process. The file is locked by: "Microsoft Visual Studio (8508), QuestFlag.Passport.Services (5176)" [D:\github\qf-apps\src\Passport\QuestFlag.Passport.Services\QuestFlag.Passport.Services.csproj]
C:\Program Files\dotnet\sdk\11.0.100-preview.1.26104.118\Microsoft.Common.CurrentVersion.targets(5094,5): warning MSB3026: Could not copy "D:\github\qf-apps\src\Passport\QuestFlag.Passport.Application\bin\Debug\net10.0\QuestFlag.Passport.Application.dll" to "bin\Debug\net10.0\QuestFlag.Passport.Application.dll". Beginning retry 9 in 1000ms. The process cannot access the file 'D:\github\qf-apps\src\Passport\QuestFlag.Passport.Services\bin\Debug\net10.0\QuestFlag.Passport.Application.dll' because it is being used by another process. The file is locked by: "Microsoft Visual Studio (8508), QuestFlag.Passport.Services (5176)" [D:\github\qf-apps\src\Passport\QuestFlag.Passport.Services\QuestFlag.Passport.Services.csproj]
C:\Program Files\dotnet\sdk\11.0.100-preview.1.26104.118\Microsoft.Common.CurrentVersion.targets(5094,5): warning MSB3026: Could not copy "D:\github\qf-apps\src\Deployment\QuestFlag.ServiceDefaults\bin\Debug\net10.0\QuestFlag.ServiceDefaults.dll" to "bin\Debug\net10.0\QuestFlag.ServiceDefaults.dll". Beginning retry 10 in 1000ms. The process cannot access the file 'D:\github\qf-apps\src\Passport\QuestFlag.Passport.Services\bin\Debug\net10.0\QuestFlag.ServiceDefaults.dll' because it is being used by another process. The file is locked by: "QuestFlag.Passport.Services (5176)" [D:\github\qf-apps\src\Passport\QuestFlag.Passport.Services\QuestFlag.Passport.Services.csproj]
C:\Program Files\dotnet\sdk\11.0.100-preview.1.26104.118\Microsoft.Common.CurrentVersion.targets(5094,5): warning MSB3026: Could not copy "D:\github\qf-apps\src\Infrastructure\QuestFlag.Infrastructure.ApiCore\bin\Debug\net10.0\QuestFlag.Infrastructure.ApiCore.dll" to "bin\Debug\net10.0\QuestFlag.Infrastructure.ApiCore.dll". Beginning retry 10 in 1000ms. The process cannot access the file 'D:\github\qf-apps\src\Passport\QuestFlag.Passport.Services\bin\Debug\net10.0\QuestFlag.Infrastructure.ApiCore.dll' because it is being used by another process. The file is locked by: "QuestFlag.Passport.Services (5176)" [D:\github\qf-apps\src\Passport\QuestFlag.Passport.Services\QuestFlag.Passport.Services.csproj]
C:\Program Files\dotnet\sdk\11.0.100-preview.1.26104.118\Microsoft.Common.CurrentVersion.targets(5094,5): warning MSB3026: Could not copy "D:\github\qf-apps\src\Passport\QuestFlag.Passport.Domain\bin\Debug\net10.0\QuestFlag.Passport.Domain.dll" to "bin\Debug\net10.0\QuestFlag.Passport.Domain.dll". Beginning retry 10 in 1000ms. The process cannot access the file 'D:\github\qf-apps\src\Passport\QuestFlag.Passport.Services\bin\Debug\net10.0\QuestFlag.Passport.Domain.dll' because it is being used by another process. The file is locked by: "QuestFlag.Passport.Services (5176)" [D:\github\qf-apps\src\Passport\QuestFlag.Passport.Services\QuestFlag.Passport.Services.csproj]
C:\Program Files\dotnet\sdk\11.0.100-preview.1.26104.118\Microsoft.Common.CurrentVersion.targets(5094,5): warning MSB3026: Could not copy "D:\github\qf-apps\src\Infrastructure\QuestFlag.Infrastructure.Core\bin\Debug\net10.0\QuestFlag.Infrastructure.Core.dll" to "bin\Debug\net10.0\QuestFlag.Infrastructure.Core.dll". Beginning retry 10 in 1000ms. The process cannot access the file 'D:\github\qf-apps\src\Passport\QuestFlag.Passport.Services\bin\Debug\net10.0\QuestFlag.Infrastructure.Core.dll' because it is being used by another process. The file is locked by: "Microsoft Visual Studio (8508), QuestFlag.Passport.Services (5176)" [D:\github\qf-apps\src\Passport\QuestFlag.Passport.Services\QuestFlag.Passport.Services.csproj]
C:\Program Files\dotnet\sdk\11.0.100-preview.1.26104.118\Microsoft.Common.CurrentVersion.targets(5094,5): warning MSB3026: Could not copy "D:\github\qf-apps\src\Passport\QuestFlag.Passport.Core\bin\Debug\net10.0\QuestFlag.Passport.Core.dll" to "bin\Debug\net10.0\QuestFlag.Passport.Core.dll". Beginning retry 10 in 1000ms. The process cannot access the file 'D:\github\qf-apps\src\Passport\QuestFlag.Passport.Services\bin\Debug\net10.0\QuestFlag.Passport.Core.dll' because it is being used by another process. The file is locked by: "Microsoft Visual Studio (8508), QuestFlag.Passport.Services (5176)" [D:\github\qf-apps\src\Passport\QuestFlag.Passport.Services\QuestFlag.Passport.Services.csproj]
C:\Program Files\dotnet\sdk\11.0.100-preview.1.26104.118\Microsoft.Common.CurrentVersion.targets(5094,5): warning MSB3026: Could not copy "D:\github\qf-apps\src\Passport\QuestFlag.Passport.Application\bin\Debug\net10.0\QuestFlag.Passport.Application.dll" to "bin\Debug\net10.0\QuestFlag.Passport.Application.dll". Beginning retry 10 in 1000ms. The process cannot access the file 'D:\github\qf-apps\src\Passport\QuestFlag.Passport.Services\bin\Debug\net10.0\QuestFlag.Passport.Application.dll' because it is being used by another process. The file is locked by: "Microsoft Visual Studio (8508), QuestFlag.Passport.Services (5176)" [D:\github\qf-apps\src\Passport\QuestFlag.Passport.Services\QuestFlag.Passport.Services.csproj]
C:\Program Files\dotnet\sdk\11.0.100-preview.1.26104.118\Microsoft.Common.CurrentVersion.targets(5094,5): error MSB3027: Could not copy "D:\github\qf-apps\src\Deployment\QuestFlag.ServiceDefaults\bin\Debug\net10.0\QuestFlag.ServiceDefaults.dll" to "bin\Debug\net10.0\QuestFlag.ServiceDefaults.dll". Exceeded retry count of 10. Failed. The file is locked by: "QuestFlag.Passport.Services (5176)" [D:\github\qf-apps\src\Passport\QuestFlag.Passport.Services\QuestFlag.Passport.Services.csproj]
C:\Program Files\dotnet\sdk\11.0.100-preview.1.26104.118\Microsoft.Common.CurrentVersion.targets(5094,5): error MSB3021: Unable to copy file "D:\github\qf-apps\src\Deployment\QuestFlag.ServiceDefaults\bin\Debug\net10.0\QuestFlag.ServiceDefaults.dll" to "bin\Debug\net10.0\QuestFlag.ServiceDefaults.dll". The process cannot access the file 'D:\github\qf-apps\src\Passport\QuestFlag.Passport.Services\bin\Debug\net10.0\QuestFlag.ServiceDefaults.dll' because it is being used by another process. [D:\github\qf-apps\src\Passport\QuestFlag.Passport.Services\QuestFlag.Passport.Services.csproj]
C:\Program Files\dotnet\sdk\11.0.100-preview.1.26104.118\Microsoft.Common.CurrentVersion.targets(5094,5): error MSB3027: Could not copy "D:\github\qf-apps\src\Infrastructure\QuestFlag.Infrastructure.ApiCore\bin\Debug\net10.0\QuestFlag.Infrastructure.ApiCore.dll" to "bin\Debug\net10.0\QuestFlag.Infrastructure.ApiCore.dll". Exceeded retry count of 10. Failed. The file is locked by: "QuestFlag.Passport.Services (5176)" [D:\github\qf-apps\src\Passport\QuestFlag.Passport.Services\QuestFlag.Passport.Services.csproj]
C:\Program Files\dotnet\sdk\11.0.100-preview.1.26104.118\Microsoft.Common.CurrentVersion.targets(5094,5): error MSB3021: Unable to copy file "D:\github\qf-apps\src\Infrastructure\QuestFlag.Infrastructure.ApiCore\bin\Debug\net10.0\QuestFlag.Infrastructure.ApiCore.dll" to "bin\Debug\net10.0\QuestFlag.Infrastructure.ApiCore.dll". The process cannot access the file 'D:\github\qf-apps\src\Passport\QuestFlag.Passport.Services\bin\Debug\net10.0\QuestFlag.Infrastructure.ApiCore.dll' because it is being used by another process. [D:\github\qf-apps\src\Passport\QuestFlag.Passport.Services\QuestFlag.Passport.Services.csproj]
C:\Program Files\dotnet\sdk\11.0.100-preview.1.26104.118\Microsoft.Common.CurrentVersion.targets(5094,5): error MSB3027: Could not copy "D:\github\qf-apps\src\Passport\QuestFlag.Passport.Domain\bin\Debug\net10.0\QuestFlag.Passport.Domain.dll" to "bin\Debug\net10.0\QuestFlag.Passport.Domain.dll". Exceeded retry count of 10. Failed. The file is locked by: "QuestFlag.Passport.Services (5176)" [D:\github\qf-apps\src\Passport\QuestFlag.Passport.Services\QuestFlag.Passport.Services.csproj]
C:\Program Files\dotnet\sdk\11.0.100-preview.1.26104.118\Microsoft.Common.CurrentVersion.targets(5094,5): error MSB3021: Unable to copy file "D:\github\qf-apps\src\Passport\QuestFlag.Passport.Domain\bin\Debug\net10.0\QuestFlag.Passport.Domain.dll" to "bin\Debug\net10.0\QuestFlag.Passport.Domain.dll". The process cannot access the file 'D:\github\qf-apps\src\Passport\QuestFlag.Passport.Services\bin\Debug\net10.0\QuestFlag.Passport.Domain.dll' because it is being used by another process. [D:\github\qf-apps\src\Passport\QuestFlag.Passport.Services\QuestFlag.Passport.Services.csproj]
C:\Program Files\dotnet\sdk\11.0.100-preview.1.26104.118\Microsoft.Common.CurrentVersion.targets(5094,5): error MSB3027: Could not copy "D:\github\qf-apps\src\Infrastructure\QuestFlag.Infrastructure.Core\bin\Debug\net10.0\QuestFlag.Infrastructure.Core.dll" to "bin\Debug\net10.0\QuestFlag.Infrastructure.Core.dll". Exceeded retry count of 10. Failed. The file is locked by: "Microsoft Visual Studio (8508), QuestFlag.Passport.Services (5176)" [D:\github\qf-apps\src\Passport\QuestFlag.Passport.Services\QuestFlag.Passport.Services.csproj]
C:\Program Files\dotnet\sdk\11.0.100-preview.1.26104.118\Microsoft.Common.CurrentVersion.targets(5094,5): error MSB3021: Unable to copy file "D:\github\qf-apps\src\Infrastructure\QuestFlag.Infrastructure.Core\bin\Debug\net10.0\QuestFlag.Infrastructure.Core.dll" to "bin\Debug\net10.0\QuestFlag.Infrastructure.Core.dll". The process cannot access the file 'D:\github\qf-apps\src\Passport\QuestFlag.Passport.Services\bin\Debug\net10.0\QuestFlag.Infrastructure.Core.dll' because it is being used by another process. [D:\github\qf-apps\src\Passport\QuestFlag.Passport.Services\QuestFlag.Passport.Services.csproj]
C:\Program Files\dotnet\sdk\11.0.100-preview.1.26104.118\Microsoft.Common.CurrentVersion.targets(5094,5): error MSB3027: Could not copy "D:\github\qf-apps\src\Passport\QuestFlag.Passport.Core\bin\Debug\net10.0\QuestFlag.Passport.Core.dll" to "bin\Debug\net10.0\QuestFlag.Passport.Core.dll". Exceeded retry count of 10. Failed. The file is locked by: "Microsoft Visual Studio (8508), QuestFlag.Passport.Services (5176)" [D:\github\qf-apps\src\Passport\QuestFlag.Passport.Services\QuestFlag.Passport.Services.csproj]
C:\Program Files\dotnet\sdk\11.0.100-preview.1.26104.118\Microsoft.Common.CurrentVersion.targets(5094,5): error MSB3021: Unable to copy file "D:\github\qf-apps\src\Passport\QuestFlag.Passport.Core\bin\Debug\net10.0\QuestFlag.Passport.Core.dll" to "bin\Debug\net10.0\QuestFlag.Passport.Core.dll". The process cannot access the file 'D:\github\qf-apps\src\Passport\QuestFlag.Passport.Services\bin\Debug\net10.0\QuestFlag.Passport.Core.dll' because it is being used by another process. [D:\github\qf-apps\src\Passport\QuestFlag.Passport.Services\QuestFlag.Passport.Services.csproj]
C:\Program Files\dotnet\sdk\11.0.100-preview.1.26104.118\Microsoft.Common.CurrentVersion.targets(5094,5): error MSB3027: Could not copy "D:\github\qf-apps\src\Passport\QuestFlag.Passport.Application\bin\Debug\net10.0\QuestFlag.Passport.Application.dll" to "bin\Debug\net10.0\QuestFlag.Passport.Application.dll". Exceeded retry count of 10. Failed. The file is locked by: "Microsoft Visual Studio (8508), QuestFlag.Passport.Services (5176)" [D:\github\qf-apps\src\Passport\QuestFlag.Passport.Services\QuestFlag.Passport.Services.csproj]
C:\Program Files\dotnet\sdk\11.0.100-preview.1.26104.118\Microsoft.Common.CurrentVersion.targets(5094,5): error MSB3021: Unable to copy file "D:\github\qf-apps\src\Passport\QuestFlag.Passport.Application\bin\Debug\net10.0\QuestFlag.Passport.Application.dll" to "bin\Debug\net10.0\QuestFlag.Passport.Application.dll". The process cannot access the file 'D:\github\qf-apps\src\Passport\QuestFlag.Passport.Services\bin\Debug\net10.0\QuestFlag.Passport.Application.dll' because it is being used by another process. [D:\github\qf-apps\src\Passport\QuestFlag.Passport.Services\QuestFlag.Passport.Services.csproj]
    61 Warning(s)
    12 Error(s)

Time Elapsed 00:00:27.34
